Archive member included to satisfy reference by file (symbol)

/Applications/ARM/bin/../lib/gcc/arm-none-eabi/10.3.1/thumb/v7-m/nofp/libgcc.a(_arm_muldf3.o)
                              CMakeFiles/QEADynamicPlanningSTM32.elf.dir/Core/Src/motion.c.obj (__aeabi_dmul)
/Applications/ARM/bin/../lib/gcc/arm-none-eabi/10.3.1/thumb/v7-m/nofp/libgcc.a(_arm_addsubdf3.o)
                              CMakeFiles/QEADynamicPlanningSTM32.elf.dir/Core/Src/imu.c.obj (__aeabi_dsub)
/Applications/ARM/bin/../lib/gcc/arm-none-eabi/10.3.1/thumb/v7-m/nofp/libgcc.a(_arm_cmpdf2.o)
                              CMakeFiles/QEADynamicPlanningSTM32.elf.dir/Core/Src/motion.c.obj (__aeabi_dcmplt)
/Applications/ARM/bin/../lib/gcc/arm-none-eabi/10.3.1/thumb/v7-m/nofp/libgcc.a(_arm_fixunsdfsi.o)
                              CMakeFiles/QEADynamicPlanningSTM32.elf.dir/Core/Src/wheel_pwm.c.obj (__aeabi_d2uiz)
/Applications/ARM/bin/../lib/gcc/arm-none-eabi/10.3.1/../../../../arm-none-eabi/lib/thumb/v7-m/nofp/libg.a(lib_a-errno.o)
                              CMakeFiles/QEADynamicPlanningSTM32.elf.dir/Core/Src/syscalls.c.obj (__errno)
/Applications/ARM/bin/../lib/gcc/arm-none-eabi/10.3.1/../../../../arm-none-eabi/lib/thumb/v7-m/nofp/libg.a(lib_a-exit.o)
                              /Applications/ARM/bin/../lib/gcc/arm-none-eabi/10.3.1/../../../../arm-none-eabi/lib/thumb/v7-m/nofp/crt0.o (exit)
/Applications/ARM/bin/../lib/gcc/arm-none-eabi/10.3.1/../../../../arm-none-eabi/lib/thumb/v7-m/nofp/libg.a(lib_a-impure.o)
                              /Applications/ARM/bin/../lib/gcc/arm-none-eabi/10.3.1/../../../../arm-none-eabi/lib/thumb/v7-m/nofp/libg.a(lib_a-exit.o) (_global_impure_ptr)
/Applications/ARM/bin/../lib/gcc/arm-none-eabi/10.3.1/../../../../arm-none-eabi/lib/thumb/v7-m/nofp/libg.a(lib_a-init.o)
                              /Applications/ARM/bin/../lib/gcc/arm-none-eabi/10.3.1/../../../../arm-none-eabi/lib/thumb/v7-m/nofp/crt0.o (__libc_init_array)
/Applications/ARM/bin/../lib/gcc/arm-none-eabi/10.3.1/../../../../arm-none-eabi/lib/thumb/v7-m/nofp/libg.a(lib_a-memcpy.o)
                              CMakeFiles/QEADynamicPlanningSTM32.elf.dir/Core/Src/imu.c.obj (memcpy)
/Applications/ARM/bin/../lib/gcc/arm-none-eabi/10.3.1/../../../../arm-none-eabi/lib/thumb/v7-m/nofp/libg.a(lib_a-memset.o)
                              /Applications/ARM/bin/../lib/gcc/arm-none-eabi/10.3.1/../../../../arm-none-eabi/lib/thumb/v7-m/nofp/crt0.o (memset)
/Applications/ARM/bin/../lib/gcc/arm-none-eabi/10.3.1/../../../../arm-none-eabi/lib/thumb/v7-m/nofp/libg.a(lib_a-snprintf.o)
                              CMakeFiles/QEADynamicPlanningSTM32.elf.dir/Core/Src/freertos.c.obj (snprintf)
/Applications/ARM/bin/../lib/gcc/arm-none-eabi/10.3.1/../../../../arm-none-eabi/lib/thumb/v7-m/nofp/libg.a(lib_a-strlen-stub.o)
                              CMakeFiles/QEADynamicPlanningSTM32.elf.dir/Core/Src/freertos.c.obj (strlen)
/Applications/ARM/bin/../lib/gcc/arm-none-eabi/10.3.1/../../../../arm-none-eabi/lib/thumb/v7-m/nofp/libg.a(lib_a-svfprintf.o)
                              /Applications/ARM/bin/../lib/gcc/arm-none-eabi/10.3.1/../../../../arm-none-eabi/lib/thumb/v7-m/nofp/libg.a(lib_a-snprintf.o) (_svfprintf_r)
/Applications/ARM/bin/../lib/gcc/arm-none-eabi/10.3.1/../../../../arm-none-eabi/lib/thumb/v7-m/nofp/libg.a(lib_a-__call_atexit.o)
                              /Applications/ARM/bin/../lib/gcc/arm-none-eabi/10.3.1/../../../../arm-none-eabi/lib/thumb/v7-m/nofp/libg.a(lib_a-exit.o) (__call_exitprocs)
/Applications/ARM/bin/../lib/gcc/arm-none-eabi/10.3.1/../../../../arm-none-eabi/lib/thumb/v7-m/nofp/libg.a(lib_a-atexit.o)
                              /Applications/ARM/bin/../lib/gcc/arm-none-eabi/10.3.1/../../../../arm-none-eabi/lib/thumb/v7-m/nofp/libg.a(lib_a-__call_atexit.o) (atexit)
/Applications/ARM/bin/../lib/gcc/arm-none-eabi/10.3.1/../../../../arm-none-eabi/lib/thumb/v7-m/nofp/libg.a(lib_a-dtoa.o)
                              /Applications/ARM/bin/../lib/gcc/arm-none-eabi/10.3.1/../../../../arm-none-eabi/lib/thumb/v7-m/nofp/libg.a(lib_a-svfprintf.o) (_dtoa_r)
/Applications/ARM/bin/../lib/gcc/arm-none-eabi/10.3.1/../../../../arm-none-eabi/lib/thumb/v7-m/nofp/libg.a(lib_a-fini.o)
                              /Applications/ARM/bin/../lib/gcc/arm-none-eabi/10.3.1/../../../../arm-none-eabi/lib/thumb/v7-m/nofp/libg.a(lib_a-__call_atexit.o) (__libc_fini_array)
/Applications/ARM/bin/../lib/gcc/arm-none-eabi/10.3.1/../../../../arm-none-eabi/lib/thumb/v7-m/nofp/libg.a(lib_a-freer.o)
                              /Applications/ARM/bin/../lib/gcc/arm-none-eabi/10.3.1/../../../../arm-none-eabi/lib/thumb/v7-m/nofp/libg.a(lib_a-svfprintf.o) (_free_r)
/Applications/ARM/bin/../lib/gcc/arm-none-eabi/10.3.1/../../../../arm-none-eabi/lib/thumb/v7-m/nofp/libg.a(lib_a-localeconv.o)
                              /Applications/ARM/bin/../lib/gcc/arm-none-eabi/10.3.1/../../../../arm-none-eabi/lib/thumb/v7-m/nofp/libg.a(lib_a-svfprintf.o) (_localeconv_r)
[...]
Memory Configuration

Name             Origin             Length             Attributes
RAM              0x0000000020000000 0x000000000000c000 xrw
FLASH            0x0000000008000000 0x0000000000040000 xr
*default*        0x0000000000000000 0xffffffffffffffff

Linker script and memory map

LOAD /Applications/ARM/bin/../lib/gcc/arm-none-eabi/10.3.1/thumb/v7-m/nofp/crti.o
LOAD /Applications/ARM/bin/../lib/gcc/arm-none-eabi/10.3.1/thumb/v7-m/nofp/crtbegin.o
LOAD /Applications/ARM/bin/../lib/gcc/arm-none-eabi/10.3.1/../../../../arm-none-eabi/lib/thumb/v7-m/nofp/crt0.o
LOAD CMakeFiles/QEADynamicPlanningSTM32.elf.dir/Core/Src/dma.c.obj
LOAD CMakeFiles/QEADynamicPlanningSTM32.elf.dir/Core/Src/freertos.c.obj
LOAD CMakeFiles/QEADynamicPlanningSTM32.elf.dir/Core/Src/gpio.c.obj
LOAD CMakeFiles/QEADynamicPlanningSTM32.elf.dir/Core/Src/imu.c.obj
LOAD CMakeFiles/QEADynamicPlanningSTM32.elf.dir/Core/Src/main.c.obj
LOAD CMakeFiles/QEADynamicPlanningSTM32.elf.dir/Core/Src/motion.c.obj
LOAD CMakeFiles/QEADynamicPlanningSTM32.elf.dir/Core/Src/pid.c.obj
LOAD CMakeFiles/QEADynamicPlanningSTM32.elf.dir/Core/Src/stm32f1xx_hal_msp.c.obj
LOAD CMakeFiles/QEADynamicPlanningSTM32.elf.dir/Core/Src/stm32f1xx_hal_timebase_tim.c.obj
LOAD CMakeFiles/QEADynamicPlanningSTM32.elf.dir/Core/Src/stm32f1xx_it.c.obj
LOAD CMakeFiles/QEADynamicPlanningSTM32.elf.dir/Core/Src/syscalls.c.obj
LOAD CMakeFiles/QEADynamicPlanningSTM32.elf.dir/Core/Src/sysmem.c.obj
LOAD CMakeFiles/QEADynamicPlanningSTM32.elf.dir/Core/Src/system_stm32f1xx.c.obj
LOAD CMakeFiles/QEADynamicPlanningSTM32.elf.dir/Core/Src/tim.c.obj
LOAD CMakeFiles/QEADynamicPlanningSTM32.elf.dir/Core/Src/usart.c.obj
LOAD CMakeFiles/QEADynamicPlanningSTM32.elf.dir/Core/Src/wheel_pwm.c.obj
LOAD CMakeFiles/QEADynamicPlanningSTM32.elf.dir/Core/Startup/startup_stm32f103rctx.s.obj
LOAD CMakeFiles/QEADynamicPlanningSTM32.elf.dir/Drivers/STM32F1xx_HAL_Driver/Src/stm32f1xx_hal.c.obj
LOAD CMakeFiles/QEADynamicPlanningSTM32.elf.dir/Drivers/STM32F1xx_HAL_Driver/Src/stm32f1xx_hal_cortex.c.obj
LOAD CMakeFiles/QEADynamicPlanningSTM32.elf.dir/Drivers/STM32F1xx_HAL_Driver/Src/stm32f1xx_hal_dma.c.obj
LOAD CMakeFiles/QEADynamicPlanningSTM32.elf.dir/Drivers/STM32F1xx_HAL_Driver/Src/stm32f1xx_hal_exti.c.obj
LOAD CMakeFiles/QEADynamicPlanningSTM32.elf.dir/Drivers/STM32F1xx_HAL_Driver/Src/stm32f1xx_hal_flash.c.obj
LOAD CMakeFiles/QEADynamicPlanningSTM32.elf.dir/Drivers/STM32F1xx_HAL_Driver/Src/stm32f1xx_hal_flash_ex.c.obj
LOAD CMakeFiles/QEADynamicPlanningSTM32.elf.dir/Drivers/STM32F1xx_HAL_Driver/Src/stm32f1xx_hal_gpio.c.obj
LOAD CMakeFiles/QEADynamicPlanningSTM32.elf.dir/Drivers/STM32F1xx_HAL_Driver/Src/stm32f1xx_hal_gpio_ex.c.obj
LOAD CMakeFiles/QEADynamicPlanningSTM32.elf.dir/Drivers/STM32F1xx_HAL_Driver/Src/stm32f1xx_hal_pwr.c.obj
LOAD CMakeFiles/QEADynamicPlanningSTM32.elf.dir/Drivers/STM32F1xx_HAL_Driver/Src/stm32f1xx_hal_rcc.c.obj
LOAD CMakeFiles/QEADynamicPlanningSTM32.elf.dir/Drivers/STM32F1xx_HAL_Driver/Src/stm32f1xx_hal_rcc_ex.c.obj
LOAD CMakeFiles/QEADynamicPlanningSTM32.elf.dir/Drivers/STM32F1xx_HAL_Driver/Src/stm32f1xx_hal_tim.c.obj
LOAD CMakeFiles/QEADynamicPlanningSTM32.elf.dir/Drivers/STM32F1xx_HAL_Driver/Src/stm32f1xx_hal_tim_ex.c.obj
LOAD CMakeFiles/QEADynamicPlanningSTM32.elf.dir/Drivers/STM32F1xx_HAL_Driver/Src/stm32f1xx_hal_uart.c.obj
LOAD CMakeFiles/QEADynamicPlanningSTM32.elf.dir/Middlewares/Third_Party/FreeRTOS/Source/CMSIS_RTOS_V2/cmsis_os2.c.obj
LOAD CMakeFiles/QEADynamicPlanningSTM32.elf.dir/Middlewares/Third_Party/FreeRTOS/Source/croutine.c.obj
LOAD CMakeFiles/QEADynamicPlanningSTM32.elf.dir/Middlewares/Third_Party/FreeRTOS/Source/event_groups.c.obj
LOAD CMakeFiles/QEADynamicPlanningSTM32.elf.dir/Middlewares/Third_Party/FreeRTOS/Source/list.c.obj
LOAD CMakeFiles/QEADynamicPlanningSTM32.elf.dir/Middlewares/Third_Party/FreeRTOS/Source/portable/GCC/ARM_CM3/port.c.obj
LOAD CMakeFiles/QEADynamicPlanningSTM32.elf.dir/Middlewares/Third_Party/FreeRTOS/Source/portable/MemMang/heap_4.c.obj
LOAD CMakeFiles/QEADynamicPlanningSTM32.elf.dir/Middlewares/Third_Party/FreeRTOS/Source/queue.c.obj
LOAD CMakeFiles/QEADynamicPlanningSTM32.elf.dir/Middlewares/Third_Party/FreeRTOS/Source/stream_buffer.c.obj
LOAD CMakeFiles/QEADynamicPlanningSTM32.elf.dir/Middlewares/Third_Party/FreeRTOS/Source/tasks.c.obj
LOAD CMakeFiles/QEADynamicPlanningSTM32.elf.dir/Middlewares/Third_Party/FreeRTOS/Source/timers.c.obj
START GROUP
LOAD /Applications/ARM/bin/../lib/gcc/arm-none-eabi/10.3.1/thumb/v7-m/nofp/libgcc.a
LOAD /Applications/ARM/bin/../lib/gcc/arm-none-eabi/10.3.1/../../../../arm-none-eabi/lib/thumb/v7-m/nofp/libg.a
LOAD /Applications/ARM/bin/../lib/gcc/arm-none-eabi/10.3.1/../../../../arm-none-eabi/lib/thumb/v7-m/nofp/libc.a
END GROUP
LOAD /Applications/ARM/bin/../lib/gcc/arm-none-eabi/10.3.1/thumb/v7-m/nofp/crtend.o
LOAD /Applications/ARM/bin/../lib/gcc/arm-none-eabi/10.3.1/thumb/v7-m/nofp/crtn.o
                0x000000002000c000                _estack = (ORIGIN (RAM) + LENGTH (RAM))
                0x0000000000000200                _Min_Heap_Size = 0x200
                0x0000000000000400                _Min_Stack_Size = 0x400

.isr_vector     0x0000000008000000      0x1e4
                0x0000000008000000                . = ALIGN (0x4)
 *(.isr_vector)
 .isr_vector    0x0000000008000000      0x1e4 CMakeFiles/QEADynamicPlanningSTM32.elf.dir/Core/Startup/startup_stm32f103rctx.s.obj
                0x0000000008000000                g_pfnVectors
                0x00000000080001e4                . = ALIGN (0x4)

.text           0x00000000080001f0     0xc0e4
                0x00000000080001f0                . = ALIGN (0x4)
 *(.text)
 .text          0x00000000080001f0       0x40 /Applications/ARM/bin/../lib/gcc/arm-none-eabi/10.3.1/thumb/v7-m/nofp/crtbegin.o
 .text          0x0000000008000230      0x378 /Applications/ARM/bin/../lib/gcc/arm-none-eabi/10.3.1/thumb/v7-m/nofp/libgcc.a(_arm_addsubdf3.o)
                0x0000000008000230                __aeabi_drsub
                0x0000000008000238                __subdf3
                0x0000000008000238                __aeabi_dsub
                0x000000000800023c                __aeabi_dadd
                0x000000000800023c                __adddf3
                0x00000000080004b4                __aeabi_ui2d
                0x00000000080004b4                __floatunsidf
                0x00000000080004d4                __floatsidf
                0x00000000080004d4                __aeabi_i2d
                0x00000000080004f8                __extendsfdf2
                0x00000000080004f8                __aeabi_f2d
                0x000000000800053c                __aeabi_ul2d
                0x000000000800053c                __floatundidf
                0x000000000800054c                __aeabi_l2d
                0x000000000800054c                __floatdidf
 .text          0x00000000080005a8      0x110 /Applications/ARM/bin/../lib/gcc/arm-none-eabi/10.3.1/thumb/v7-m/nofp/libgcc.a(_arm_cmpdf2.o)
                0x00000000080005a8                __gedf2
                0x00000000080005a8                __gtdf2
                0x00000000080005b0                __ledf2
                0x00000000080005b0                __ltdf2
                0x00000000080005b8                __cmpdf2
                0x00000000080005b8                __eqdf2
                0x00000000080005b8                __nedf2
                0x0000000008000634                __aeabi_cdrcmple
                0x0000000008000644                __aeabi_cdcmple
                0x0000000008000644                __aeabi_cdcmpeq
                0x0000000008000654                __aeabi_dcmpeq
                0x0000000008000668                __aeabi_dcmplt
                0x000000000800067c                __aeabi_dcmple
                0x0000000008000690                __aeabi_dcmpge
                0x00000000080006a4                __aeabi_dcmpgt
 .text          0x00000000080006b8       0x40 /Applications/ARM/bin/../lib/gcc/arm-none-eabi/10.3.1/thumb/v7-m/nofp/libgcc.a(_arm_fixunsdfsi.o)
                0x00000000080006b8                __fixunsdfsi
                0x00000000080006b8                __aeabi_d2uiz
 .text          0x00000000080006f8       0xec /Applications/ARM/bin/../lib/gcc/arm-none-eabi/10.3.1/../../../../arm-none-eabi/lib/thumb/v7-m/nofp/libg.a(lib_a-memcpy.o)
                0x00000000080006f8                memcpy
 .text          0x00000000080007e4      0x424 /Applications/ARM/bin/../lib/gcc/arm-none-eabi/10.3.1/thumb/v7-m/nofp/libgcc.a(_arm_muldivdf3.o)
                0x00000000080007e4                __aeabi_dmul
                0x00000000080007e4                __muldf3
                0x0000000008000a38                __aeabi_ddiv
                0x0000000008000a38                __divdf3
 .text          0x0000000008000c08       0x2c /Applications/ARM/bin/../lib/gcc/arm-none-eabi/10.3.1/thumb/v7-m/nofp/libgcc.a(_arm_unorddf2.o)
                0x0000000008000c08                __aeabi_dcmpun
                0x0000000008000c08                __unorddf2
 .text          0x0000000008000c34       0x50 /Applications/ARM/bin/../lib/gcc/arm-none-eabi/10.3.1/thumb/v7-m/nofp/libgcc.a(_arm_fixdfsi.o)
                0x0000000008000c34                __fixdfsi
                0x0000000008000c34                __aeabi_d2iz
 .text          0x0000000008000c84       0x30 /Applications/ARM/bin/../lib/gcc/arm-none-eabi/10.3.1/thumb/v7-m/nofp/libgcc.a(_aeabi_uldivmod.o)
                0x0000000008000c84                __aeabi_uldivmod
 .text          0x0000000008000cb4      0x2d4 /Applications/ARM/bin/../lib/gcc/arm-none-eabi/10.3.1/thumb/v7-m/nofp/libgcc.a(_udivmoddi4.o)
                0x0000000008000cb4                __udivmoddi4
 .text          0x0000000008000f88        0x4 /Applications/ARM/bin/../lib/gcc/arm-none-eabi/10.3.1/thumb/v7-m/nofp/libgcc.a(_dvmd_tls.o)
                0x0000000008000f88                __aeabi_ldiv0
                0x0000000008000f88                __aeabi_idiv0
 *(.text*)
 .text.MX_DMA_Init
                0x0000000008000f8c       0x44 CMakeFiles/QEADynamicPlanningSTM32.elf.dir/Core/Src/dma.c.obj
                0x0000000008000f8c                MX_DMA_Init
 .text.StartDefaultTask
                0x0000000008000fd0       0x5c CMakeFiles/QEADynamicPlanningSTM32.elf.dir/Core/Src/freertos.c.obj
                0x0000000008000fd0                StartDefaultTask
 .text.IMUDecoder
                0x000000000800102c       0x60 CMakeFiles/QEADynamicPlanningSTM32.elf.dir/Core/Src/freertos.c.obj
                0x000000000800102c                IMUDecoder
 *fill*         0x000000000800108c        0x4 
 .text.RobotController
                0x0000000008001090       0x58 CMakeFiles/QEADynamicPlanningSTM32.elf.dir/Core/Src/freertos.c.obj
                0x0000000008001090                RobotController
 .text.MX_FREERTOS_Init
                0x00000000080010e8       0x54 CMakeFiles/QEADynamicPlanningSTM32.elf.dir/Core/Src/freertos.c.obj
                0x00000000080010e8                MX_FREERTOS_Init
 .text.MX_GPIO_Init
                0x000000000800113c       0x54 CMakeFiles/QEADynamicPlanningSTM32.elf.dir/Core/Src/gpio.c.obj
                0x000000000800113c                MX_GPIO_Init
 .text.CRC8_Table
                0x0000000008001190       0x20 CMakeFiles/QEADynamicPlanningSTM32.elf.dir/Core/Src/imu.c.obj
                0x0000000008001190                CRC8_Table
 .text.CRC16_Table
                0x00000000080011b0       0x30 CMakeFiles/QEADynamicPlanningSTM32.elf.dir/Core/Src/imu.c.obj
                0x00000000080011b0                CRC16_Table
 .text.IMU_RxHalfCpltCallback
                0x00000000080011e0       0x4c CMakeFiles/QEADynamicPlanningSTM32.elf.dir/Core/Src/imu.c.obj
                0x00000000080011e0                IMU_RxHalfCpltCallback
 .text.IMU_RxCpltCallback
                0x000000000800122c       0x4c CMakeFiles/QEADynamicPlanningSTM32.elf.dir/Core/Src/imu.c.obj
                0x000000000800122c                IMU_RxCpltCallback
 .text.HandleIMUPackage
                0x0000000008001278       0x54 CMakeFiles/QEADynamicPlanningSTM32.elf.dir/Core/Src/imu.c.obj
                0x0000000008001278                HandleIMUPackage
 .text.DecodeIMUPackage
                0x00000000080012cc      0x124 CMakeFiles/QEADynamicPlanningSTM32.elf.dir/Core/Src/imu.c.obj
                0x00000000080012cc                DecodeIMUPackage
 .text.HAL_UART_RxHalfCpltCallback
                0x00000000080013f0       0x18 CMakeFiles/QEADynamicPlanningSTM32.elf.dir/Core/Src/main.c.obj
                0x00000000080013f0                HAL_UART_RxHalfCpltCallback
 .text.HAL_UART_RxCpltCallback
                0x0000000008001408       0x18 CMakeFiles/QEADynamicPlanningSTM32.elf.dir/Core/Src/main.c.obj
                0x0000000008001408                HAL_UART_RxCpltCallback
 .text.HAL_TIM_PeriodElapsedCallback
                0x0000000008001420       0x2c CMakeFiles/QEADynamicPlanningSTM32.elf.dir/Core/Src/main.c.obj
                0x0000000008001420                HAL_TIM_PeriodElapsedCallback
 .text.Error_Handler
                0x000000000800144c        0x4 CMakeFiles/QEADynamicPlanningSTM32.elf.dir/Core/Src/main.c.obj
                0x000000000800144c                Error_Handler
 .text.SystemClock_Config
                0x0000000008001450       0x64 CMakeFiles/QEADynamicPlanningSTM32.elf.dir/Core/Src/main.c.obj
                0x0000000008001450                SystemClock_Config
 .text.main     0x00000000080014b4       0x84 CMakeFiles/QEADynamicPlanningSTM32.elf.dir/Core/Src/main.c.obj
                0x00000000080014b4                main
 .text.ClearSpeed
                0x0000000008001538       0x14 CMakeFiles/QEADynamicPlanningSTM32.elf.dir/Core/Src/motion.c.obj
                0x0000000008001538                ClearSpeed
 .text.CommitSpeed
                0x000000000800154c       0x2c CMakeFiles/QEADynamicPlanningSTM32.elf.dir/Core/Src/motion.c.obj
                0x000000000800154c                CommitSpeed
 .text.MoveForwardWithDis
                0x0000000008001578      0x148 CMakeFiles/QEADynamicPlanningSTM32.elf.dir/Core/Src/motion.c.obj
                0x0000000008001578                MoveForwardWithDis
 .text.MoveBackwardWithDis
                0x00000000080016c0        0xe CMakeFiles/QEADynamicPlanningSTM32.elf.dir/Core/Src/motion.c.obj
                0x00000000080016c0                MoveBackwardWithDis
 .text.CreatePID
                0x00000000080016ce       0x52 CMakeFiles/QEADynamicPlanningSTM32.elf.dir/Core/Src/pid.c.obj
                0x00000000080016ce                CreatePID
 .text.PosTick  0x0000000008001720       0xc6 CMakeFiles/QEADynamicPlanningSTM32.elf.dir/Core/Src/pid.c.obj
                0x0000000008001720                PosTick
 .text.IncTick  0x00000000080017e6       0xe6 CMakeFiles/QEADynamicPlanningSTM32.elf.dir/Core/Src/pid.c.obj
                0x00000000080017e6                IncTick
 .text.PIDTick  0x00000000080018cc       0x28 CMakeFiles/QEADynamicPlanningSTM32.elf.dir/Core/Src/pid.c.obj
                0x00000000080018cc                PIDTick
 .text.HAL_MspInit
                0x00000000080018f4       0x54 CMakeFiles/QEADynamicPlanningSTM32.elf.dir/Core/Src/stm32f1xx_hal_msp.c.obj
                0x00000000080018f4                HAL_MspInit
 .text.HAL_InitTick
                0x0000000008001948       0x7c CMakeFiles/QEADynamicPlanningSTM32.elf.dir/Core/Src/stm32f1xx_hal_timebase_tim.c.obj
                0x0000000008001948                HAL_InitTick
 .text.NMI_Handler
                0x00000000080019c4        0x2 CMakeFiles/QEADynamicPlanningSTM32.elf.dir/Core/Src/stm32f1xx_it.c.obj
                0x00000000080019c4                NMI_Handler
 .text.HardFault_Handler
                0x00000000080019c6        0x2 CMakeFiles/QEADynamicPlanningSTM32.elf.dir/Core/Src/stm32f1xx_it.c.obj
                0x00000000080019c6                HardFault_Handler
 .text.MemManage_Handler
                0x00000000080019c8        0x2 CMakeFiles/QEADynamicPlanningSTM32.elf.dir/Core/Src/stm32f1xx_it.c.obj
                0x00000000080019c8                MemManage_Handler
 .text.BusFault_Handler
                0x00000000080019ca        0x2 CMakeFiles/QEADynamicPlanningSTM32.elf.dir/Core/Src/stm32f1xx_it.c.obj
                0x00000000080019ca                BusFault_Handler
 .text.UsageFault_Handler
                0x00000000080019cc        0x2 CMakeFiles/QEADynamicPlanningSTM32.elf.dir/Core/Src/stm32f1xx_it.c.obj
                0x00000000080019cc                UsageFault_Handler
 .text.DebugMon_Handler
                0x00000000080019ce        0x2 CMakeFiles/QEADynamicPlanningSTM32.elf.dir/Core/Src/stm32f1xx_it.c.obj
                0x00000000080019ce                DebugMon_Handler
 .text.DMA1_Channel5_IRQHandler
                0x00000000080019d0       0x10 CMakeFiles/QEADynamicPlanningSTM32.elf.dir/Core/Src/stm32f1xx_it.c.obj
                0x00000000080019d0                DMA1_Channel5_IRQHandler
 .text.DMA1_Channel6_IRQHandler
                0x00000000080019e0       0x10 CMakeFiles/QEADynamicPlanningSTM32.elf.dir/Core/Src/stm32f1xx_it.c.obj
                0x00000000080019e0                DMA1_Channel6_IRQHandler
 .text.USART1_IRQHandler
                0x00000000080019f0       0x10 CMakeFiles/QEADynamicPlanningSTM32.elf.dir/Core/Src/stm32f1xx_it.c.obj
                0x00000000080019f0                USART1_IRQHandler
 .text.TIM6_IRQHandler
                0x0000000008001a00       0x10 CMakeFiles/QEADynamicPlanningSTM32.elf.dir/Core/Src/stm32f1xx_it.c.obj
                0x0000000008001a00                TIM6_IRQHandler
 .text.TIM7_IRQHandler
                0x0000000008001a10       0x10 CMakeFiles/QEADynamicPlanningSTM32.elf.dir/Core/Src/stm32f1xx_it.c.obj
                0x0000000008001a10                TIM7_IRQHandler
 .text._getpid  0x0000000008001a20        0x4 CMakeFiles/QEADynamicPlanningSTM32.elf.dir/Core/Src/syscalls.c.obj
                0x0000000008001a20                _getpid
 .text._kill    0x0000000008001a24       0x10 CMakeFiles/QEADynamicPlanningSTM32.elf.dir/Core/Src/syscalls.c.obj
                0x0000000008001a24                _kill
 .text._exit    0x0000000008001a34        0xc CMakeFiles/QEADynamicPlanningSTM32.elf.dir/Core/Src/syscalls.c.obj
                0x0000000008001a34                _exit
 .text._read    0x0000000008001a40       0x20 CMakeFiles/QEADynamicPlanningSTM32.elf.dir/Core/Src/syscalls.c.obj
                0x0000000008001a40                _read
 .text._write   0x0000000008001a60       0x1c CMakeFiles/QEADynamicPlanningSTM32.elf.dir/Core/Src/syscalls.c.obj
                0x0000000008001a60                _write
 .text._close   0x0000000008001a7c        0x6 CMakeFiles/QEADynamicPlanningSTM32.elf.dir/Core/Src/syscalls.c.obj
                0x0000000008001a7c                _close
 .text._fstat   0x0000000008001a82        0xa CMakeFiles/QEADynamicPlanningSTM32.elf.dir/Core/Src/syscalls.c.obj
                0x0000000008001a82                _fstat
 .text._isatty  0x0000000008001a8c        0x4 CMakeFiles/QEADynamicPlanningSTM32.elf.dir/Core/Src/syscalls.c.obj
                0x0000000008001a8c                _isatty
 .text._lseek   0x0000000008001a90        0x4 CMakeFiles/QEADynamicPlanningSTM32.elf.dir/Core/Src/syscalls.c.obj
                0x0000000008001a90                _lseek
 .text._sbrk    0x0000000008001a94       0x48 CMakeFiles/QEADynamicPlanningSTM32.elf.dir/Core/Src/sysmem.c.obj
                0x0000000008001a94                _sbrk
 .text.SystemInit
                0x0000000008001adc        0x2 CMakeFiles/QEADynamicPlanningSTM32.elf.dir/Core/Src/system_stm32f1xx.c.obj
                0x0000000008001adc                SystemInit
 *fill*         0x0000000008001ade        0x2 
 .text.MX_TIM4_Init
                0x0000000008001ae0       0x64 CMakeFiles/QEADynamicPlanningSTM32.elf.dir/Core/Src/tim.c.obj
                0x0000000008001ae0                MX_TIM4_Init
 .text.MX_TIM7_Init
                0x0000000008001b44       0x50 CMakeFiles/QEADynamicPlanningSTM32.elf.dir/Core/Src/tim.c.obj
                0x0000000008001b44                MX_TIM7_Init
 .text.MX_TIM8_Init
                0x0000000008001b94       0x68 CMakeFiles/QEADynamicPlanningSTM32.elf.dir/Core/Src/tim.c.obj
                0x0000000008001b94                MX_TIM8_Init
 .text.HAL_TIM_Base_MspInit
                0x0000000008001bfc       0x60 CMakeFiles/QEADynamicPlanningSTM32.elf.dir/Core/Src/tim.c.obj
                0x0000000008001bfc                HAL_TIM_Base_MspInit
 .text.HAL_TIM_Encoder_MspInit
                0x0000000008001c5c       0xa0 CMakeFiles/QEADynamicPlanningSTM32.elf.dir/Core/Src/tim.c.obj
                0x0000000008001c5c                HAL_TIM_Encoder_MspInit
 .text.HAL_TIM_MspPostInit
                0x0000000008001cfc       0x74 CMakeFiles/QEADynamicPlanningSTM32.elf.dir/Core/Src/tim.c.obj
                0x0000000008001cfc                HAL_TIM_MspPostInit
 .text.MX_TIM3_Init
                0x0000000008001d70       0xec CMakeFiles/QEADynamicPlanningSTM32.elf.dir/Core/Src/tim.c.obj
                0x0000000008001d70                MX_TIM3_Init
 .text.MX_USART1_UART_Init
                0x0000000008001e5c       0x34 CMakeFiles/QEADynamicPlanningSTM32.elf.dir/Core/Src/usart.c.obj
                0x0000000008001e5c                MX_USART1_UART_Init
 .text.MX_USART2_UART_Init
                0x0000000008001e90       0x34 CMakeFiles/QEADynamicPlanningSTM32.elf.dir/Core/Src/usart.c.obj
                0x0000000008001e90                MX_USART2_UART_Init
 .text.HAL_UART_MspInit
                0x0000000008001ec4      0x14c CMakeFiles/QEADynamicPlanningSTM32.elf.dir/Core/Src/usart.c.obj
                0x0000000008001ec4                HAL_UART_MspInit
 .text.Wheel_PID_Init
                0x0000000008002010       0x74 CMakeFiles/QEADynamicPlanningSTM32.elf.dir/Core/Src/wheel_pwm.c.obj
                0x0000000008002010                Wheel_PID_Init
 .text.Wheel_PID_Tick
                0x0000000008002084      0x134 CMakeFiles/QEADynamicPlanningSTM32.elf.dir/Core/Src/wheel_pwm.c.obj
                0x0000000008002084                Wheel_PID_Tick
 .text.Reset_Handler
                0x00000000080021b8       0x48 CMakeFiles/QEADynamicPlanningSTM32.elf.dir/Core/Startup/startup_stm32f103rctx.s.obj
                0x00000000080021b8                Reset_Handler
 .text.Default_Handler
                0x0000000008002200        0x2 CMakeFiles/QEADynamicPlanningSTM32.elf.dir/Core/Startup/startup_stm32f103rctx.s.obj
                0x0000000008002200                DMA2_Channel3_IRQHandler
                0x0000000008002200                EXTI2_IRQHandler
                0x0000000008002200                TIM8_TRG_COM_IRQHandler
                0x0000000008002200                TIM8_CC_IRQHandler
                0x0000000008002200                TIM1_CC_IRQHandler
                0x0000000008002200                PVD_IRQHandler
                0x0000000008002200                SDIO_IRQHandler
                0x0000000008002200                EXTI3_IRQHandler
                0x0000000008002200                EXTI0_IRQHandler
                0x0000000008002200                I2C2_EV_IRQHandler
                0x0000000008002200                ADC1_2_IRQHandler
                0x0000000008002200                SPI1_IRQHandler
                0x0000000008002200                TAMPER_IRQHandler
                0x0000000008002200                TIM8_UP_IRQHandler
                0x0000000008002200                DMA2_Channel2_IRQHandler
                0x0000000008002200                DMA1_Channel4_IRQHandler
                0x0000000008002200                USART3_IRQHandler
                0x0000000008002200                RTC_IRQHandler
                0x0000000008002200                DMA1_Channel7_IRQHandler
                0x0000000008002200                CAN1_RX1_IRQHandler
                0x0000000008002200                UART5_IRQHandler
                0x0000000008002200                ADC3_IRQHandler
                0x0000000008002200                TIM4_IRQHandler
                0x0000000008002200                DMA2_Channel1_IRQHandler
                0x0000000008002200                I2C1_EV_IRQHandler
                0x0000000008002200                UART4_IRQHandler
                0x0000000008002200                TIM3_IRQHandler
                0x0000000008002200                RCC_IRQHandler
                0x0000000008002200                TIM1_TRG_COM_IRQHandler
                0x0000000008002200                DMA1_Channel1_IRQHandler
                0x0000000008002200                Default_Handler
                0x0000000008002200                EXTI15_10_IRQHandler
                0x0000000008002200                TIM5_IRQHandler
                0x0000000008002200                EXTI9_5_IRQHandler
                0x0000000008002200                SPI2_IRQHandler
                0x0000000008002200                EXTI4_IRQHandler
                0x0000000008002200                USB_LP_CAN1_RX0_IRQHandler
                0x0000000008002200                USB_HP_CAN1_TX_IRQHandler
                0x0000000008002200                DMA1_Channel3_IRQHandler
                0x0000000008002200                FSMC_IRQHandler
                0x0000000008002200                TIM1_UP_IRQHandler
                0x0000000008002200                WWDG_IRQHandler
                0x0000000008002200                TIM2_IRQHandler
                0x0000000008002200                TIM1_BRK_IRQHandler
                0x0000000008002200                EXTI1_IRQHandler
                0x0000000008002200                DMA2_Channel4_5_IRQHandler
                0x0000000008002200                USART2_IRQHandler
                0x0000000008002200                I2C2_ER_IRQHandler
                0x0000000008002200                DMA1_Channel2_IRQHandler
                0x0000000008002200                TIM8_BRK_IRQHandler
                0x0000000008002200                CAN1_SCE_IRQHandler
                0x0000000008002200                FLASH_IRQHandler
                0x0000000008002200                SPI3_IRQHandler
                0x0000000008002200                I2C1_ER_IRQHandler
                0x0000000008002200                USBWakeUp_IRQHandler
                0x0000000008002200                RTC_Alarm_IRQHandler
 *fill*         0x0000000008002202        0x2 
 .text.HAL_Init
                0x0000000008002204       0x24 CMakeFiles/QEADynamicPlanningSTM32.elf.dir/Drivers/STM32F1xx_HAL_Driver/Src/stm32f1xx_hal.c.obj
                0x0000000008002204                HAL_Init
 .text.HAL_IncTick
                0x0000000008002228       0x18 CMakeFiles/QEADynamicPlanningSTM32.elf.dir/Drivers/STM32F1xx_HAL_Driver/Src/stm32f1xx_hal.c.obj
                0x0000000008002228                HAL_IncTick
 .text.HAL_GetTick
                0x0000000008002240        0xc CMakeFiles/QEADynamicPlanningSTM32.elf.dir/Drivers/STM32F1xx_HAL_Driver/Src/stm32f1xx_hal.c.obj
                0x0000000008002240                HAL_GetTick
 .text.HAL_NVIC_SetPriorityGrouping
                0x000000000800224c       0x24 CMakeFiles/QEADynamicPlanningSTM32.elf.dir/Drivers/STM32F1xx_HAL_Driver/Src/stm32f1xx_hal_cortex.c.obj
                0x000000000800224c                HAL_NVIC_SetPriorityGrouping
 .text.HAL_NVIC_SetPriority
                0x0000000008002270       0x70 CMakeFiles/QEADynamicPlanningSTM32.elf.dir/Drivers/STM32F1xx_HAL_Driver/Src/stm32f1xx_hal_cortex.c.obj
                0x0000000008002270                HAL_NVIC_SetPriority
 .text.HAL_NVIC_EnableIRQ
                0x00000000080022e0       0x1c CMakeFiles/QEADynamicPlanningSTM32.elf.dir/Drivers/STM32F1xx_HAL_Driver/Src/stm32f1xx_hal_cortex.c.obj
                0x00000000080022e0                HAL_NVIC_EnableIRQ
 .text.DMA_SetConfig
                0x00000000080022fc       0x2c CMakeFiles/QEADynamicPlanningSTM32.elf.dir/Drivers/STM32F1xx_HAL_Driver/Src/stm32f1xx_hal_dma.c.obj
 .text.HAL_DMA_Init
                0x0000000008002328       0x98 CMakeFiles/QEADynamicPlanningSTM32.elf.dir/Drivers/STM32F1xx_HAL_Driver/Src/stm32f1xx_hal_dma.c.obj
                0x0000000008002328                HAL_DMA_Init
 .text.HAL_DMA_Start_IT
                0x00000000080023c0       0x76 CMakeFiles/QEADynamicPlanningSTM32.elf.dir/Drivers/STM32F1xx_HAL_Driver/Src/stm32f1xx_hal_dma.c.obj
                0x00000000080023c0                HAL_DMA_Start_IT
 .text.HAL_DMA_Abort
                0x0000000008002436       0x46 CMakeFiles/QEADynamicPlanningSTM32.elf.dir/Drivers/STM32F1xx_HAL_Driver/Src/stm32f1xx_hal_dma.c.obj
                0x0000000008002436                HAL_DMA_Abort
 .text.HAL_DMA_Abort_IT
                0x000000000800247c      0x16c CMakeFiles/QEADynamicPlanningSTM32.elf.dir/Drivers/STM32F1xx_HAL_Driver/Src/stm32f1xx_hal_dma.c.obj
                0x000000000800247c                HAL_DMA_Abort_IT
 .text.HAL_DMA_IRQHandler
                0x00000000080025e8      0x2ec CMakeFiles/QEADynamicPlanningSTM32.elf.dir/Drivers/STM32F1xx_HAL_Driver/Src/stm32f1xx_hal_dma.c.obj
                0x00000000080025e8                HAL_DMA_IRQHandler
 .text.HAL_GPIO_Init
                0x00000000080028d4      0x240 CMakeFiles/QEADynamicPlanningSTM32.elf.dir/Drivers/STM32F1xx_HAL_Driver/Src/stm32f1xx_hal_gpio.c.obj
                0x00000000080028d4                HAL_GPIO_Init
 .text.RCC_Delay
                0x0000000008002b14       0x2c CMakeFiles/QEADynamicPlanningSTM32.elf.dir/Drivers/STM32F1xx_HAL_Driver/Src/stm32f1xx_hal_rcc.c.obj
 .text.HAL_RCC_OscConfig
                0x0000000008002b40      0x410 CMakeFiles/QEADynamicPlanningSTM32.elf.dir/Drivers/STM32F1xx_HAL_Driver/Src/stm32f1xx_hal_rcc.c.obj
                0x0000000008002b40                HAL_RCC_OscConfig
 .text.HAL_RCC_GetSysClockFreq
                0x0000000008002f50       0x54 CMakeFiles/QEADynamicPlanningSTM32.elf.dir/Drivers/STM32F1xx_HAL_Driver/Src/stm32f1xx_hal_rcc.c.obj
                0x0000000008002f50                HAL_RCC_GetSysClockFreq
 .text.HAL_RCC_ClockConfig
                0x0000000008002fa4      0x16c CMakeFiles/QEADynamicPlanningSTM32.elf.dir/Drivers/STM32F1xx_HAL_Driver/Src/stm32f1xx_hal_rcc.c.obj
                0x0000000008002fa4                HAL_RCC_ClockConfig
 .text.HAL_RCC_GetHCLKFreq
                0x0000000008003110        0xc CMakeFiles/QEADynamicPlanningSTM32.elf.dir/Drivers/STM32F1xx_HAL_Driver/Src/stm32f1xx_hal_rcc.c.obj
                0x0000000008003110                HAL_RCC_GetHCLKFreq
 .text.HAL_RCC_GetPCLK1Freq
                0x000000000800311c       0x20 CMakeFiles/QEADynamicPlanningSTM32.elf.dir/Drivers/STM32F1xx_HAL_Driver/Src/stm32f1xx_hal_rcc.c.obj
                0x000000000800311c                HAL_RCC_GetPCLK1Freq
 .text.HAL_RCC_GetPCLK2Freq
                0x000000000800313c       0x20 CMakeFiles/QEADynamicPlanningSTM32.elf.dir/Drivers/STM32F1xx_HAL_Driver/Src/stm32f1xx_hal_rcc.c.obj
                0x000000000800313c                HAL_RCC_GetPCLK2Freq
 .text.HAL_RCC_GetClockConfig
                0x000000000800315c       0x3c CMakeFiles/QEADynamicPlanningSTM32.elf.dir/Drivers/STM32F1xx_HAL_Driver/Src/stm32f1xx_hal_rcc.c.obj
                0x000000000800315c                HAL_RCC_GetClockConfig
 .text.TIM_OC1_SetConfig
                0x0000000008003198       0x68 CMakeFiles/QEADynamicPlanningSTM32.elf.dir/Drivers/STM32F1xx_HAL_Driver/Src/stm32f1xx_hal_tim.c.obj
 .text.TIM_OC3_SetConfig
                0x0000000008003200       0x70 CMakeFiles/QEADynamicPlanningSTM32.elf.dir/Drivers/STM32F1xx_HAL_Driver/Src/stm32f1xx_hal_tim.c.obj
 .text.TIM_OC4_SetConfig
                0x0000000008003270       0x50 CMakeFiles/QEADynamicPlanningSTM32.elf.dir/Drivers/STM32F1xx_HAL_Driver/Src/stm32f1xx_hal_tim.c.obj
 .text.TIM_TI1_ConfigInputStage
                0x00000000080032c0       0x24 CMakeFiles/QEADynamicPlanningSTM32.elf.dir/Drivers/STM32F1xx_HAL_Driver/Src/stm32f1xx_hal_tim.c.obj
 .text.TIM_TI2_ConfigInputStage
                0x00000000080032e4       0x26 CMakeFiles/QEADynamicPlanningSTM32.elf.dir/Drivers/STM32F1xx_HAL_Driver/Src/stm32f1xx_hal_tim.c.obj
 .text.TIM_ITRx_SetConfig
                0x000000000800330a       0x10 CMakeFiles/QEADynamicPlanningSTM32.elf.dir/Drivers/STM32F1xx_HAL_Driver/Src/stm32f1xx_hal_tim.c.obj
 *fill*         0x000000000800331a        0x2 
 .text.HAL_TIM_Base_Start_IT
                0x000000000800331c       0x78 CMakeFiles/QEADynamicPlanningSTM32.elf.dir/Drivers/STM32F1xx_HAL_Driver/Src/stm32f1xx_hal_tim.c.obj
                0x000000000800331c                HAL_TIM_Base_Start_IT
 .text.HAL_TIM_PWM_MspInit
                0x0000000008003394        0x2 CMakeFiles/QEADynamicPlanningSTM32.elf.dir/Drivers/STM32F1xx_HAL_Driver/Src/stm32f1xx_hal_tim.c.obj
                0x0000000008003394                HAL_TIM_PWM_MspInit
 .text.HAL_TIM_OC_DelayElapsedCallback
                0x0000000008003396        0x2 CMakeFiles/QEADynamicPlanningSTM32.elf.dir/Drivers/STM32F1xx_HAL_Driver/Src/stm32f1xx_hal_tim.c.obj
                0x0000000008003396                HAL_TIM_OC_DelayElapsedCallback
 .text.HAL_TIM_IC_CaptureCallback
                0x0000000008003398        0x2 CMakeFiles/QEADynamicPlanningSTM32.elf.dir/Drivers/STM32F1xx_HAL_Driver/Src/stm32f1xx_hal_tim.c.obj
                0x0000000008003398                HAL_TIM_IC_CaptureCallback
 .text.HAL_TIM_PWM_PulseFinishedCallback
                0x000000000800339a        0x2 CMakeFiles/QEADynamicPlanningSTM32.elf.dir/Drivers/STM32F1xx_HAL_Driver/Src/stm32f1xx_hal_tim.c.obj
                0x000000000800339a                HAL_TIM_PWM_PulseFinishedCallback
 .text.HAL_TIM_TriggerCallback
                0x000000000800339c        0x2 CMakeFiles/QEADynamicPlanningSTM32.elf.dir/Drivers/STM32F1xx_HAL_Driver/Src/stm32f1xx_hal_tim.c.obj
                0x000000000800339c                HAL_TIM_TriggerCallback
 .text.HAL_TIM_IRQHandler
                0x000000000800339e      0x17a CMakeFiles/QEADynamicPlanningSTM32.elf.dir/Drivers/STM32F1xx_HAL_Driver/Src/stm32f1xx_hal_tim.c.obj
                0x000000000800339e                HAL_TIM_IRQHandler
 .text.TIM_Base_SetConfig
                0x0000000008003518       0x98 CMakeFiles/QEADynamicPlanningSTM32.elf.dir/Drivers/STM32F1xx_HAL_Driver/Src/stm32f1xx_hal_tim.c.obj
                0x0000000008003518                TIM_Base_SetConfig
 .text.HAL_TIM_Base_Init
                0x00000000080035b0       0x58 CMakeFiles/QEADynamicPlanningSTM32.elf.dir/Drivers/STM32F1xx_HAL_Driver/Src/stm32f1xx_hal_tim.c.obj
                0x00000000080035b0                HAL_TIM_Base_Init
 .text.HAL_TIM_PWM_Init
                0x0000000008003608       0x58 CMakeFiles/QEADynamicPlanningSTM32.elf.dir/Drivers/STM32F1xx_HAL_Driver/Src/stm32f1xx_hal_tim.c.obj
                0x0000000008003608                HAL_TIM_PWM_Init
 .text.HAL_TIM_Encoder_Init
                0x0000000008003660       0xb8 CMakeFiles/QEADynamicPlanningSTM32.elf.dir/Drivers/STM32F1xx_HAL_Driver/Src/stm32f1xx_hal_tim.c.obj
                0x0000000008003660                HAL_TIM_Encoder_Init
 .text.TIM_OC2_SetConfig
                0x0000000008003718       0x70 CMakeFiles/QEADynamicPlanningSTM32.elf.dir/Drivers/STM32F1xx_HAL_Driver/Src/stm32f1xx_hal_tim.c.obj
                0x0000000008003718                TIM_OC2_SetConfig
 .text.HAL_TIM_PWM_ConfigChannel
                0x0000000008003788       0xdc CMakeFiles/QEADynamicPlanningSTM32.elf.dir/Drivers/STM32F1xx_HAL_Driver/Src/stm32f1xx_hal_tim.c.obj
                0x0000000008003788                HAL_TIM_PWM_ConfigChannel
 .text.TIM_ETR_SetConfig
                0x0000000008003864       0x18 CMakeFiles/QEADynamicPlanningSTM32.elf.dir/Drivers/STM32F1xx_HAL_Driver/Src/stm32f1xx_hal_tim.c.obj
                0x0000000008003864                TIM_ETR_SetConfig
 .text.HAL_TIM_ConfigClockSource
                0x000000000800387c       0xfe CMakeFiles/QEADynamicPlanningSTM32.elf.dir/Drivers/STM32F1xx_HAL_Driver/Src/stm32f1xx_hal_tim.c.obj
                0x000000000800387c                HAL_TIM_ConfigClockSource
 .text.TIM_CCxChannelCmd
                0x000000000800397a       0x1e CMakeFiles/QEADynamicPlanningSTM32.elf.dir/Drivers/STM32F1xx_HAL_Driver/Src/stm32f1xx_hal_tim.c.obj
                0x000000000800397a                TIM_CCxChannelCmd
 .text.HAL_TIM_PWM_Start
                0x0000000008003998       0xf4 CMakeFiles/QEADynamicPlanningSTM32.elf.dir/Drivers/STM32F1xx_HAL_Driver/Src/stm32f1xx_hal_tim.c.obj
                0x0000000008003998                HAL_TIM_PWM_Start
 .text.HAL_TIM_Encoder_Start
                0x0000000008003a8c       0xcc CMakeFiles/QEADynamicPlanningSTM32.elf.dir/Drivers/STM32F1xx_HAL_Driver/Src/stm32f1xx_hal_tim.c.obj
                0x0000000008003a8c                HAL_TIM_Encoder_Start
 .text.HAL_TIMEx_MasterConfigSynchronization
                0x0000000008003b58       0x7c CMakeFiles/QEADynamicPlanningSTM32.elf.dir/Drivers/STM32F1xx_HAL_Driver/Src/stm32f1xx_hal_tim_ex.c.obj
                0x0000000008003b58                HAL_TIMEx_MasterConfigSynchronization
 .text.HAL_TIMEx_CommutCallback
                0x0000000008003bd4        0x2 CMakeFiles/QEADynamicPlanningSTM32.elf.dir/Drivers/STM32F1xx_HAL_Driver/Src/stm32f1xx_hal_tim_ex.c.obj
                0x0000000008003bd4                HAL_TIMEx_CommutCallback
 .text.HAL_TIMEx_BreakCallback
                0x0000000008003bd6        0x2 CMakeFiles/QEADynamicPlanningSTM32.elf.dir/Drivers/STM32F1xx_HAL_Driver/Src/stm32f1xx_hal_tim_ex.c.obj
                0x0000000008003bd6                HAL_TIMEx_BreakCallback
 .text.UART_EndTxTransfer
                0x0000000008003bd8       0x20 CMakeFiles/QEADynamicPlanningSTM32.elf.dir/Drivers/STM32F1xx_HAL_Driver/Src/stm32f1xx_hal_uart.c.obj
 .text.UART_EndRxTransfer
                0x0000000008003bf8       0x5c CMakeFiles/QEADynamicPlanningSTM32.elf.dir/Drivers/STM32F1xx_HAL_Driver/Src/stm32f1xx_hal_uart.c.obj
 .text.UART_Transmit_IT
                0x0000000008003c54       0x60 CMakeFiles/QEADynamicPlanningSTM32.elf.dir/Drivers/STM32F1xx_HAL_Driver/Src/stm32f1xx_hal_uart.c.obj
 .text.UART_SetConfig
                0x0000000008003cb4       0x94 CMakeFiles/QEADynamicPlanningSTM32.elf.dir/Drivers/STM32F1xx_HAL_Driver/Src/stm32f1xx_hal_uart.c.obj
 .text.UART_WaitOnFlagUntilTimeout
                0x0000000008003d48       0x88 CMakeFiles/QEADynamicPlanningSTM32.elf.dir/Drivers/STM32F1xx_HAL_Driver/Src/stm32f1xx_hal_uart.c.obj
 .text.HAL_UART_Init
                0x0000000008003dd0       0x60 CMakeFiles/QEADynamicPlanningSTM32.elf.dir/Drivers/STM32F1xx_HAL_Driver/Src/stm32f1xx_hal_uart.c.obj
                0x0000000008003dd0                HAL_UART_Init
 .text.HAL_UART_Transmit
                0x0000000008003e30       0xbe CMakeFiles/QEADynamicPlanningSTM32.elf.dir/Drivers/STM32F1xx_HAL_Driver/Src/stm32f1xx_hal_uart.c.obj
                0x0000000008003e30                HAL_UART_Transmit
 .text.HAL_UART_TxCpltCallback
                0x0000000008003eee        0x2 CMakeFiles/QEADynamicPlanningSTM32.elf.dir/Drivers/STM32F1xx_HAL_Driver/Src/stm32f1xx_hal_uart.c.obj
                0x0000000008003eee                HAL_UART_TxCpltCallback
 .text.UART_EndTransmit_IT
                0x0000000008003ef0       0x1a CMakeFiles/QEADynamicPlanningSTM32.elf.dir/Drivers/STM32F1xx_HAL_Driver/Src/stm32f1xx_hal_uart.c.obj
 .text.HAL_UART_ErrorCallback
                0x0000000008003f0a        0x2 CMakeFiles/QEADynamicPlanningSTM32.elf.dir/Drivers/STM32F1xx_HAL_Driver/Src/stm32f1xx_hal_uart.c.obj
                0x0000000008003f0a                HAL_UART_ErrorCallback
 .text.UART_DMAError
                0x0000000008003f0c       0x58 CMakeFiles/QEADynamicPlanningSTM32.elf.dir/Drivers/STM32F1xx_HAL_Driver/Src/stm32f1xx_hal_uart.c.obj
 .text.UART_DMAAbortOnError
                0x0000000008003f64       0x10 CMakeFiles/QEADynamicPlanningSTM32.elf.dir/Drivers/STM32F1xx_HAL_Driver/Src/stm32f1xx_hal_uart.c.obj
 .text.HAL_UARTEx_RxEventCallback
                0x0000000008003f74        0x2 CMakeFiles/QEADynamicPlanningSTM32.elf.dir/Drivers/STM32F1xx_HAL_Driver/Src/stm32f1xx_hal_uart.c.obj
                0x0000000008003f74                HAL_UARTEx_RxEventCallback
 .text.UART_Receive_IT
                0x0000000008003f76       0xe6 CMakeFiles/QEADynamicPlanningSTM32.elf.dir/Drivers/STM32F1xx_HAL_Driver/Src/stm32f1xx_hal_uart.c.obj
 .text.HAL_UART_IRQHandler
                0x000000000800405c      0x288 CMakeFiles/QEADynamicPlanningSTM32.elf.dir/Drivers/STM32F1xx_HAL_Driver/Src/stm32f1xx_hal_uart.c.obj
                0x000000000800405c                HAL_UART_IRQHandler
 .text.UART_DMARxHalfCplt
                0x00000000080042e4       0x1e CMakeFiles/QEADynamicPlanningSTM32.elf.dir/Drivers/STM32F1xx_HAL_Driver/Src/stm32f1xx_hal_uart.c.obj
 .text.UART_DMAReceiveCplt
                0x0000000008004302       0x9a CMakeFiles/QEADynamicPlanningSTM32.elf.dir/Drivers/STM32F1xx_HAL_Driver/Src/stm32f1xx_hal_uart.c.obj
 .text.HAL_UART_GetState
                0x000000000800439c        0xc CMakeFiles/QEADynamicPlanningSTM32.elf.dir/Drivers/STM32F1xx_HAL_Driver/Src/stm32f1xx_hal_uart.c.obj
                0x000000000800439c                HAL_UART_GetState
 .text.UART_Start_Receive_DMA
                0x00000000080043a8       0xa4 CMakeFiles/QEADynamicPlanningSTM32.elf.dir/Drivers/STM32F1xx_HAL_Driver/Src/stm32f1xx_hal_uart.c.obj
                0x00000000080043a8                UART_Start_Receive_DMA
 .text.HAL_UART_Receive_DMA
                0x000000000800444c       0x26 CMakeFiles/QEADynamicPlanningSTM32.elf.dir/Drivers/STM32F1xx_HAL_Driver/Src/stm32f1xx_hal_uart.c.obj
                0x000000000800444c                HAL_UART_Receive_DMA
 *fill*         0x0000000008004472        0x2 
 .text.osKernelInitialize
                0x0000000008004474       0x44 CMakeFiles/QEADynamicPlanningSTM32.elf.dir/Middlewares/Third_Party/FreeRTOS/Source/CMSIS_RTOS_V2/cmsis_os2.c.obj
                0x0000000008004474                osKernelInitialize
 .text.osKernelStart
                0x00000000080044b8       0x4c CMakeFiles/QEADynamicPlanningSTM32.elf.dir/Middlewares/Third_Party/FreeRTOS/Source/CMSIS_RTOS_V2/cmsis_os2.c.obj
                0x00000000080044b8                osKernelStart
 .text.osThreadNew
                0x0000000008004504       0xec CMakeFiles/QEADynamicPlanningSTM32.elf.dir/Middlewares/Third_Party/FreeRTOS/Source/CMSIS_RTOS_V2/cmsis_os2.c.obj
                0x0000000008004504                osThreadNew
 .text.osDelay  0x00000000080045f0       0x44 CMakeFiles/QEADynamicPlanningSTM32.elf.dir/Middlewares/Third_Party/FreeRTOS/Source/CMSIS_RTOS_V2/cmsis_os2.c.obj
                0x00000000080045f0                osDelay
 .text.vApplicationGetIdleTaskMemory
                0x0000000008004634       0x18 CMakeFiles/QEADynamicPlanningSTM32.elf.dir/Middlewares/Third_Party/FreeRTOS/Source/CMSIS_RTOS_V2/cmsis_os2.c.obj
                0x0000000008004634                vApplicationGetIdleTaskMemory
 .text.vApplicationGetTimerTaskMemory
                0x000000000800464c       0x18 CMakeFiles/QEADynamicPlanningSTM32.elf.dir/Middlewares/Third_Party/FreeRTOS/Source/CMSIS_RTOS_V2/cmsis_os2.c.obj
                0x000000000800464c                vApplicationGetTimerTaskMemory
 .text.vListInitialise
                0x0000000008004664       0x16 CMakeFiles/QEADynamicPlanningSTM32.elf.dir/Middlewares/Third_Party/FreeRTOS/Source/list.c.obj
                0x0000000008004664                vListInitialise
 .text.vListInitialiseItem
                0x000000000800467a        0x6 CMakeFiles/QEADynamicPlanningSTM32.elf.dir/Middlewares/Third_Party/FreeRTOS/Source/list.c.obj
                0x000000000800467a                vListInitialiseItem
 .text.vListInsertEnd
                0x0000000008004680       0x16 CMakeFiles/QEADynamicPlanningSTM32.elf.dir/Middlewares/Third_Party/FreeRTOS/Source/list.c.obj
                0x0000000008004680                vListInsertEnd
 .text.vListInsert
                0x0000000008004696       0x32 CMakeFiles/QEADynamicPlanningSTM32.elf.dir/Middlewares/Third_Party/FreeRTOS/Source/list.c.obj
                0x0000000008004696                vListInsert
 .text.uxListRemove
                0x00000000080046c8       0x26 CMakeFiles/QEADynamicPlanningSTM32.elf.dir/Middlewares/Third_Party/FreeRTOS/Source/list.c.obj
                0x00000000080046c8                uxListRemove
 *fill*         0x00000000080046ee        0x2 
 .text.prvTaskExitError
                0x00000000080046f0       0x40 CMakeFiles/QEADynamicPlanningSTM32.elf.dir/Middlewares/Third_Party/FreeRTOS/Source/portable/GCC/ARM_CM3/port.c.obj
 .text.prvPortStartFirstTask
                0x0000000008004730       0x20 CMakeFiles/QEADynamicPlanningSTM32.elf.dir/Middlewares/Third_Party/FreeRTOS/Source/portable/GCC/ARM_CM3/port.c.obj
 .text.pxPortInitialiseStack
                0x0000000008004750       0x24 CMakeFiles/QEADynamicPlanningSTM32.elf.dir/Middlewares/Third_Party/FreeRTOS/Source/portable/GCC/ARM_CM3/port.c.obj
                0x0000000008004750                pxPortInitialiseStack
 *fill*         0x0000000008004774        0xc 
 .text.SVC_Handler
                0x0000000008004780       0x24 CMakeFiles/QEADynamicPlanningSTM32.elf.dir/Middlewares/Third_Party/FreeRTOS/Source/portable/GCC/ARM_CM3/port.c.obj
                0x0000000008004780                SVC_Handler
 .text.vPortEnterCritical
                0x00000000080047a4       0x44 CMakeFiles/QEADynamicPlanningSTM32.elf.dir/Middlewares/Third_Party/FreeRTOS/Source/portable/GCC/ARM_CM3/port.c.obj
                0x00000000080047a4                vPortEnterCritical
 .text.vPortExitCritical
                0x00000000080047e8       0x2c CMakeFiles/QEADynamicPlanningSTM32.elf.dir/Middlewares/Third_Party/FreeRTOS/Source/portable/GCC/ARM_CM3/port.c.obj
                0x00000000080047e8                vPortExitCritical
 *fill*         0x0000000008004814        0xc 
 .text.PendSV_Handler
                0x0000000008004820       0x44 CMakeFiles/QEADynamicPlanningSTM32.elf.dir/Middlewares/Third_Party/FreeRTOS/Source/portable/GCC/ARM_CM3/port.c.obj
                0x0000000008004820                PendSV_Handler
 .text.SysTick_Handler
                0x0000000008004864       0x2c CMakeFiles/QEADynamicPlanningSTM32.elf.dir/Middlewares/Third_Party/FreeRTOS/Source/portable/GCC/ARM_CM3/port.c.obj
                0x0000000008004864                SysTick_Handler
 .text.vPortSetupTimerInterrupt
                0x0000000008004890       0x28 CMakeFiles/QEADynamicPlanningSTM32.elf.dir/Middlewares/Third_Party/FreeRTOS/Source/portable/GCC/ARM_CM3/port.c.obj
                0x0000000008004890                vPortSetupTimerInterrupt
 .text.xPortStartScheduler
                0x00000000080048b8       0xc0 CMakeFiles/QEADynamicPlanningSTM32.elf.dir/Middlewares/Third_Party/FreeRTOS/Source/portable/GCC/ARM_CM3/port.c.obj
                0x00000000080048b8                xPortStartScheduler
 .text.vPortValidateInterruptPriority
                0x0000000008004978       0x5c CMakeFiles/QEADynamicPlanningSTM32.elf.dir/Middlewares/Third_Party/FreeRTOS/Source/portable/GCC/ARM_CM3/port.c.obj
                0x0000000008004978                vPortValidateInterruptPriority
 .text.prvHeapInit
                0x00000000080049d4       0x68 CMakeFiles/QEADynamicPlanningSTM32.elf.dir/Middlewares/Third_Party/FreeRTOS/Source/portable/MemMang/heap_4.c.obj
 .text.prvInsertBlockIntoFreeList
                0x0000000008004a3c       0x60 CMakeFiles/QEADynamicPlanningSTM32.elf.dir/Middlewares/Third_Party/FreeRTOS/Source/portable/MemMang/heap_4.c.obj
 .text.pvPortMalloc
                0x0000000008004a9c       0xf0 CMakeFiles/QEADynamicPlanningSTM32.elf.dir/Middlewares/Third_Party/FreeRTOS/Source/portable/MemMang/heap_4.c.obj
                0x0000000008004a9c                pvPortMalloc
 .text.vPortFree
                0x0000000008004b8c       0x70 CMakeFiles/QEADynamicPlanningSTM32.elf.dir/Middlewares/Third_Party/FreeRTOS/Source/portable/MemMang/heap_4.c.obj
                0x0000000008004b8c                vPortFree
 .text.prvIsQueueFull
                0x0000000008004bfc       0x1e CMakeFiles/QEADynamicPlanningSTM32.elf.dir/Middlewares/Third_Party/FreeRTOS/Source/queue.c.obj
 .text.prvIsQueueEmpty
                0x0000000008004c1a       0x1a CMakeFiles/QEADynamicPlanningSTM32.elf.dir/Middlewares/Third_Party/FreeRTOS/Source/queue.c.obj
 .text.prvCopyDataToQueue
                0x0000000008004c34       0x76 CMakeFiles/QEADynamicPlanningSTM32.elf.dir/Middlewares/Third_Party/FreeRTOS/Source/queue.c.obj
 .text.prvCopyDataFromQueue
                0x0000000008004caa       0x24 CMakeFiles/QEADynamicPlanningSTM32.elf.dir/Middlewares/Third_Party/FreeRTOS/Source/queue.c.obj
 .text.prvUnlockQueue
                0x0000000008004cce       0x6e CMakeFiles/QEADynamicPlanningSTM32.elf.dir/Middlewares/Third_Party/FreeRTOS/Source/queue.c.obj
 .text.xQueueGenericReset
                0x0000000008004d3c       0x84 CMakeFiles/QEADynamicPlanningSTM32.elf.dir/Middlewares/Third_Party/FreeRTOS/Source/queue.c.obj
                0x0000000008004d3c                xQueueGenericReset
 .text.prvInitialiseNewQueue
                0x0000000008004dc0       0x22 CMakeFiles/QEADynamicPlanningSTM32.elf.dir/Middlewares/Third_Party/FreeRTOS/Source/queue.c.obj
 .text.xQueueGenericCreateStatic
                0x0000000008004de2       0x92 CMakeFiles/QEADynamicPlanningSTM32.elf.dir/Middlewares/Third_Party/FreeRTOS/Source/queue.c.obj
                0x0000000008004de2                xQueueGenericCreateStatic
 .text.xQueueGenericSend
                0x0000000008004e74      0x188 CMakeFiles/QEADynamicPlanningSTM32.elf.dir/Middlewares/Third_Party/FreeRTOS/Source/queue.c.obj
                0x0000000008004e74                xQueueGenericSend
 .text.xQueueGenericSendFromISR
                0x0000000008004ffc       0xcc CMakeFiles/QEADynamicPlanningSTM32.elf.dir/Middlewares/Third_Party/FreeRTOS/Source/queue.c.obj
                0x0000000008004ffc                xQueueGenericSendFromISR
 .text.xQueueReceive
                0x00000000080050c8      0x15e CMakeFiles/QEADynamicPlanningSTM32.elf.dir/Middlewares/Third_Party/FreeRTOS/Source/queue.c.obj
                0x00000000080050c8                xQueueReceive
 *fill*         0x0000000008005226        0x2 
 .text.vQueueAddToRegistry
                0x0000000008005228       0x28 CMakeFiles/QEADynamicPlanningSTM32.elf.dir/Middlewares/Third_Party/FreeRTOS/Source/queue.c.obj
                0x0000000008005228                vQueueAddToRegistry
 .text.vQueueWaitForMessageRestricted
                0x0000000008005250       0x52 CMakeFiles/QEADynamicPlanningSTM32.elf.dir/Middlewares/Third_Party/FreeRTOS/Source/queue.c.obj
                0x0000000008005250                vQueueWaitForMessageRestricted
 *fill*         0x00000000080052a2        0x2 
 .text.prvResetNextTaskUnblockTime
                0x00000000080052a4       0x2c CMakeFiles/QEADynamicPlanningSTM32.elf.dir/Middlewares/Third_Party/FreeRTOS/Source/tasks.c.obj
 .text.prvInitialiseNewTask
                0x00000000080052d0       0x9c CMakeFiles/QEADynamicPlanningSTM32.elf.dir/Middlewares/Third_Party/FreeRTOS/Source/tasks.c.obj
 .text.prvInitialiseTaskLists
                0x000000000800536c       0x68 CMakeFiles/QEADynamicPlanningSTM32.elf.dir/Middlewares/Third_Party/FreeRTOS/Source/tasks.c.obj
 .text.prvAddNewTaskToReadyList
                0x00000000080053d4       0xac CMakeFiles/QEADynamicPlanningSTM32.elf.dir/Middlewares/Third_Party/FreeRTOS/Source/tasks.c.obj
 .text.prvDeleteTCB
                0x0000000008005480       0x38 CMakeFiles/QEADynamicPlanningSTM32.elf.dir/Middlewares/Third_Party/FreeRTOS/Source/tasks.c.obj
 .text.prvCheckTasksWaitingTermination
                0x00000000080054b8       0x4c CMakeFiles/QEADynamicPlanningSTM32.elf.dir/Middlewares/Third_Party/FreeRTOS/Source/tasks.c.obj
 .text.prvIdleTask
                0x0000000008005504       0x28 CMakeFiles/QEADynamicPlanningSTM32.elf.dir/Middlewares/Third_Party/FreeRTOS/Source/tasks.c.obj
 .text.prvAddCurrentTaskToDelayedList
                0x000000000800552c       0x7c CMakeFiles/QEADynamicPlanningSTM32.elf.dir/Middlewares/Third_Party/FreeRTOS/Source/tasks.c.obj
 .text.xTaskCreateStatic
                0x00000000080055a8       0x74 CMakeFiles/QEADynamicPlanningSTM32.elf.dir/Middlewares/Third_Party/FreeRTOS/Source/tasks.c.obj
                0x00000000080055a8                xTaskCreateStatic
 .text.xTaskCreate
                0x000000000800561c       0x68 CMakeFiles/QEADynamicPlanningSTM32.elf.dir/Middlewares/Third_Party/FreeRTOS/Source/tasks.c.obj
                0x000000000800561c                xTaskCreate
 .text.vTaskStartScheduler
                0x0000000008005684       0x9c CMakeFiles/QEADynamicPlanningSTM32.elf.dir/Middlewares/Third_Party/FreeRTOS/Source/tasks.c.obj
                0x0000000008005684                vTaskStartScheduler
 .text.vTaskSuspendAll
                0x0000000008005720       0x10 CMakeFiles/QEADynamicPlanningSTM32.elf.dir/Middlewares/Third_Party/FreeRTOS/Source/tasks.c.obj
                0x0000000008005720                vTaskSuspendAll
 .text.xTaskGetTickCount
                0x0000000008005730        0xc CMakeFiles/QEADynamicPlanningSTM32.elf.dir/Middlewares/Third_Party/FreeRTOS/Source/tasks.c.obj
                0x0000000008005730                xTaskGetTickCount
 .text.xTaskIncrementTick
                0x000000000800573c      0x118 CMakeFiles/QEADynamicPlanningSTM32.elf.dir/Middlewares/Third_Party/FreeRTOS/Source/tasks.c.obj
                0x000000000800573c                xTaskIncrementTick
 .text.xTaskResumeAll
                0x0000000008005854       0xf8 CMakeFiles/QEADynamicPlanningSTM32.elf.dir/Middlewares/Third_Party/FreeRTOS/Source/tasks.c.obj
                0x0000000008005854                xTaskResumeAll
 .text.vTaskDelay
                0x000000000800594c       0x4c CMakeFiles/QEADynamicPlanningSTM32.elf.dir/Middlewares/Third_Party/FreeRTOS/Source/tasks.c.obj
                0x000000000800594c                vTaskDelay
 .text.vTaskSwitchContext
                0x0000000008005998       0x94 CMakeFiles/QEADynamicPlanningSTM32.elf.dir/Middlewares/Third_Party/FreeRTOS/Source/tasks.c.obj
                0x0000000008005998                vTaskSwitchContext
 .text.vTaskPlaceOnEventList
                0x0000000008005a2c       0x30 CMakeFiles/QEADynamicPlanningSTM32.elf.dir/Middlewares/Third_Party/FreeRTOS/Source/tasks.c.obj
                0x0000000008005a2c                vTaskPlaceOnEventList
 .text.vTaskPlaceOnEventListRestricted
                0x0000000008005a5c       0x38 CMakeFiles/QEADynamicPlanningSTM32.elf.dir/Middlewares/Third_Party/FreeRTOS/Source/tasks.c.obj
                0x0000000008005a5c                vTaskPlaceOnEventListRestricted
 .text.xTaskRemoveFromEventList
                0x0000000008005a94       0x8c CMakeFiles/QEADynamicPlanningSTM32.elf.dir/Middlewares/Third_Party/FreeRTOS/Source/tasks.c.obj
                0x0000000008005a94                xTaskRemoveFromEventList
 .text.vTaskInternalSetTimeOutState
                0x0000000008005b20       0x18 CMakeFiles/QEADynamicPlanningSTM32.elf.dir/Middlewares/Third_Party/FreeRTOS/Source/tasks.c.obj
                0x0000000008005b20                vTaskInternalSetTimeOutState
 .text.xTaskCheckForTimeOut
                0x0000000008005b38       0x84 CMakeFiles/QEADynamicPlanningSTM32.elf.dir/Middlewares/Third_Party/FreeRTOS/Source/tasks.c.obj
                0x0000000008005b38                xTaskCheckForTimeOut
 .text.vTaskMissedYield
                0x0000000008005bbc        0xc CMakeFiles/QEADynamicPlanningSTM32.elf.dir/Middlewares/Third_Party/FreeRTOS/Source/tasks.c.obj
                0x0000000008005bbc                vTaskMissedYield
 .text.xTaskGetCurrentTaskHandle
                0x0000000008005bc8        0xc CMakeFiles/QEADynamicPlanningSTM32.elf.dir/Middlewares/Third_Party/FreeRTOS/Source/tasks.c.obj
                0x0000000008005bc8                xTaskGetCurrentTaskHandle
 .text.xTaskGetSchedulerState
                0x0000000008005bd4       0x20 CMakeFiles/QEADynamicPlanningSTM32.elf.dir/Middlewares/Third_Party/FreeRTOS/Source/tasks.c.obj
                0x0000000008005bd4                xTaskGetSchedulerState
 .text.xTaskPriorityDisinherit
                0x0000000008005bf4       0x90 CMakeFiles/QEADynamicPlanningSTM32.elf.dir/Middlewares/Third_Party/FreeRTOS/Source/tasks.c.obj
                0x0000000008005bf4                xTaskPriorityDisinherit
 .text.xTaskNotifyWait
                0x0000000008005c84       0x98 CMakeFiles/QEADynamicPlanningSTM32.elf.dir/Middlewares/Third_Party/FreeRTOS/Source/tasks.c.obj
                0x0000000008005c84                xTaskNotifyWait
 .text.xTaskGenericNotifyFromISR
                0x0000000008005d1c      0x118 CMakeFiles/QEADynamicPlanningSTM32.elf.dir/Middlewares/Third_Party/FreeRTOS/Source/tasks.c.obj
                0x0000000008005d1c                xTaskGenericNotifyFromISR
 .text.prvGetNextExpireTime
                0x0000000008005e34       0x20 CMakeFiles/QEADynamicPlanningSTM32.elf.dir/Middlewares/Third_Party/FreeRTOS/Source/timers.c.obj
 .text.prvInsertTimerInActiveList
                0x0000000008005e54       0x48 CMakeFiles/QEADynamicPlanningSTM32.elf.dir/Middlewares/Third_Party/FreeRTOS/Source/timers.c.obj
 .text.prvCheckForValidListAndQueue
                0x0000000008005e9c       0x70 CMakeFiles/QEADynamicPlanningSTM32.elf.dir/Middlewares/Third_Party/FreeRTOS/Source/timers.c.obj
 .text.xTimerCreateTimerTask
                0x0000000008005f0c       0x64 CMakeFiles/QEADynamicPlanningSTM32.elf.dir/Middlewares/Third_Party/FreeRTOS/Source/timers.c.obj
                0x0000000008005f0c                xTimerCreateTimerTask
 .text.xTimerGenericCommand
                0x0000000008005f70       0x6c CMakeFiles/QEADynamicPlanningSTM32.elf.dir/Middlewares/Third_Party/FreeRTOS/Source/timers.c.obj
                0x0000000008005f70                xTimerGenericCommand
 .text.prvSwitchTimerLists
                0x0000000008005fdc       0x78 CMakeFiles/QEADynamicPlanningSTM32.elf.dir/Middlewares/Third_Party/FreeRTOS/Source/timers.c.obj
 .text.prvSampleTimeNow
                0x0000000008006054       0x2c CMakeFiles/QEADynamicPlanningSTM32.elf.dir/Middlewares/Third_Party/FreeRTOS/Source/timers.c.obj
 .text.prvProcessExpiredTimer
                0x0000000008006080       0x60 CMakeFiles/QEADynamicPlanningSTM32.elf.dir/Middlewares/Third_Party/FreeRTOS/Source/timers.c.obj
 .text.prvProcessTimerOrBlockTask
                0x00000000080060e0       0x74 CMakeFiles/QEADynamicPlanningSTM32.elf.dir/Middlewares/Third_Party/FreeRTOS/Source/timers.c.obj
 .text.prvProcessReceivedCommands
                0x0000000008006154       0xf8 CMakeFiles/QEADynamicPlanningSTM32.elf.dir/Middlewares/Third_Party/FreeRTOS/Source/timers.c.obj
 .text.prvTimerTask
                0x000000000800624c       0x16 CMakeFiles/QEADynamicPlanningSTM32.elf.dir/Middlewares/Third_Party/FreeRTOS/Source/timers.c.obj
 *fill*         0x0000000008006262        0x2 
 .text.__errno  0x0000000008006264        0xc /Applications/ARM/bin/../lib/gcc/arm-none-eabi/10.3.1/../../../../arm-none-eabi/lib/thumb/v7-m/nofp/libg.a(lib_a-errno.o)
                0x0000000008006264                __errno
 .text.__libc_init_array
                0x0000000008006270       0x48 /Applications/ARM/bin/../lib/gcc/arm-none-eabi/10.3.1/../../../../arm-none-eabi/lib/thumb/v7-m/nofp/libg.a(lib_a-init.o)
                0x0000000008006270                __libc_init_array
 .text.memset   0x00000000080062b8       0xa4 /Applications/ARM/bin/../lib/gcc/arm-none-eabi/10.3.1/../../../../arm-none-eabi/lib/thumb/v7-m/nofp/libg.a(lib_a-memset.o)
                0x00000000080062b8                memset
 .text.snprintf
                0x000000000800635c       0x84 /Applications/ARM/bin/../lib/gcc/arm-none-eabi/10.3.1/../../../../arm-none-eabi/lib/thumb/v7-m/nofp/libg.a(lib_a-snprintf.o)
                0x000000000800635c                snprintf
 .text.strlen   0x00000000080063e0       0x5c /Applications/ARM/bin/../lib/gcc/arm-none-eabi/10.3.1/../../../../arm-none-eabi/lib/thumb/v7-m/nofp/libg.a(lib_a-strlen-stub.o)
                0x00000000080063e0                strlen
 .text._svfprintf_r
                0x000000000800643c     0x1aa4 /Applications/ARM/bin/../lib/gcc/arm-none-eabi/10.3.1/../../../../arm-none-eabi/lib/thumb/v7-m/nofp/libg.a(lib_a-svfprintf.o)
                0x000000000800643c                _svfprintf_r
 .text.startup.register_fini
                0x0000000008007ee0       0x14 /Applications/ARM/bin/../lib/gcc/arm-none-eabi/10.3.1/../../../../arm-none-eabi/lib/thumb/v7-m/nofp/libg.a(lib_a-__call_atexit.o)
 .text.atexit   0x0000000008007ef4        0xc /Applications/ARM/bin/../lib/gcc/arm-none-eabi/10.3.1/../../../../arm-none-eabi/lib/thumb/v7-m/nofp/libg.a(lib_a-atexit.o)
                0x0000000008007ef4                atexit
 .text.quorem   0x0000000008007f00      0x12c /Applications/ARM/bin/../lib/gcc/arm-none-eabi/10.3.1/../../../../arm-none-eabi/lib/thumb/v7-m/nofp/libg.a(lib_a-dtoa.o)
 *fill*         0x000000000800802c        0x4 
 .text._dtoa_r  0x0000000008008030      0xecc /Applications/ARM/bin/../lib/gcc/arm-none-eabi/10.3.1/../../../../arm-none-eabi/lib/thumb/v7-m/nofp/libg.a(lib_a-dtoa.o)
                0x0000000008008030                _dtoa_r
 .text.__libc_fini_array
                0x0000000008008efc       0x2c /Applications/ARM/bin/../lib/gcc/arm-none-eabi/10.3.1/../../../../arm-none-eabi/lib/thumb/v7-m/nofp/libg.a(lib_a-fini.o)
                0x0000000008008efc                __libc_fini_array
 .text._malloc_trim_r
                0x0000000008008f28       0xa0 /Applications/ARM/bin/../lib/gcc/arm-none-eabi/10.3.1/../../../../arm-none-eabi/lib/thumb/v7-m/nofp/libg.a(lib_a-freer.o)
                0x0000000008008f28                _malloc_trim_r
 .text._free_r  0x0000000008008fc8      0x200 /Applications/ARM/bin/../lib/gcc/arm-none-eabi/10.3.1/../../../../arm-none-eabi/lib/thumb/v7-m/nofp/libg.a(lib_a-freer.o)
                0x0000000008008fc8                _free_r
 .text._localeconv_r
                0x00000000080091c8        0x8 /Applications/ARM/bin/../lib/gcc/arm-none-eabi/10.3.1/../../../../arm-none-eabi/lib/thumb/v7-m/nofp/libg.a(lib_a-localeconv.o)
                0x00000000080091c8                _localeconv_r
 .text.__retarget_lock_init_recursive
                0x00000000080091d0        0x4 /Applications/ARM/bin/../lib/gcc/arm-none-eabi/10.3.1/../../../../arm-none-eabi/lib/thumb/v7-m/nofp/libg.a(lib_a-lock.o)
                0x00000000080091d0                __retarget_lock_init_recursive
 .text.__retarget_lock_close_recursive
                0x00000000080091d4        0x4 /Applications/ARM/bin/../lib/gcc/arm-none-eabi/10.3.1/../../../../arm-none-eabi/lib/thumb/v7-m/nofp/libg.a(lib_a-lock.o)
                0x00000000080091d4                __retarget_lock_close_recursive
 .text.__retarget_lock_acquire_recursive
                0x00000000080091d8        0x4 /Applications/ARM/bin/../lib/gcc/arm-none-eabi/10.3.1/../../../../arm-none-eabi/lib/thumb/v7-m/nofp/libg.a(lib_a-lock.o)
                0x00000000080091d8                __retarget_lock_acquire_recursive
 .text.__retarget_lock_release_recursive
                0x00000000080091dc        0x4 /Applications/ARM/bin/../lib/gcc/arm-none-eabi/10.3.1/../../../../arm-none-eabi/lib/thumb/v7-m/nofp/libg.a(lib_a-lock.o)
                0x00000000080091dc                __retarget_lock_release_recursive
 .text._malloc_r
                0x00000000080091e0      0x558 /Applications/ARM/bin/../lib/gcc/arm-none-eabi/10.3.1/../../../../arm-none-eabi/lib/thumb/v7-m/nofp/libg.a(lib_a-mallocr.o)
                0x00000000080091e0                _malloc_r
 .text.memchr   0x0000000008009738       0x90 /Applications/ARM/bin/../lib/gcc/arm-none-eabi/10.3.1/../../../../arm-none-eabi/lib/thumb/v7-m/nofp/libg.a(lib_a-memchr-stub.o)
                0x0000000008009738                memchr
 .text.__malloc_lock
                0x00000000080097c8        0xc /Applications/ARM/bin/../lib/gcc/arm-none-eabi/10.3.1/../../../../arm-none-eabi/lib/thumb/v7-m/nofp/libg.a(lib_a-mlock.o)
                0x00000000080097c8                __malloc_lock
 .text.__malloc_unlock
                0x00000000080097d4        0xc /Applications/ARM/bin/../lib/gcc/arm-none-eabi/10.3.1/../../../../arm-none-eabi/lib/thumb/v7-m/nofp/libg.a(lib_a-mlock.o)
                0x00000000080097d4                __malloc_unlock
 .text._Balloc  0x00000000080097e0       0x4c /Applications/ARM/bin/../lib/gcc/arm-none-eabi/10.3.1/../../../../arm-none-eabi/lib/thumb/v7-m/nofp/libg.a(lib_a-mprec.o)
                0x00000000080097e0                _Balloc
 .text._Bfree   0x000000000800982c       0x14 /Applications/ARM/bin/../lib/gcc/arm-none-eabi/10.3.1/../../../../arm-none-eabi/lib/thumb/v7-m/nofp/libg.a(lib_a-mprec.o)
                0x000000000800982c                _Bfree
 .text.__multadd
                0x0000000008009840       0xa4 /Applications/ARM/bin/../lib/gcc/arm-none-eabi/10.3.1/../../../../arm-none-eabi/lib/thumb/v7-m/nofp/libg.a(lib_a-mprec.o)
                0x0000000008009840                __multadd
 .text.__hi0bits
                0x00000000080098e4       0x40 /Applications/ARM/bin/../lib/gcc/arm-none-eabi/10.3.1/../../../../arm-none-eabi/lib/thumb/v7-m/nofp/libg.a(lib_a-mprec.o)
                0x00000000080098e4                __hi0bits
 .text.__lo0bits
                0x0000000008009924       0x58 /Applications/ARM/bin/../lib/gcc/arm-none-eabi/10.3.1/../../../../arm-none-eabi/lib/thumb/v7-m/nofp/libg.a(lib_a-mprec.o)
                0x0000000008009924                __lo0bits
 .text.__i2b    0x000000000800997c       0x5c /Applications/ARM/bin/../lib/gcc/arm-none-eabi/10.3.1/../../../../arm-none-eabi/lib/thumb/v7-m/nofp/libg.a(lib_a-mprec.o)
                0x000000000800997c                __i2b
 .text.__multiply
                0x00000000080099d8      0x15c /Applications/ARM/bin/../lib/gcc/arm-none-eabi/10.3.1/../../../../arm-none-eabi/lib/thumb/v7-m/nofp/libg.a(lib_a-mprec.o)
                0x00000000080099d8                __multiply
 .text.__pow5mult
                0x0000000008009b34       0xb8 /Applications/ARM/bin/../lib/gcc/arm-none-eabi/10.3.1/../../../../arm-none-eabi/lib/thumb/v7-m/nofp/libg.a(lib_a-mprec.o)
                0x0000000008009b34                __pow5mult
 .text.__lshift
                0x0000000008009bec       0xec /Applications/ARM/bin/../lib/gcc/arm-none-eabi/10.3.1/../../../../arm-none-eabi/lib/thumb/v7-m/nofp/libg.a(lib_a-mprec.o)
                0x0000000008009bec                __lshift
 .text.__mcmp   0x0000000008009cd8       0x40 /Applications/ARM/bin/../lib/gcc/arm-none-eabi/10.3.1/../../../../arm-none-eabi/lib/thumb/v7-m/nofp/libg.a(lib_a-mprec.o)
                0x0000000008009cd8                __mcmp
 .text.__mdiff  0x0000000008009d18      0x14c /Applications/ARM/bin/../lib/gcc/arm-none-eabi/10.3.1/../../../../arm-none-eabi/lib/thumb/v7-m/nofp/libg.a(lib_a-mprec.o)
                0x0000000008009d18                __mdiff
 .text.__d2b    0x0000000008009e64       0xc4 /Applications/ARM/bin/../lib/gcc/arm-none-eabi/10.3.1/../../../../arm-none-eabi/lib/thumb/v7-m/nofp/libg.a(lib_a-mprec.o)
                0x0000000008009e64                __d2b
 .text.frexp    0x0000000008009f28       0x70 /Applications/ARM/bin/../lib/gcc/arm-none-eabi/10.3.1/../../../../arm-none-eabi/lib/thumb/v7-m/nofp/libg.a(lib_a-s_frexp.o)
                0x0000000008009f28                frexp
 .text._sbrk_r  0x0000000008009f98       0x24 /Applications/ARM/bin/../lib/gcc/arm-none-eabi/10.3.1/../../../../arm-none-eabi/lib/thumb/v7-m/nofp/libg.a(lib_a-sbrkr.o)
                0x0000000008009f98                _sbrk_r
 .text.strncpy  0x0000000008009fbc       0x68 /Applications/ARM/bin/../lib/gcc/arm-none-eabi/10.3.1/../../../../arm-none-eabi/lib/thumb/v7-m/nofp/libg.a(lib_a-strncpy.o)
                0x0000000008009fbc                strncpy
 .text.__ssprint_r
                0x000000000800a024       0xfc /Applications/ARM/bin/../lib/gcc/arm-none-eabi/10.3.1/../../../../arm-none-eabi/lib/thumb/v7-m/nofp/libg.a(lib_a-svfiprintf.o)
                0x000000000800a024                __ssprint_r
 .text.__register_exitproc
                0x000000000800a120       0x8c /Applications/ARM/bin/../lib/gcc/arm-none-eabi/10.3.1/../../../../arm-none-eabi/lib/thumb/v7-m/nofp/libg.a(lib_a-__atexit.o)
                0x000000000800a120                __register_exitproc
 .text.__assert_func
                0x000000000800a1ac       0x40 /Applications/ARM/bin/../lib/gcc/arm-none-eabi/10.3.1/../../../../arm-none-eabi/lib/thumb/v7-m/nofp/libg.a(lib_a-assert.o)
                0x000000000800a1ac                __assert_func
 .text._calloc_r
                0x000000000800a1ec       0x78 /Applications/ARM/bin/../lib/gcc/arm-none-eabi/10.3.1/../../../../arm-none-eabi/lib/thumb/v7-m/nofp/libg.a(lib_a-callocr.o)
                0x000000000800a1ec                _calloc_r
 .text.fiprintf
                0x000000000800a264       0x28 /Applications/ARM/bin/../lib/gcc/arm-none-eabi/10.3.1/../../../../arm-none-eabi/lib/thumb/v7-m/nofp/libg.a(lib_a-fiprintf.o)
                0x000000000800a264                fiprintf
 .text.__locale_mb_cur_max
                0x000000000800a28c        0xc /Applications/ARM/bin/../lib/gcc/arm-none-eabi/10.3.1/../../../../arm-none-eabi/lib/thumb/v7-m/nofp/libg.a(lib_a-locale.o)
                0x000000000800a28c                __locale_mb_cur_max
 .text.__ascii_mbtowc
                0x000000000800a298       0x2c /Applications/ARM/bin/../lib/gcc/arm-none-eabi/10.3.1/../../../../arm-none-eabi/lib/thumb/v7-m/nofp/libg.a(lib_a-mbtowc_r.o)
                0x000000000800a298                __ascii_mbtowc
 .text.memmove  0x000000000800a2c4       0xf8 /Applications/ARM/bin/../lib/gcc/arm-none-eabi/10.3.1/../../../../arm-none-eabi/lib/thumb/v7-m/nofp/libg.a(lib_a-memmove.o)
                0x000000000800a2c4                memmove
 .text._realloc_r
                0x000000000800a3bc      0x3dc /Applications/ARM/bin/../lib/gcc/arm-none-eabi/10.3.1/../../../../arm-none-eabi/lib/thumb/v7-m/nofp/libg.a(lib_a-reallocr.o)
                0x000000000800a3bc                _realloc_r
 .text.__sprint_r.part.0
                0x000000000800a798       0x78 /Applications/ARM/bin/../lib/gcc/arm-none-eabi/10.3.1/../../../../arm-none-eabi/lib/thumb/v7-m/nofp/libg.a(lib_a-vfiprintf.o)
 .text._vfiprintf_r
                0x000000000800a810      0xd98 /Applications/ARM/bin/../lib/gcc/arm-none-eabi/10.3.1/../../../../arm-none-eabi/lib/thumb/v7-m/nofp/libg.a(lib_a-vfiprintf.o)
                0x000000000800a810                _vfiprintf_r
 .text.__sbprintf
                0x000000000800b5a8       0x84 /Applications/ARM/bin/../lib/gcc/arm-none-eabi/10.3.1/../../../../arm-none-eabi/lib/thumb/v7-m/nofp/libg.a(lib_a-vfiprintf.o)
 .text.__ascii_wctomb
                0x000000000800b62c       0x1c /Applications/ARM/bin/../lib/gcc/arm-none-eabi/10.3.1/../../../../arm-none-eabi/lib/thumb/v7-m/nofp/libg.a(lib_a-wctomb_r.o)
                0x000000000800b62c                __ascii_wctomb
 .text.__swsetup_r
                0x000000000800b648       0xd4 /Applications/ARM/bin/../lib/gcc/arm-none-eabi/10.3.1/../../../../arm-none-eabi/lib/thumb/v7-m/nofp/libg.a(lib_a-wsetup.o)
                0x000000000800b648                __swsetup_r
 .text.abort    0x000000000800b71c       0x10 /Applications/ARM/bin/../lib/gcc/arm-none-eabi/10.3.1/../../../../arm-none-eabi/lib/thumb/v7-m/nofp/libg.a(lib_a-abort.o)
                0x000000000800b71c                abort
 .text.__sflush_r
                0x000000000800b72c      0x124 /Applications/ARM/bin/../lib/gcc/arm-none-eabi/10.3.1/../../../../arm-none-eabi/lib/thumb/v7-m/nofp/libg.a(lib_a-fflush.o)
                0x000000000800b72c                __sflush_r
 .text._fflush_r
                0x000000000800b850       0x5c /Applications/ARM/bin/../lib/gcc/arm-none-eabi/10.3.1/../../../../arm-none-eabi/lib/thumb/v7-m/nofp/libg.a(lib_a-fflush.o)
                0x000000000800b850                _fflush_r
 .text._cleanup_r
                0x000000000800b8ac        0xc /Applications/ARM/bin/../lib/gcc/arm-none-eabi/10.3.1/../../../../arm-none-eabi/lib/thumb/v7-m/nofp/libg.a(lib_a-findfp.o)
                0x000000000800b8ac                _cleanup_r
 .text.__sinit  0x000000000800b8b8      0x10c /Applications/ARM/bin/../lib/gcc/arm-none-eabi/10.3.1/../../../../arm-none-eabi/lib/thumb/v7-m/nofp/libg.a(lib_a-findfp.o)
                0x000000000800b8b8                __sinit
 .text.__sfp_lock_acquire
                0x000000000800b9c4        0xc /Applications/ARM/bin/../lib/gcc/arm-none-eabi/10.3.1/../../../../arm-none-eabi/lib/thumb/v7-m/nofp/libg.a(lib_a-findfp.o)
                0x000000000800b9c4                __sfp_lock_acquire
 .text.__sfp_lock_release
                0x000000000800b9d0        0xc /Applications/ARM/bin/../lib/gcc/arm-none-eabi/10.3.1/../../../../arm-none-eabi/lib/thumb/v7-m/nofp/libg.a(lib_a-findfp.o)
                0x000000000800b9d0                __sfp_lock_release
 .text.__fputwc
                0x000000000800b9dc       0xa0 /Applications/ARM/bin/../lib/gcc/arm-none-eabi/10.3.1/../../../../arm-none-eabi/lib/thumb/v7-m/nofp/libg.a(lib_a-fputwc.o)
                0x000000000800b9dc                __fputwc
 .text._fputwc_r
                0x000000000800ba7c       0x68 /Applications/ARM/bin/../lib/gcc/arm-none-eabi/10.3.1/../../../../arm-none-eabi/lib/thumb/v7-m/nofp/libg.a(lib_a-fputwc.o)
                0x000000000800ba7c                _fputwc_r
 .text.__sfvwrite_r
                0x000000000800bae4      0x2f0 /Applications/ARM/bin/../lib/gcc/arm-none-eabi/10.3.1/../../../../arm-none-eabi/lib/thumb/v7-m/nofp/libg.a(lib_a-fvwrite.o)
                0x000000000800bae4                __sfvwrite_r
 .text._fwalk_reent
                0x000000000800bdd4       0x48 /Applications/ARM/bin/../lib/gcc/arm-none-eabi/10.3.1/../../../../arm-none-eabi/lib/thumb/v7-m/nofp/libg.a(lib_a-fwalk.o)
                0x000000000800bdd4                _fwalk_reent
 .text.__smakebuf_r
                0x000000000800be1c       0xe0 /Applications/ARM/bin/../lib/gcc/arm-none-eabi/10.3.1/../../../../arm-none-eabi/lib/thumb/v7-m/nofp/libg.a(lib_a-makebuf.o)
                0x000000000800be1c                __smakebuf_r
 .text.raise    0x000000000800befc       0x5c /Applications/ARM/bin/../lib/gcc/arm-none-eabi/10.3.1/../../../../arm-none-eabi/lib/thumb/v7-m/nofp/libg.a(lib_a-signal.o)
                0x000000000800befc                raise
 .text._kill_r  0x000000000800bf58       0x28 /Applications/ARM/bin/../lib/gcc/arm-none-eabi/10.3.1/../../../../arm-none-eabi/lib/thumb/v7-m/nofp/libg.a(lib_a-signalr.o)
                0x000000000800bf58                _kill_r
 .text._getpid_r
                0x000000000800bf80        0x4 /Applications/ARM/bin/../lib/gcc/arm-none-eabi/10.3.1/../../../../arm-none-eabi/lib/thumb/v7-m/nofp/libg.a(lib_a-signalr.o)
                0x000000000800bf80                _getpid_r
 .text.__sread  0x000000000800bf84       0x24 /Applications/ARM/bin/../lib/gcc/arm-none-eabi/10.3.1/../../../../arm-none-eabi/lib/thumb/v7-m/nofp/libg.a(lib_a-stdio.o)
                0x000000000800bf84                __sread
 .text.__swrite
                0x000000000800bfa8       0x40 /Applications/ARM/bin/../lib/gcc/arm-none-eabi/10.3.1/../../../../arm-none-eabi/lib/thumb/v7-m/nofp/libg.a(lib_a-stdio.o)
                0x000000000800bfa8                __swrite
 .text.__sseek  0x000000000800bfe8       0x20 /Applications/ARM/bin/../lib/gcc/arm-none-eabi/10.3.1/../../../../arm-none-eabi/lib/thumb/v7-m/nofp/libg.a(lib_a-stdio.o)
                0x000000000800bfe8                __sseek
 .text.__sclose
                0x000000000800c008        0x8 /Applications/ARM/bin/../lib/gcc/arm-none-eabi/10.3.1/../../../../arm-none-eabi/lib/thumb/v7-m/nofp/libg.a(lib_a-stdio.o)
                0x000000000800c008                __sclose
 .text.__swbuf_r
                0x000000000800c010       0xb0 /Applications/ARM/bin/../lib/gcc/arm-none-eabi/10.3.1/../../../../arm-none-eabi/lib/thumb/v7-m/nofp/libg.a(lib_a-wbuf.o)
                0x000000000800c010                __swbuf_r
 .text._wcrtomb_r
                0x000000000800c0c0       0x3c /Applications/ARM/bin/../lib/gcc/arm-none-eabi/10.3.1/../../../../arm-none-eabi/lib/thumb/v7-m/nofp/libg.a(lib_a-wcrtomb.o)
                0x000000000800c0c0                _wcrtomb_r
 .text._write_r
                0x000000000800c0fc       0x2c /Applications/ARM/bin/../lib/gcc/arm-none-eabi/10.3.1/../../../../arm-none-eabi/lib/thumb/v7-m/nofp/libg.a(lib_a-writer.o)
                0x000000000800c0fc                _write_r
 .text._close_r
                0x000000000800c128       0x24 /Applications/ARM/bin/../lib/gcc/arm-none-eabi/10.3.1/../../../../arm-none-eabi/lib/thumb/v7-m/nofp/libg.a(lib_a-closer.o)
                0x000000000800c128                _close_r
 .text._fclose_r
                0x000000000800c14c       0xcc /Applications/ARM/bin/../lib/gcc/arm-none-eabi/10.3.1/../../../../arm-none-eabi/lib/thumb/v7-m/nofp/libg.a(lib_a-fclose.o)
                0x000000000800c14c                _fclose_r
 .text._fstat_r
                0x000000000800c218       0x28 /Applications/ARM/bin/../lib/gcc/arm-none-eabi/10.3.1/../../../../arm-none-eabi/lib/thumb/v7-m/nofp/libg.a(lib_a-fstatr.o)
                0x000000000800c218                _fstat_r
 .text._isatty_r
                0x000000000800c240       0x24 /Applications/ARM/bin/../lib/gcc/arm-none-eabi/10.3.1/../../../../arm-none-eabi/lib/thumb/v7-m/nofp/libg.a(lib_a-isattyr.o)
                0x000000000800c240                _isatty_r
 .text._lseek_r
                0x000000000800c264       0x2c /Applications/ARM/bin/../lib/gcc/arm-none-eabi/10.3.1/../../../../arm-none-eabi/lib/thumb/v7-m/nofp/libg.a(lib_a-lseekr.o)
                0x000000000800c264                _lseek_r
 .text._read_r  0x000000000800c290       0x2c /Applications/ARM/bin/../lib/gcc/arm-none-eabi/10.3.1/../../../../arm-none-eabi/lib/thumb/v7-m/nofp/libg.a(lib_a-readr.o)
                0x000000000800c290                _read_r
 *(.glue_7)
 .glue_7        0x000000000800c2bc        0x0 linker stubs
 *(.glue_7t)
 .glue_7t       0x000000000800c2bc        0x0 linker stubs
 *(.eh_frame)
 .eh_frame      0x000000000800c2bc        0x0 /Applications/ARM/bin/../lib/gcc/arm-none-eabi/10.3.1/thumb/v7-m/nofp/crtbegin.o
 *(.init)
 .init          0x000000000800c2bc        0x4 /Applications/ARM/bin/../lib/gcc/arm-none-eabi/10.3.1/thumb/v7-m/nofp/crti.o
                0x000000000800c2bc                _init
 .init          0x000000000800c2c0        0x8 /Applications/ARM/bin/../lib/gcc/arm-none-eabi/10.3.1/thumb/v7-m/nofp/crtn.o
 *(.fini)
 .fini          0x000000000800c2c8        0x4 /Applications/ARM/bin/../lib/gcc/arm-none-eabi/10.3.1/thumb/v7-m/nofp/crti.o
                0x000000000800c2c8                _fini
 .fini          0x000000000800c2cc        0x8 /Applications/ARM/bin/../lib/gcc/arm-none-eabi/10.3.1/thumb/v7-m/nofp/crtn.o
                0x000000000800c2d4                . = ALIGN (0x4)
                0x000000000800c2d4                _etext = .

.vfp11_veneer   0x000000000800c2d4        0x0
 .vfp11_veneer  0x000000000800c2d4        0x0 linker stubs

.v4_bx          0x000000000800c2d4        0x0
 .v4_bx         0x000000000800c2d4        0x0 linker stubs

.iplt           0x000000000800c2d4        0x0
 .iplt          0x000000000800c2d4        0x0 /Applications/ARM/bin/../lib/gcc/arm-none-eabi/10.3.1/thumb/v7-m/nofp/crtbegin.o

.rodata         0x000000000800c2d8      0x7b8
                0x000000000800c2d8                . = ALIGN (0x4)
 *(.rodata)
 *(.rodata*)
 .rodata.StartDefaultTask.str1.4
                0x000000000800c2d8       0x29 CMakeFiles/QEADynamicPlanningSTM32.elf.dir/Core/Src/freertos.c.obj
 *fill*         0x000000000800c301        0x3 
 .rodata.str1.4
                0x000000000800c304       0x28 CMakeFiles/QEADynamicPlanningSTM32.elf.dir/Core/Src/freertos.c.obj
 .rodata.defaultTask_attributes
                0x000000000800c32c       0x24 CMakeFiles/QEADynamicPlanningSTM32.elf.dir/Core/Src/freertos.c.obj
                0x000000000800c32c                defaultTask_attributes
 .rodata.imuDecoder_attributes
                0x000000000800c350       0x24 CMakeFiles/QEADynamicPlanningSTM32.elf.dir/Core/Src/freertos.c.obj
                0x000000000800c350                imuDecoder_attributes
 .rodata.robotController_attributes
                0x000000000800c374       0x24 CMakeFiles/QEADynamicPlanningSTM32.elf.dir/Core/Src/freertos.c.obj
                0x000000000800c374                robotController_attributes
 .rodata.CRC16Table
                0x000000000800c398      0x200 CMakeFiles/QEADynamicPlanningSTM32.elf.dir/Core/Src/imu.c.obj
 .rodata.CRC8Table
                0x000000000800c598      0x100 CMakeFiles/QEADynamicPlanningSTM32.elf.dir/Core/Src/imu.c.obj
 .rodata.AHBPrescTable
                0x000000000800c698       0x10 CMakeFiles/QEADynamicPlanningSTM32.elf.dir/Core/Src/system_stm32f1xx.c.obj
                0x000000000800c698                AHBPrescTable
 .rodata.APBPrescTable
                0x000000000800c6a8        0x8 CMakeFiles/QEADynamicPlanningSTM32.elf.dir/Core/Src/system_stm32f1xx.c.obj
                0x000000000800c6a8                APBPrescTable
 .rodata.aPLLMULFactorTable.1
                0x000000000800c6b0       0x10 CMakeFiles/QEADynamicPlanningSTM32.elf.dir/Drivers/STM32F1xx_HAL_Driver/Src/stm32f1xx_hal_rcc.c.obj
 .rodata.aPredivFactorTable.0
                0x000000000800c6c0        0x2 CMakeFiles/QEADynamicPlanningSTM32.elf.dir/Drivers/STM32F1xx_HAL_Driver/Src/stm32f1xx_hal_rcc.c.obj
 *fill*         0x000000000800c6c2        0x2 
 .rodata.vTaskStartScheduler.str1.4
                0x000000000800c6c4        0x5 CMakeFiles/QEADynamicPlanningSTM32.elf.dir/Middlewares/Third_Party/FreeRTOS/Source/tasks.c.obj
 *fill*         0x000000000800c6c9        0x3 
 .rodata.prvCheckForValidListAndQueue.str1.4
                0x000000000800c6cc        0x5 CMakeFiles/QEADynamicPlanningSTM32.elf.dir/Middlewares/Third_Party/FreeRTOS/Source/timers.c.obj
 *fill*         0x000000000800c6d1        0x3 
 .rodata.xTimerCreateTimerTask.str1.4
                0x000000000800c6d4        0x8 CMakeFiles/QEADynamicPlanningSTM32.elf.dir/Middlewares/Third_Party/FreeRTOS/Source/timers.c.obj
 .rodata._global_impure_ptr
                0x000000000800c6dc        0x4 /Applications/ARM/bin/../lib/gcc/arm-none-eabi/10.3.1/../../../../arm-none-eabi/lib/thumb/v7-m/nofp/libg.a(lib_a-impure.o)
                0x000000000800c6dc                _global_impure_ptr
 .rodata._svfprintf_r.str1.4
                0x000000000800c6e0       0x42 /Applications/ARM/bin/../lib/gcc/arm-none-eabi/10.3.1/../../../../arm-none-eabi/lib/thumb/v7-m/nofp/libg.a(lib_a-svfprintf.o)
 *fill*         0x000000000800c722        0x2 
 .rodata.blanks.1
                0x000000000800c724       0x10 /Applications/ARM/bin/../lib/gcc/arm-none-eabi/10.3.1/../../../../arm-none-eabi/lib/thumb/v7-m/nofp/libg.a(lib_a-svfprintf.o)
 .rodata.zeroes.0
                0x000000000800c734       0x10 /Applications/ARM/bin/../lib/gcc/arm-none-eabi/10.3.1/../../../../arm-none-eabi/lib/thumb/v7-m/nofp/libg.a(lib_a-svfprintf.o)
 .rodata._dtoa_r.str1.4
                0x000000000800c744       0x7e /Applications/ARM/bin/../lib/gcc/arm-none-eabi/10.3.1/../../../../arm-none-eabi/lib/thumb/v7-m/nofp/libg.a(lib_a-dtoa.o)
                                         0x82 (size before relaxing)
 *fill*         0x000000000800c7c2        0x2 
 .rodata.__multadd.str1.4
                0x000000000800c7c4       0x5b /Applications/ARM/bin/../lib/gcc/arm-none-eabi/10.3.1/../../../../arm-none-eabi/lib/thumb/v7-m/nofp/libg.a(lib_a-mprec.o)
                                         0x6f (size before relaxing)
 *fill*         0x000000000800c81f        0x1 
 .rodata.__mprec_bigtens
                0x000000000800c820       0x28 /Applications/ARM/bin/../lib/gcc/arm-none-eabi/10.3.1/../../../../arm-none-eabi/lib/thumb/v7-m/nofp/libg.a(lib_a-mprec.o)
                0x000000000800c820                __mprec_bigtens
 .rodata.__mprec_tens
                0x000000000800c848       0xc8 /Applications/ARM/bin/../lib/gcc/arm-none-eabi/10.3.1/../../../../arm-none-eabi/lib/thumb/v7-m/nofp/libg.a(lib_a-mprec.o)
                0x000000000800c848                __mprec_tens
 .rodata.p05.0  0x000000000800c910        0xc /Applications/ARM/bin/../lib/gcc/arm-none-eabi/10.3.1/../../../../arm-none-eabi/lib/thumb/v7-m/nofp/libg.a(lib_a-mprec.o)
 .rodata.__assert_func.str1.4
                0x000000000800c91c       0x3f /Applications/ARM/bin/../lib/gcc/arm-none-eabi/10.3.1/../../../../arm-none-eabi/lib/thumb/v7-m/nofp/libg.a(lib_a-assert.o)
                                         0x43 (size before relaxing)
 *fill*         0x000000000800c95b        0x1 
 .rodata._setlocale_r.str1.4
                0x000000000800c95c        0xa /Applications/ARM/bin/../lib/gcc/arm-none-eabi/10.3.1/../../../../arm-none-eabi/lib/thumb/v7-m/nofp/libg.a(lib_a-locale.o)
                                          0xd (size before relaxing)
 *fill*         0x000000000800c966        0x2 
 .rodata.str1.4
                0x000000000800c968        0x2 /Applications/ARM/bin/../lib/gcc/arm-none-eabi/10.3.1/../../../../arm-none-eabi/lib/thumb/v7-m/nofp/libg.a(lib_a-locale.o)
 .rodata._vfiprintf_r.str1.4
                0x000000000800c96a       0x2f /Applications/ARM/bin/../lib/gcc/arm-none-eabi/10.3.1/../../../../arm-none-eabi/lib/thumb/v7-m/nofp/libg.a(lib_a-vfiprintf.o)
 *fill*         0x000000000800c96a        0x2 
 .rodata.blanks.1
                0x000000000800c96c       0x10 /Applications/ARM/bin/../lib/gcc/arm-none-eabi/10.3.1/../../../../arm-none-eabi/lib/thumb/v7-m/nofp/libg.a(lib_a-vfiprintf.o)
 .rodata.zeroes.0
                0x000000000800c97c       0x10 /Applications/ARM/bin/../lib/gcc/arm-none-eabi/10.3.1/../../../../arm-none-eabi/lib/thumb/v7-m/nofp/libg.a(lib_a-vfiprintf.o)
 .rodata._ctype_
                0x000000000800c98c      0x101 /Applications/ARM/bin/../lib/gcc/arm-none-eabi/10.3.1/../../../../arm-none-eabi/lib/thumb/v7-m/nofp/libg.a(lib_a-ctype_.o)
                0x000000000800c98c                _ctype_
                0x000000000800ca90                . = ALIGN (0x4)
 *fill*         0x000000000800ca8d        0x3 

.ARM.extab      0x000000000800ca90        0x0
                0x000000000800ca90                . = ALIGN (0x4)
 *(.ARM.extab* .gnu.linkonce.armextab.*)
                0x000000000800ca90                . = ALIGN (0x4)

.ARM            0x000000000800ca90        0x8
                0x000000000800ca90                . = ALIGN (0x4)
                0x000000000800ca90                __exidx_start = .
 *(.ARM.exidx*)
 .ARM.exidx     0x000000000800ca90        0x8 /Applications/ARM/bin/../lib/gcc/arm-none-eabi/10.3.1/thumb/v7-m/nofp/libgcc.a(_udivmoddi4.o)
                0x000000000800ca98                __exidx_end = .
                0x000000000800ca98                . = ALIGN (0x4)

.rel.dyn        0x000000000800ca98        0x0
 .rel.iplt      0x000000000800ca98        0x0 /Applications/ARM/bin/../lib/gcc/arm-none-eabi/10.3.1/thumb/v7-m/nofp/crtbegin.o

.preinit_array  0x000000000800ca98        0x0
                0x000000000800ca98                . = ALIGN (0x4)
                0x000000000800ca98                PROVIDE (__preinit_array_start = .)
 *(.preinit_array*)
                0x000000000800ca98                PROVIDE (__preinit_array_end = .)
                0x000000000800ca98                . = ALIGN (0x4)

.init_array     0x000000000800ca98        0x8
                0x000000000800ca98                . = ALIGN (0x4)
                0x000000000800ca98                PROVIDE (__init_array_start = .)
 *(SORT_BY_NAME(.init_array.*))
 .init_array.00000
                0x000000000800ca98        0x4 /Applications/ARM/bin/../lib/gcc/arm-none-eabi/10.3.1/../../../../arm-none-eabi/lib/thumb/v7-m/nofp/libg.a(lib_a-__call_atexit.o)
 *(.init_array*)
 .init_array    0x000000000800ca9c        0x4 /Applications/ARM/bin/../lib/gcc/arm-none-eabi/10.3.1/thumb/v7-m/nofp/crtbegin.o
                0x000000000800caa0                PROVIDE (__init_array_end = .)
                0x000000000800caa0                . = ALIGN (0x4)

.fini_array     0x000000000800caa0        0x4
                0x000000000800caa0                . = ALIGN (0x4)
                0x000000000800caa0                PROVIDE (__fini_array_start = .)
 *(SORT_BY_NAME(.fini_array.*))
 *(.fini_array*)
 .fini_array    0x000000000800caa0        0x4 /Applications/ARM/bin/../lib/gcc/arm-none-eabi/10.3.1/thumb/v7-m/nofp/crtbegin.o
                0x000000000800caa4                PROVIDE (__fini_array_end = .)
                0x000000000800caa4                . = ALIGN (0x4)
                0x000000000800caa4                _sidata = LOADADDR (.data)

.data           0x0000000020000000      0x9c0 load address 0x000000000800caa4
                0x0000000020000000                . = ALIGN (0x4)
                0x0000000020000000                _sdata = .
 *(.data)
 *(.data*)
 .data.SystemCoreClock
                0x0000000020000000        0x4 CMakeFiles/QEADynamicPlanningSTM32.elf.dir/Core/Src/system_stm32f1xx.c.obj
                0x0000000020000000                SystemCoreClock
 .data.uwTickFreq
                0x0000000020000004        0x1 CMakeFiles/QEADynamicPlanningSTM32.elf.dir/Drivers/STM32F1xx_HAL_Driver/Src/stm32f1xx_hal.c.obj
                0x0000000020000004                uwTickFreq
 *fill*         0x0000000020000005        0x3 
 .data.uwTickPrio
                0x0000000020000008        0x4 CMakeFiles/QEADynamicPlanningSTM32.elf.dir/Drivers/STM32F1xx_HAL_Driver/Src/stm32f1xx_hal.c.obj
                0x0000000020000008                uwTickPrio
 .data.uxCriticalNesting
                0x000000002000000c        0x4 CMakeFiles/QEADynamicPlanningSTM32.elf.dir/Middlewares/Third_Party/FreeRTOS/Source/portable/GCC/ARM_CM3/port.c.obj
 .data._impure_ptr
                0x0000000020000010        0x4 /Applications/ARM/bin/../lib/gcc/arm-none-eabi/10.3.1/../../../../arm-none-eabi/lib/thumb/v7-m/nofp/libg.a(lib_a-impure.o)
                0x0000000020000010                _impure_ptr
 *fill*         0x0000000020000014        0x4 
 .data.impure_data
                0x0000000020000018      0x428 /Applications/ARM/bin/../lib/gcc/arm-none-eabi/10.3.1/../../../../arm-none-eabi/lib/thumb/v7-m/nofp/libg.a(lib_a-impure.o)
 .data.__atexit_recursive_mutex
                0x0000000020000440        0x4 /Applications/ARM/bin/../lib/gcc/arm-none-eabi/10.3.1/../../../../arm-none-eabi/lib/thumb/v7-m/nofp/libg.a(lib_a-__call_atexit.o)
                0x0000000020000440                __atexit_recursive_mutex
 .data.__malloc_av_
                0x0000000020000444      0x408 /Applications/ARM/bin/../lib/gcc/arm-none-eabi/10.3.1/../../../../arm-none-eabi/lib/thumb/v7-m/nofp/libg.a(lib_a-mallocr.o)
                0x0000000020000444                __malloc_av_
 .data.__malloc_sbrk_base
                0x000000002000084c        0x4 /Applications/ARM/bin/../lib/gcc/arm-none-eabi/10.3.1/../../../../arm-none-eabi/lib/thumb/v7-m/nofp/libg.a(lib_a-mallocr.o)
                0x000000002000084c                __malloc_sbrk_base
 .data.__malloc_trim_threshold
                0x0000000020000850        0x4 /Applications/ARM/bin/../lib/gcc/arm-none-eabi/10.3.1/../../../../arm-none-eabi/lib/thumb/v7-m/nofp/libg.a(lib_a-mallocr.o)
                0x0000000020000850                __malloc_trim_threshold
 .data.__global_locale
                0x0000000020000854      0x16c /Applications/ARM/bin/../lib/gcc/arm-none-eabi/10.3.1/../../../../arm-none-eabi/lib/thumb/v7-m/nofp/libg.a(lib_a-locale.o)
                0x0000000020000854                __global_locale
 *(.RamFunc)
 *(.RamFunc*)
                0x00000000200009c0                . = ALIGN (0x4)
                0x00000000200009c0                _edata = .

.igot.plt       0x00000000200009c0        0x0 load address 0x000000000800d464
 .igot.plt      0x00000000200009c0        0x0 /Applications/ARM/bin/../lib/gcc/arm-none-eabi/10.3.1/thumb/v7-m/nofp/crtbegin.o
                0x00000000200009c0                . = ALIGN (0x4)

.bss            0x00000000200009c0     0x3d0c load address 0x000000000800d464
                0x00000000200009c0                _sbss = .
                0x00000000200009c0                __bss_start__ = _sbss
 *(.bss)
 .bss           0x00000000200009c0       0x1c /Applications/ARM/bin/../lib/gcc/arm-none-eabi/10.3.1/thumb/v7-m/nofp/crtbegin.o
 *(.bss*)
 .bss.defaultTaskHandle
                0x00000000200009dc        0x4 CMakeFiles/QEADynamicPlanningSTM32.elf.dir/Core/Src/freertos.c.obj
                0x00000000200009dc                defaultTaskHandle
 .bss.imuDecoderHandle
                0x00000000200009e0        0x4 CMakeFiles/QEADynamicPlanningSTM32.elf.dir/Core/Src/freertos.c.obj
                0x00000000200009e0                imuDecoderHandle
 .bss.robotControllerHandle
                0x00000000200009e4        0x4 CMakeFiles/QEADynamicPlanningSTM32.elf.dir/Core/Src/freertos.c.obj
                0x00000000200009e4                robotControllerHandle
 .bss.imuBuff   0x00000000200009e8      0x400 CMakeFiles/QEADynamicPlanningSTM32.elf.dir/Core/Src/imu.c.obj
                0x00000000200009e8                imuBuff
 .bss.imuBuffOffset
                0x0000000020000de8        0x4 CMakeFiles/QEADynamicPlanningSTM32.elf.dir/Core/Src/imu.c.obj
                0x0000000020000de8                imuBuffOffset
 .bss.imuPackage
                0x0000000020000dec        0x4 CMakeFiles/QEADynamicPlanningSTM32.elf.dir/Core/Src/imu.c.obj
                0x0000000020000dec                imuPackage
 .bss.imuRecvBuff
                0x0000000020000df0       0x80 CMakeFiles/QEADynamicPlanningSTM32.elf.dir/Core/Src/imu.c.obj
                0x0000000020000df0                imuRecvBuff
 .bss.imuTaskHandle
                0x0000000020000e70        0x4 CMakeFiles/QEADynamicPlanningSTM32.elf.dir/Core/Src/imu.c.obj
                0x0000000020000e70                imuTaskHandle
 *fill*         0x0000000020000e74        0x4 
 .bss.robotIMU  0x0000000020000e78       0x18 CMakeFiles/QEADynamicPlanningSTM32.elf.dir/Core/Src/imu.c.obj
                0x0000000020000e78                robotIMU
 .bss.robotMotion
                0x0000000020000e90       0x10 CMakeFiles/QEADynamicPlanningSTM32.elf.dir/Core/Src/motion.c.obj
                0x0000000020000e90                robotMotion
 .bss.htim6     0x0000000020000ea0       0x48 CMakeFiles/QEADynamicPlanningSTM32.elf.dir/Core/Src/stm32f1xx_hal_timebase_tim.c.obj