Archive member included to satisfy reference by file (symbol)

/Applications/ARM/bin/../lib/gcc/arm-none-eabi/10.3.1/thumb/v7-m/nofp/libgcc.a(_arm_muldf3.o)
                              CMakeFiles/QEADynamicPlanningSTM32.elf.dir/Core/Src/motion.c.obj (__aeabi_dmul)
/Applications/ARM/bin/../lib/gcc/arm-none-eabi/10.3.1/thumb/v7-m/nofp/libgcc.a(_arm_addsubdf3.o)
                              CMakeFiles/QEADynamicPlanningSTM32.elf.dir/Core/Src/imu.c.obj (__aeabi_dsub)
/Applications/ARM/bin/../lib/gcc/arm-none-eabi/10.3.1/thumb/v7-m/nofp/libgcc.a(_arm_cmpdf2.o)
                              CMakeFiles/QEADynamicPlanningSTM32.elf.dir/Core/Src/motion.c.obj (__aeabi_dcmplt)
/Applications/ARM/bin/../lib/gcc/arm-none-eabi/10.3.1/thumb/v7-m/nofp/libgcc.a(_arm_fixunsdfsi.o)
                              CMakeFiles/QEADynamicPlanningSTM32.elf.dir/Core/Src/wheel_pwm.c.obj (__aeabi_d2uiz)
/Applications/ARM/bin/../lib/gcc/arm-none-eabi/10.3.1/../../../../arm-none-eabi/lib/thumb/v7-m/nofp/libg.a(lib_a-errno.o)
                              CMakeFiles/QEADynamicPlanningSTM32.elf.dir/Core/Src/syscalls.c.obj (__errno)
/Applications/ARM/bin/../lib/gcc/arm-none-eabi/10.3.1/../../../../arm-none-eabi/lib/thumb/v7-m/nofp/libg.a(lib_a-exit.o)
                              /Applications/ARM/bin/../lib/gcc/arm-none-eabi/10.3.1/../../../../arm-none-eabi/lib/thumb/v7-m/nofp/crt0.o (exit)
/Applications/ARM/bin/../lib/gcc/arm-none-eabi/10.3.1/../../../../arm-none-eabi/lib/thumb/v7-m/nofp/libg.a(lib_a-impure.o)
                              /Applications/ARM/bin/../lib/gcc/arm-none-eabi/10.3.1/../../../../arm-none-eabi/lib/thumb/v7-m/nofp/libg.a(lib_a-exit.o) (_global_impure_ptr)
/Applications/ARM/bin/../lib/gcc/arm-none-eabi/10.3.1/../../../../arm-none-eabi/lib/thumb/v7-m/nofp/libg.a(lib_a-init.o)
                              /Applications/ARM/bin/../lib/gcc/arm-none-eabi/10.3.1/../../../../arm-none-eabi/lib/thumb/v7-m/nofp/crt0.o (__libc_init_array)
/Applications/ARM/bin/../lib/gcc/arm-none-eabi/10.3.1/../../../../arm-none-eabi/lib/thumb/v7-m/nofp/libg.a(lib_a-memcpy.o)
                              CMakeFiles/QEADynamicPlanningSTM32.elf.dir/Core/Src/imu.c.obj (memcpy)
/Applications/ARM/bin/../lib/gcc/arm-none-eabi/10.3.1/../../../../arm-none-eabi/lib/thumb/v7-m/nofp/libg.a(lib_a-memset.o)
                              /Applications/ARM/bin/../lib/gcc/arm-none-eabi/10.3.1/../../../../arm-none-eabi/lib/thumb/v7-m/nofp/crt0.o (memset)
/Applications/ARM/bin/../lib/gcc/arm-none-eabi/10.3.1/../../../../arm-none-eabi/lib/thumb/v7-m/nofp/libg.a(lib_a-snprintf.o)
                              CMakeFiles/QEADynamicPlanningSTM32.elf.dir/Core/Src/freertos.c.obj (snprintf)
/Applications/ARM/bin/../lib/gcc/arm-none-eabi/10.3.1/../../../../arm-none-eabi/lib/thumb/v7-m/nofp/libg.a(lib_a-sscanf.o)
                              CMakeFiles/QEADynamicPlanningSTM32.elf.dir/Core/Src/freertos.c.obj (sscanf)
/Applications/ARM/bin/../lib/gcc/arm-none-eabi/10.3.1/../../../../arm-none-eabi/lib/thumb/v7-m/nofp/libg.a(lib_a-stdio.o)
                              /Applications/ARM/bin/../lib/gcc/arm-none-eabi/10.3.1/../../../../arm-none-eabi/lib/thumb/v7-m/nofp/libg.a(lib_a-sscanf.o) (__seofread)
/Applications/ARM/bin/../lib/gcc/arm-none-eabi/10.3.1/../../../../arm-none-eabi/lib/thumb/v7-m/nofp/libg.a(lib_a-strlen-stub.o)
                              CMakeFiles/QEADynamicPlanningSTM32.elf.dir/Core/Src/freertos.c.obj (strlen)
/Applications/ARM/bin/../lib/gcc/arm-none-eabi/10.3.1/../../../../arm-none-eabi/lib/thumb/v7-m/nofp/libg.a(lib_a-svfprintf.o)
                              /Applications/ARM/bin/../lib/gcc/arm-none-eabi/10.3.1/../../../../arm-none-eabi/lib/thumb/v7-m/nofp/libg.a(lib_a-snprintf.o) (_svfprintf_r)
/Applications/ARM/bin/../lib/gcc/arm-none-eabi/10.3.1/../../../../arm-none-eabi/lib/thumb/v7-m/nofp/libg.a(lib_a-svfscanf.o)
                              /Applications/ARM/bin/../lib/gcc/arm-none-eabi/10.3.1/../../../../arm-none-eabi/lib/thumb/v7-m/nofp/libg.a(lib_a-sscanf.o) (__ssvfscanf_r)
/Applications/ARM/bin/../lib/gcc/arm-none-eabi/10.3.1/../../../../arm-none-eabi/lib/thumb/v7-m/nofp/libg.a(lib_a-writer.o)
                              /Applications/ARM/bin/../lib/gcc/arm-none-eabi/10.3.1/../../../../arm-none-eabi/lib/thumb/v7-m/nofp/libg.a(lib_a-stdio.o) (_write_r)
/Applications/ARM/bin/../lib/gcc/arm-none-eabi/10.3.1/../../../../arm-none-eabi/lib/thumb/v7-m/nofp/libg.a(lib_a-__call_atexit.o)
                              /Applications/ARM/bin/../lib/gcc/arm-none-eabi/10.3.1/../../../../arm-none-eabi/lib/thumb/v7-m/nofp/libg.a(lib_a-exit.o) (__call_exitprocs)
/Applications/ARM/bin/../lib/gcc/arm-none-eabi/10.3.1/../../../../arm-none-eabi/lib/thumb/v7-m/nofp/libg.a(lib_a-atexit.o)
                              /Applications/ARM/bin/../lib/gcc/arm-none-eabi/10.3.1/../../../../arm-none-eabi/lib/thumb/v7-m/nofp/libg.a(lib_a-__call_atexit.o) (atexit)
[...]
Memory Configuration

Name             Origin             Length             Attributes
RAM              0x0000000020000000 0x000000000000c000 xrw
FLASH            0x0000000008000000 0x0000000000040000 xr
*default*        0x0000000000000000 0xffffffffffffffff

Linker script and memory map

LOAD /Applications/ARM/bin/../lib/gcc/arm-none-eabi/10.3.1/thumb/v7-m/nofp/crti.o
LOAD /Applications/ARM/bin/../lib/gcc/arm-none-eabi/10.3.1/thumb/v7-m/nofp/crtbegin.o
LOAD /Applications/ARM/bin/../lib/gcc/arm-none-eabi/10.3.1/../../../../arm-none-eabi/lib/thumb/v7-m/nofp/crt0.o
LOAD CMakeFiles/QEADynamicPlanningSTM32.elf.dir/Core/Src/dma.c.obj
LOAD CMakeFiles/QEADynamicPlanningSTM32.elf.dir/Core/Src/freertos.c.obj
LOAD CMakeFiles/QEADynamicPlanningSTM32.elf.dir/Core/Src/gpio.c.obj
LOAD CMakeFiles/QEADynamicPlanningSTM32.elf.dir/Core/Src/imu.c.obj
LOAD CMakeFiles/QEADynamicPlanningSTM32.elf.dir/Core/Src/main.c.obj
LOAD CMakeFiles/QEADynamicPlanningSTM32.elf.dir/Core/Src/motion.c.obj
LOAD CMakeFiles/QEADynamicPlanningSTM32.elf.dir/Core/Src/pid.c.obj
LOAD CMakeFiles/QEADynamicPlanningSTM32.elf.dir/Core/Src/robot.c.obj
LOAD CMakeFiles/QEADynamicPlanningSTM32.elf.dir/Core/Src/stm32f1xx_hal_msp.c.obj
LOAD CMakeFiles/QEADynamicPlanningSTM32.elf.dir/Core/Src/stm32f1xx_hal_timebase_tim.c.obj
LOAD CMakeFiles/QEADynamicPlanningSTM32.elf.dir/Core/Src/stm32f1xx_it.c.obj
LOAD CMakeFiles/QEADynamicPlanningSTM32.elf.dir/Core/Src/syscalls.c.obj
LOAD CMakeFiles/QEADynamicPlanningSTM32.elf.dir/Core/Src/sysmem.c.obj
LOAD CMakeFiles/QEADynamicPlanningSTM32.elf.dir/Core/Src/system_stm32f1xx.c.obj
LOAD CMakeFiles/QEADynamicPlanningSTM32.elf.dir/Core/Src/tim.c.obj
LOAD CMakeFiles/QEADynamicPlanningSTM32.elf.dir/Core/Src/usart.c.obj
LOAD CMakeFiles/QEADynamicPlanningSTM32.elf.dir/Core/Src/wheel_pwm.c.obj
LOAD CMakeFiles/QEADynamicPlanningSTM32.elf.dir/Core/Startup/startup_stm32f103rctx.s.obj
LOAD CMakeFiles/QEADynamicPlanningSTM32.elf.dir/Drivers/STM32F1xx_HAL_Driver/Src/stm32f1xx_hal.c.obj
LOAD CMakeFiles/QEADynamicPlanningSTM32.elf.dir/Drivers/STM32F1xx_HAL_Driver/Src/stm32f1xx_hal_cortex.c.obj
LOAD CMakeFiles/QEADynamicPlanningSTM32.elf.dir/Drivers/STM32F1xx_HAL_Driver/Src/stm32f1xx_hal_dma.c.obj
LOAD CMakeFiles/QEADynamicPlanningSTM32.elf.dir/Drivers/STM32F1xx_HAL_Driver/Src/stm32f1xx_hal_exti.c.obj
LOAD CMakeFiles/QEADynamicPlanningSTM32.elf.dir/Drivers/STM32F1xx_HAL_Driver/Src/stm32f1xx_hal_flash.c.obj
LOAD CMakeFiles/QEADynamicPlanningSTM32.elf.dir/Drivers/STM32F1xx_HAL_Driver/Src/stm32f1xx_hal_flash_ex.c.obj
LOAD CMakeFiles/QEADynamicPlanningSTM32.elf.dir/Drivers/STM32F1xx_HAL_Driver/Src/stm32f1xx_hal_gpio.c.obj
LOAD CMakeFiles/QEADynamicPlanningSTM32.elf.dir/Drivers/STM32F1xx_HAL_Driver/Src/stm32f1xx_hal_gpio_ex.c.obj
LOAD CMakeFiles/QEADynamicPlanningSTM32.elf.dir/Drivers/STM32F1xx_HAL_Driver/Src/stm32f1xx_hal_pwr.c.obj
LOAD CMakeFiles/QEADynamicPlanningSTM32.elf.dir/Drivers/STM32F1xx_HAL_Driver/Src/stm32f1xx_hal_rcc.c.obj
LOAD CMakeFiles/QEADynamicPlanningSTM32.elf.dir/Drivers/STM32F1xx_HAL_Driver/Src/stm32f1xx_hal_rcc_ex.c.obj
LOAD CMakeFiles/QEADynamicPlanningSTM32.elf.dir/Drivers/STM32F1xx_HAL_Driver/Src/stm32f1xx_hal_tim.c.obj
LOAD CMakeFiles/QEADynamicPlanningSTM32.elf.dir/Drivers/STM32F1xx_HAL_Driver/Src/stm32f1xx_hal_tim_ex.c.obj
LOAD CMakeFiles/QEADynamicPlanningSTM32.elf.dir/Drivers/STM32F1xx_HAL_Driver/Src/stm32f1xx_hal_uart.c.obj
LOAD CMakeFiles/QEADynamicPlanningSTM32.elf.dir/Middlewares/Third_Party/FreeRTOS/Source/CMSIS_RTOS_V2/cmsis_os2.c.obj
LOAD CMakeFiles/QEADynamicPlanningSTM32.elf.dir/Middlewares/Third_Party/FreeRTOS/Source/croutine.c.obj
LOAD CMakeFiles/QEADynamicPlanningSTM32.elf.dir/Middlewares/Third_Party/FreeRTOS/Source/event_groups.c.obj
LOAD CMakeFiles/QEADynamicPlanningSTM32.elf.dir/Middlewares/Third_Party/FreeRTOS/Source/list.c.obj
LOAD CMakeFiles/QEADynamicPlanningSTM32.elf.dir/Middlewares/Third_Party/FreeRTOS/Source/portable/GCC/ARM_CM3/port.c.obj
LOAD CMakeFiles/QEADynamicPlanningSTM32.elf.dir/Middlewares/Third_Party/FreeRTOS/Source/portable/MemMang/heap_4.c.obj
LOAD CMakeFiles/QEADynamicPlanningSTM32.elf.dir/Middlewares/Third_Party/FreeRTOS/Source/queue.c.obj
LOAD CMakeFiles/QEADynamicPlanningSTM32.elf.dir/Middlewares/Third_Party/FreeRTOS/Source/stream_buffer.c.obj
LOAD CMakeFiles/QEADynamicPlanningSTM32.elf.dir/Middlewares/Third_Party/FreeRTOS/Source/tasks.c.obj
LOAD CMakeFiles/QEADynamicPlanningSTM32.elf.dir/Middlewares/Third_Party/FreeRTOS/Source/timers.c.obj
START GROUP
LOAD /Applications/ARM/bin/../lib/gcc/arm-none-eabi/10.3.1/thumb/v7-m/nofp/libgcc.a
LOAD /Applications/ARM/bin/../lib/gcc/arm-none-eabi/10.3.1/../../../../arm-none-eabi/lib/thumb/v7-m/nofp/libg.a
LOAD /Applications/ARM/bin/../lib/gcc/arm-none-eabi/10.3.1/../../../../arm-none-eabi/lib/thumb/v7-m/nofp/libc.a
END GROUP
LOAD /Applications/ARM/bin/../lib/gcc/arm-none-eabi/10.3.1/thumb/v7-m/nofp/crtend.o
LOAD /Applications/ARM/bin/../lib/gcc/arm-none-eabi/10.3.1/thumb/v7-m/nofp/crtn.o
                0x000000002000c000                _estack = (ORIGIN (RAM) + LENGTH (RAM))
                0x0000000000000200                _Min_Heap_Size = 0x200
                0x0000000000000400                _Min_Stack_Size = 0x400

.isr_vector     0x0000000008000000      0x1e4
                0x0000000008000000                . = ALIGN (0x4)
 *(.isr_vector)
 .isr_vector    0x0000000008000000      0x1e4 CMakeFiles/QEADynamicPlanningSTM32.elf.dir/Core/Startup/startup_stm32f103rctx.s.obj
                0x0000000008000000                g_pfnVectors
                0x00000000080001e4                . = ALIGN (0x4)

.text           0x00000000080001f0    0x10eb8
                0x00000000080001f0                . = ALIGN (0x4)
 *(.text)
 .text          0x00000000080001f0       0x40 /Applications/ARM/bin/../lib/gcc/arm-none-eabi/10.3.1/thumb/v7-m/nofp/crtbegin.o
 .text          0x0000000008000230      0x378 /Applications/ARM/bin/../lib/gcc/arm-none-eabi/10.3.1/thumb/v7-m/nofp/libgcc.a(_arm_addsubdf3.o)
                0x0000000008000230                __aeabi_drsub
                0x0000000008000238                __subdf3
                0x0000000008000238                __aeabi_dsub
                0x000000000800023c                __aeabi_dadd
                0x000000000800023c                __adddf3
                0x00000000080004b4                __aeabi_ui2d
                0x00000000080004b4                __floatunsidf
                0x00000000080004d4                __floatsidf
                0x00000000080004d4                __aeabi_i2d
                0x00000000080004f8                __extendsfdf2
                0x00000000080004f8                __aeabi_f2d
                0x000000000800053c                __aeabi_ul2d
                0x000000000800053c                __floatundidf
                0x000000000800054c                __aeabi_l2d
                0x000000000800054c                __floatdidf
 .text          0x00000000080005a8      0x110 /Applications/ARM/bin/../lib/gcc/arm-none-eabi/10.3.1/thumb/v7-m/nofp/libgcc.a(_arm_cmpdf2.o)
                0x00000000080005a8                __gedf2
                0x00000000080005a8                __gtdf2
                0x00000000080005b0                __ledf2
                0x00000000080005b0                __ltdf2
                0x00000000080005b8                __cmpdf2
                0x00000000080005b8                __eqdf2
                0x00000000080005b8                __nedf2
                0x0000000008000634                __aeabi_cdrcmple
                0x0000000008000644                __aeabi_cdcmple
                0x0000000008000644                __aeabi_cdcmpeq
                0x0000000008000654                __aeabi_dcmpeq
                0x0000000008000668                __aeabi_dcmplt
                0x000000000800067c                __aeabi_dcmple
                0x0000000008000690                __aeabi_dcmpge
                0x00000000080006a4                __aeabi_dcmpgt
 .text          0x00000000080006b8       0x40 /Applications/ARM/bin/../lib/gcc/arm-none-eabi/10.3.1/thumb/v7-m/nofp/libgcc.a(_arm_fixunsdfsi.o)
                0x00000000080006b8                __fixunsdfsi
                0x00000000080006b8                __aeabi_d2uiz
 .text          0x00000000080006f8       0xec /Applications/ARM/bin/../lib/gcc/arm-none-eabi/10.3.1/../../../../arm-none-eabi/lib/thumb/v7-m/nofp/libg.a(lib_a-memcpy.o)
                0x00000000080006f8                memcpy
 .text          0x00000000080007e4      0x424 /Applications/ARM/bin/../lib/gcc/arm-none-eabi/10.3.1/thumb/v7-m/nofp/libgcc.a(_arm_muldivdf3.o)
                0x00000000080007e4                __aeabi_dmul
                0x00000000080007e4                __muldf3
                0x0000000008000a38                __aeabi_ddiv
                0x0000000008000a38                __divdf3
 .text          0x0000000008000c08       0x2c /Applications/ARM/bin/../lib/gcc/arm-none-eabi/10.3.1/thumb/v7-m/nofp/libgcc.a(_arm_unorddf2.o)
                0x0000000008000c08                __aeabi_dcmpun
                0x0000000008000c08                __unorddf2
 .text          0x0000000008000c34       0x50 /Applications/ARM/bin/../lib/gcc/arm-none-eabi/10.3.1/thumb/v7-m/nofp/libgcc.a(_arm_fixdfsi.o)
                0x0000000008000c34                __fixdfsi
                0x0000000008000c34                __aeabi_d2iz
 .text          0x0000000008000c84       0xa0 /Applications/ARM/bin/../lib/gcc/arm-none-eabi/10.3.1/thumb/v7-m/nofp/libgcc.a(_arm_truncdfsf2.o)
                0x0000000008000c84                __aeabi_d2f
                0x0000000008000c84                __truncdfsf2
 .text          0x0000000008000d24       0x30 /Applications/ARM/bin/../lib/gcc/arm-none-eabi/10.3.1/thumb/v7-m/nofp/libgcc.a(_aeabi_uldivmod.o)
                0x0000000008000d24                __aeabi_uldivmod
 .text          0x0000000008000d54       0x34 /Applications/ARM/bin/../lib/gcc/arm-none-eabi/10.3.1/thumb/v7-m/nofp/libgcc.a(_fixdfdi.o)
                0x0000000008000d54                __aeabi_d2lz
                0x0000000008000d54                __fixdfdi
 .text          0x0000000008000d88       0x3c /Applications/ARM/bin/../lib/gcc/arm-none-eabi/10.3.1/thumb/v7-m/nofp/libgcc.a(_fixunsdfdi.o)
                0x0000000008000d88                __aeabi_d2ulz
                0x0000000008000d88                __fixunsdfdi
 .text          0x0000000008000dc4      0x2d4 /Applications/ARM/bin/../lib/gcc/arm-none-eabi/10.3.1/thumb/v7-m/nofp/libgcc.a(_udivmoddi4.o)
                0x0000000008000dc4                __udivmoddi4
 .text          0x0000000008001098        0x4 /Applications/ARM/bin/../lib/gcc/arm-none-eabi/10.3.1/thumb/v7-m/nofp/libgcc.a(_dvmd_tls.o)
                0x0000000008001098                __aeabi_ldiv0
                0x0000000008001098                __aeabi_idiv0
 *(.text*)
 .text.MX_DMA_Init
                0x000000000800109c       0x44 CMakeFiles/QEADynamicPlanningSTM32.elf.dir/Core/Src/dma.c.obj
                0x000000000800109c                MX_DMA_Init
 .text.StartDefaultTask
                0x00000000080010e0       0x80 CMakeFiles/QEADynamicPlanningSTM32.elf.dir/Core/Src/freertos.c.obj
                0x00000000080010e0                StartDefaultTask
 .text.IMUDecoder
                0x0000000008001160       0x60 CMakeFiles/QEADynamicPlanningSTM32.elf.dir/Core/Src/freertos.c.obj
                0x0000000008001160                IMUDecoder
 .text.startsWith
                0x00000000080011c0       0x36 CMakeFiles/QEADynamicPlanningSTM32.elf.dir/Core/Src/freertos.c.obj
                0x00000000080011c0                startsWith
 *fill*         0x00000000080011f6        0x2 
 .text.RobotController
                0x00000000080011f8      0x258 CMakeFiles/QEADynamicPlanningSTM32.elf.dir/Core/Src/freertos.c.obj
                0x00000000080011f8                RobotController
 .text.MX_FREERTOS_Init
                0x0000000008001450       0x78 CMakeFiles/QEADynamicPlanningSTM32.elf.dir/Core/Src/freertos.c.obj
                0x0000000008001450                MX_FREERTOS_Init
 .text.MX_GPIO_Init
                0x00000000080014c8       0x54 CMakeFiles/QEADynamicPlanningSTM32.elf.dir/Core/Src/gpio.c.obj
                0x00000000080014c8                MX_GPIO_Init
 .text.CRC8_Table
                0x000000000800151c       0x20 CMakeFiles/QEADynamicPlanningSTM32.elf.dir/Core/Src/imu.c.obj
                0x000000000800151c                CRC8_Table
 .text.CRC16_Table
                0x000000000800153c       0x30 CMakeFiles/QEADynamicPlanningSTM32.elf.dir/Core/Src/imu.c.obj
                0x000000000800153c                CRC16_Table
 .text.IMU_RxHalfCpltCallback
                0x000000000800156c       0x4c CMakeFiles/QEADynamicPlanningSTM32.elf.dir/Core/Src/imu.c.obj
                0x000000000800156c                IMU_RxHalfCpltCallback
 .text.IMU_RxCpltCallback
                0x00000000080015b8       0x4c CMakeFiles/QEADynamicPlanningSTM32.elf.dir/Core/Src/imu.c.obj
                0x00000000080015b8                IMU_RxCpltCallback
 *fill*         0x0000000008001604        0x4 
 .text.HandleIMUPackage
                0x0000000008001608       0x54 CMakeFiles/QEADynamicPlanningSTM32.elf.dir/Core/Src/imu.c.obj
                0x0000000008001608                HandleIMUPackage
 .text.DecodeIMUPackage
                0x000000000800165c      0x124 CMakeFiles/QEADynamicPlanningSTM32.elf.dir/Core/Src/imu.c.obj
                0x000000000800165c                DecodeIMUPackage
 .text.HAL_UART_RxHalfCpltCallback
                0x0000000008001780       0x18 CMakeFiles/QEADynamicPlanningSTM32.elf.dir/Core/Src/main.c.obj
                0x0000000008001780                HAL_UART_RxHalfCpltCallback
 .text.HAL_UART_RxCpltCallback
                0x0000000008001798       0x28 CMakeFiles/QEADynamicPlanningSTM32.elf.dir/Core/Src/main.c.obj
                0x0000000008001798                HAL_UART_RxCpltCallback
 .text.HAL_TIM_PeriodElapsedCallback
                0x00000000080017c0       0x2c CMakeFiles/QEADynamicPlanningSTM32.elf.dir/Core/Src/main.c.obj
                0x00000000080017c0                HAL_TIM_PeriodElapsedCallback
 .text.Error_Handler
                0x00000000080017ec        0x4 CMakeFiles/QEADynamicPlanningSTM32.elf.dir/Core/Src/main.c.obj
                0x00000000080017ec                Error_Handler
 .text.SystemClock_Config
                0x00000000080017f0       0x64 CMakeFiles/QEADynamicPlanningSTM32.elf.dir/Core/Src/main.c.obj
                0x00000000080017f0                SystemClock_Config
 .text.main     0x0000000008001854       0x84 CMakeFiles/QEADynamicPlanningSTM32.elf.dir/Core/Src/main.c.obj
                0x0000000008001854                main
 .text.ClearSpeed
                0x00000000080018d8       0x14 CMakeFiles/QEADynamicPlanningSTM32.elf.dir/Core/Src/motion.c.obj
                0x00000000080018d8                ClearSpeed
 .text.CommitSpeed
                0x00000000080018ec       0x2c CMakeFiles/QEADynamicPlanningSTM32.elf.dir/Core/Src/motion.c.obj
                0x00000000080018ec                CommitSpeed
 .text.SpinLeft
                0x0000000008001918       0x30 CMakeFiles/QEADynamicPlanningSTM32.elf.dir/Core/Src/motion.c.obj
                0x0000000008001918                SpinLeft
 .text.SpinRight
                0x0000000008001948       0x30 CMakeFiles/QEADynamicPlanningSTM32.elf.dir/Core/Src/motion.c.obj
                0x0000000008001948                SpinRight
 .text.MoveForwardWithDis
                0x0000000008001978      0x148 CMakeFiles/QEADynamicPlanningSTM32.elf.dir/Core/Src/motion.c.obj
                0x0000000008001978                MoveForwardWithDis
 .text.MoveBackwardWithDis
                0x0000000008001ac0        0xe CMakeFiles/QEADynamicPlanningSTM32.elf.dir/Core/Src/motion.c.obj
                0x0000000008001ac0                MoveBackwardWithDis
 *fill*         0x0000000008001ace        0x2 
 .text.SpinTo   0x0000000008001ad0      0x138 CMakeFiles/QEADynamicPlanningSTM32.elf.dir/Core/Src/motion.c.obj
                0x0000000008001ad0                SpinTo
 .text.CreatePID
                0x0000000008001c08       0x52 CMakeFiles/QEADynamicPlanningSTM32.elf.dir/Core/Src/pid.c.obj
                0x0000000008001c08                CreatePID
 .text.PosTick  0x0000000008001c5a       0xc6 CMakeFiles/QEADynamicPlanningSTM32.elf.dir/Core/Src/pid.c.obj
                0x0000000008001c5a                PosTick
 .text.IncTick  0x0000000008001d20       0xe6 CMakeFiles/QEADynamicPlanningSTM32.elf.dir/Core/Src/pid.c.obj
                0x0000000008001d20                IncTick
 .text.PIDTick  0x0000000008001e06       0x28 CMakeFiles/QEADynamicPlanningSTM32.elf.dir/Core/Src/pid.c.obj
                0x0000000008001e06                PIDTick
 *fill*         0x0000000008001e2e        0x2 
 .text.Robot_RxCpltCallback
                0x0000000008001e30       0x78 CMakeFiles/QEADynamicPlanningSTM32.elf.dir/Core/Src/robot.c.obj
                0x0000000008001e30                Robot_RxCpltCallback
 .text.HAL_MspInit
                0x0000000008001ea8       0x54 CMakeFiles/QEADynamicPlanningSTM32.elf.dir/Core/Src/stm32f1xx_hal_msp.c.obj
                0x0000000008001ea8                HAL_MspInit
 .text.HAL_InitTick
                0x0000000008001efc       0x7c CMakeFiles/QEADynamicPlanningSTM32.elf.dir/Core/Src/stm32f1xx_hal_timebase_tim.c.obj
                0x0000000008001efc                HAL_InitTick
 .text.NMI_Handler
                0x0000000008001f78        0x2 CMakeFiles/QEADynamicPlanningSTM32.elf.dir/Core/Src/stm32f1xx_it.c.obj
                0x0000000008001f78                NMI_Handler
 .text.HardFault_Handler
                0x0000000008001f7a        0x2 CMakeFiles/QEADynamicPlanningSTM32.elf.dir/Core/Src/stm32f1xx_it.c.obj
                0x0000000008001f7a                HardFault_Handler
 .text.MemManage_Handler
                0x0000000008001f7c        0x2 CMakeFiles/QEADynamicPlanningSTM32.elf.dir/Core/Src/stm32f1xx_it.c.obj
                0x0000000008001f7c                MemManage_Handler
 .text.BusFault_Handler
                0x0000000008001f7e        0x2 CMakeFiles/QEADynamicPlanningSTM32.elf.dir/Core/Src/stm32f1xx_it.c.obj
                0x0000000008001f7e                BusFault_Handler
 .text.UsageFault_Handler
                0x0000000008001f80        0x2 CMakeFiles/QEADynamicPlanningSTM32.elf.dir/Core/Src/stm32f1xx_it.c.obj
                0x0000000008001f80                UsageFault_Handler
 .text.DebugMon_Handler
                0x0000000008001f82        0x2 CMakeFiles/QEADynamicPlanningSTM32.elf.dir/Core/Src/stm32f1xx_it.c.obj
                0x0000000008001f82                DebugMon_Handler
 .text.DMA1_Channel5_IRQHandler
                0x0000000008001f84       0x10 CMakeFiles/QEADynamicPlanningSTM32.elf.dir/Core/Src/stm32f1xx_it.c.obj
                0x0000000008001f84                DMA1_Channel5_IRQHandler
 .text.DMA1_Channel6_IRQHandler
                0x0000000008001f94       0x10 CMakeFiles/QEADynamicPlanningSTM32.elf.dir/Core/Src/stm32f1xx_it.c.obj
                0x0000000008001f94                DMA1_Channel6_IRQHandler
 .text.USART1_IRQHandler
                0x0000000008001fa4       0x10 CMakeFiles/QEADynamicPlanningSTM32.elf.dir/Core/Src/stm32f1xx_it.c.obj
                0x0000000008001fa4                USART1_IRQHandler
 .text.TIM6_IRQHandler
                0x0000000008001fb4       0x10 CMakeFiles/QEADynamicPlanningSTM32.elf.dir/Core/Src/stm32f1xx_it.c.obj
                0x0000000008001fb4                TIM6_IRQHandler
 .text.TIM7_IRQHandler
                0x0000000008001fc4       0x10 CMakeFiles/QEADynamicPlanningSTM32.elf.dir/Core/Src/stm32f1xx_it.c.obj
                0x0000000008001fc4                TIM7_IRQHandler
 .text._getpid  0x0000000008001fd4        0x4 CMakeFiles/QEADynamicPlanningSTM32.elf.dir/Core/Src/syscalls.c.obj
                0x0000000008001fd4                _getpid
 .text._kill    0x0000000008001fd8       0x10 CMakeFiles/QEADynamicPlanningSTM32.elf.dir/Core/Src/syscalls.c.obj
                0x0000000008001fd8                _kill
 .text._exit    0x0000000008001fe8        0xc CMakeFiles/QEADynamicPlanningSTM32.elf.dir/Core/Src/syscalls.c.obj
                0x0000000008001fe8                _exit
 .text._read    0x0000000008001ff4       0x20 CMakeFiles/QEADynamicPlanningSTM32.elf.dir/Core/Src/syscalls.c.obj
                0x0000000008001ff4                _read
 .text._write   0x0000000008002014       0x1c CMakeFiles/QEADynamicPlanningSTM32.elf.dir/Core/Src/syscalls.c.obj
                0x0000000008002014                _write
 .text._close   0x0000000008002030        0x6 CMakeFiles/QEADynamicPlanningSTM32.elf.dir/Core/Src/syscalls.c.obj
                0x0000000008002030                _close
 .text._fstat   0x0000000008002036        0xa CMakeFiles/QEADynamicPlanningSTM32.elf.dir/Core/Src/syscalls.c.obj
                0x0000000008002036                _fstat
 .text._isatty  0x0000000008002040        0x4 CMakeFiles/QEADynamicPlanningSTM32.elf.dir/Core/Src/syscalls.c.obj
                0x0000000008002040                _isatty
 .text._lseek   0x0000000008002044        0x4 CMakeFiles/QEADynamicPlanningSTM32.elf.dir/Core/Src/syscalls.c.obj
                0x0000000008002044                _lseek
 .text._sbrk    0x0000000008002048       0x48 CMakeFiles/QEADynamicPlanningSTM32.elf.dir/Core/Src/sysmem.c.obj
                0x0000000008002048                _sbrk
 .text.SystemInit
                0x0000000008002090        0x2 CMakeFiles/QEADynamicPlanningSTM32.elf.dir/Core/Src/system_stm32f1xx.c.obj
                0x0000000008002090                SystemInit
 *fill*         0x0000000008002092        0x2 
 .text.MX_TIM4_Init
                0x0000000008002094       0x64 CMakeFiles/QEADynamicPlanningSTM32.elf.dir/Core/Src/tim.c.obj
                0x0000000008002094                MX_TIM4_Init
 .text.MX_TIM7_Init
                0x00000000080020f8       0x50 CMakeFiles/QEADynamicPlanningSTM32.elf.dir/Core/Src/tim.c.obj
                0x00000000080020f8                MX_TIM7_Init
 .text.MX_TIM8_Init
                0x0000000008002148       0x68 CMakeFiles/QEADynamicPlanningSTM32.elf.dir/Core/Src/tim.c.obj
                0x0000000008002148                MX_TIM8_Init
 .text.HAL_TIM_Base_MspInit
                0x00000000080021b0       0x60 CMakeFiles/QEADynamicPlanningSTM32.elf.dir/Core/Src/tim.c.obj
                0x00000000080021b0                HAL_TIM_Base_MspInit
 .text.HAL_TIM_Encoder_MspInit
                0x0000000008002210       0xa0 CMakeFiles/QEADynamicPlanningSTM32.elf.dir/Core/Src/tim.c.obj
                0x0000000008002210                HAL_TIM_Encoder_MspInit
 .text.HAL_TIM_MspPostInit
                0x00000000080022b0       0x74 CMakeFiles/QEADynamicPlanningSTM32.elf.dir/Core/Src/tim.c.obj
                0x00000000080022b0                HAL_TIM_MspPostInit
 .text.MX_TIM3_Init
                0x0000000008002324       0xec CMakeFiles/QEADynamicPlanningSTM32.elf.dir/Core/Src/tim.c.obj
                0x0000000008002324                MX_TIM3_Init
 .text.MX_USART1_UART_Init
                0x0000000008002410       0x34 CMakeFiles/QEADynamicPlanningSTM32.elf.dir/Core/Src/usart.c.obj
                0x0000000008002410                MX_USART1_UART_Init
 .text.MX_USART2_UART_Init
                0x0000000008002444       0x34 CMakeFiles/QEADynamicPlanningSTM32.elf.dir/Core/Src/usart.c.obj
                0x0000000008002444                MX_USART2_UART_Init
 .text.HAL_UART_MspInit
                0x0000000008002478      0x14c CMakeFiles/QEADynamicPlanningSTM32.elf.dir/Core/Src/usart.c.obj
                0x0000000008002478                HAL_UART_MspInit
 .text.Wheel_PID_Init
                0x00000000080025c4       0x74 CMakeFiles/QEADynamicPlanningSTM32.elf.dir/Core/Src/wheel_pwm.c.obj
                0x00000000080025c4                Wheel_PID_Init
 .text.Wheel_PID_Tick
                0x0000000008002638      0x134 CMakeFiles/QEADynamicPlanningSTM32.elf.dir/Core/Src/wheel_pwm.c.obj
                0x0000000008002638                Wheel_PID_Tick
 .text.Reset_Handler
                0x000000000800276c       0x48 CMakeFiles/QEADynamicPlanningSTM32.elf.dir/Core/Startup/startup_stm32f103rctx.s.obj
                0x000000000800276c                Reset_Handler
 .text.Default_Handler
                0x00000000080027b4        0x2 CMakeFiles/QEADynamicPlanningSTM32.elf.dir/Core/Startup/startup_stm32f103rctx.s.obj
                0x00000000080027b4                DMA2_Channel3_IRQHandler
                0x00000000080027b4                EXTI2_IRQHandler
                0x00000000080027b4                TIM8_TRG_COM_IRQHandler
                0x00000000080027b4                TIM8_CC_IRQHandler
                0x00000000080027b4                TIM1_CC_IRQHandler
                0x00000000080027b4                PVD_IRQHandler
                0x00000000080027b4                SDIO_IRQHandler
                0x00000000080027b4                EXTI3_IRQHandler
                0x00000000080027b4                EXTI0_IRQHandler
                0x00000000080027b4                I2C2_EV_IRQHandler
                0x00000000080027b4                ADC1_2_IRQHandler
                0x00000000080027b4                SPI1_IRQHandler
                0x00000000080027b4                TAMPER_IRQHandler
                0x00000000080027b4                TIM8_UP_IRQHandler
                0x00000000080027b4                DMA2_Channel2_IRQHandler
                0x00000000080027b4                DMA1_Channel4_IRQHandler
                0x00000000080027b4                USART3_IRQHandler
                0x00000000080027b4                RTC_IRQHandler
                0x00000000080027b4                DMA1_Channel7_IRQHandler
                0x00000000080027b4                CAN1_RX1_IRQHandler
                0x00000000080027b4                UART5_IRQHandler
                0x00000000080027b4                ADC3_IRQHandler
                0x00000000080027b4                TIM4_IRQHandler
                0x00000000080027b4                DMA2_Channel1_IRQHandler
                0x00000000080027b4                I2C1_EV_IRQHandler
                0x00000000080027b4                UART4_IRQHandler
                0x00000000080027b4                TIM3_IRQHandler
                0x00000000080027b4                RCC_IRQHandler
                0x00000000080027b4                TIM1_TRG_COM_IRQHandler
                0x00000000080027b4                DMA1_Channel1_IRQHandler
                0x00000000080027b4                Default_Handler
                0x00000000080027b4                EXTI15_10_IRQHandler
                0x00000000080027b4                TIM5_IRQHandler
                0x00000000080027b4                EXTI9_5_IRQHandler
                0x00000000080027b4                SPI2_IRQHandler
                0x00000000080027b4                EXTI4_IRQHandler
                0x00000000080027b4                USB_LP_CAN1_RX0_IRQHandler
                0x00000000080027b4                USB_HP_CAN1_TX_IRQHandler
                0x00000000080027b4                DMA1_Channel3_IRQHandler
                0x00000000080027b4                FSMC_IRQHandler
                0x00000000080027b4                TIM1_UP_IRQHandler
                0x00000000080027b4                WWDG_IRQHandler
                0x00000000080027b4                TIM2_IRQHandler
                0x00000000080027b4                TIM1_BRK_IRQHandler
                0x00000000080027b4                EXTI1_IRQHandler
                0x00000000080027b4                DMA2_Channel4_5_IRQHandler
                0x00000000080027b4                USART2_IRQHandler
                0x00000000080027b4                I2C2_ER_IRQHandler
                0x00000000080027b4                DMA1_Channel2_IRQHandler
                0x00000000080027b4                TIM8_BRK_IRQHandler
                0x00000000080027b4                CAN1_SCE_IRQHandler
                0x00000000080027b4                FLASH_IRQHandler
                0x00000000080027b4                SPI3_IRQHandler
                0x00000000080027b4                I2C1_ER_IRQHandler
                0x00000000080027b4                USBWakeUp_IRQHandler
                0x00000000080027b4                RTC_Alarm_IRQHandler
 *fill*         0x00000000080027b6        0x2 
 .text.HAL_Init
                0x00000000080027b8       0x24 CMakeFiles/QEADynamicPlanningSTM32.elf.dir/Drivers/STM32F1xx_HAL_Driver/Src/stm32f1xx_hal.c.obj
                0x00000000080027b8                HAL_Init
 .text.HAL_IncTick
                0x00000000080027dc       0x18 CMakeFiles/QEADynamicPlanningSTM32.elf.dir/Drivers/STM32F1xx_HAL_Driver/Src/stm32f1xx_hal.c.obj
                0x00000000080027dc                HAL_IncTick
 .text.HAL_GetTick
                0x00000000080027f4        0xc CMakeFiles/QEADynamicPlanningSTM32.elf.dir/Drivers/STM32F1xx_HAL_Driver/Src/stm32f1xx_hal.c.obj
                0x00000000080027f4                HAL_GetTick
 .text.HAL_NVIC_SetPriorityGrouping
                0x0000000008002800       0x24 CMakeFiles/QEADynamicPlanningSTM32.elf.dir/Drivers/STM32F1xx_HAL_Driver/Src/stm32f1xx_hal_cortex.c.obj
                0x0000000008002800                HAL_NVIC_SetPriorityGrouping
 .text.HAL_NVIC_SetPriority
                0x0000000008002824       0x70 CMakeFiles/QEADynamicPlanningSTM32.elf.dir/Drivers/STM32F1xx_HAL_Driver/Src/stm32f1xx_hal_cortex.c.obj
                0x0000000008002824                HAL_NVIC_SetPriority
 .text.HAL_NVIC_EnableIRQ
                0x0000000008002894       0x1c CMakeFiles/QEADynamicPlanningSTM32.elf.dir/Drivers/STM32F1xx_HAL_Driver/Src/stm32f1xx_hal_cortex.c.obj
                0x0000000008002894                HAL_NVIC_EnableIRQ
 .text.DMA_SetConfig
                0x00000000080028b0       0x2c CMakeFiles/QEADynamicPlanningSTM32.elf.dir/Drivers/STM32F1xx_HAL_Driver/Src/stm32f1xx_hal_dma.c.obj
 .text.HAL_DMA_Init
                0x00000000080028dc       0x98 CMakeFiles/QEADynamicPlanningSTM32.elf.dir/Drivers/STM32F1xx_HAL_Driver/Src/stm32f1xx_hal_dma.c.obj
                0x00000000080028dc                HAL_DMA_Init
 .text.HAL_DMA_Start_IT
                0x0000000008002974       0x76 CMakeFiles/QEADynamicPlanningSTM32.elf.dir/Drivers/STM32F1xx_HAL_Driver/Src/stm32f1xx_hal_dma.c.obj
                0x0000000008002974                HAL_DMA_Start_IT
 .text.HAL_DMA_Abort
                0x00000000080029ea       0x46 CMakeFiles/QEADynamicPlanningSTM32.elf.dir/Drivers/STM32F1xx_HAL_Driver/Src/stm32f1xx_hal_dma.c.obj
                0x00000000080029ea                HAL_DMA_Abort
 .text.HAL_DMA_Abort_IT
                0x0000000008002a30      0x16c CMakeFiles/QEADynamicPlanningSTM32.elf.dir/Drivers/STM32F1xx_HAL_Driver/Src/stm32f1xx_hal_dma.c.obj
                0x0000000008002a30                HAL_DMA_Abort_IT
 .text.HAL_DMA_IRQHandler
                0x0000000008002b9c      0x2ec CMakeFiles/QEADynamicPlanningSTM32.elf.dir/Drivers/STM32F1xx_HAL_Driver/Src/stm32f1xx_hal_dma.c.obj
                0x0000000008002b9c                HAL_DMA_IRQHandler
 .text.HAL_GPIO_Init
                0x0000000008002e88      0x240 CMakeFiles/QEADynamicPlanningSTM32.elf.dir/Drivers/STM32F1xx_HAL_Driver/Src/stm32f1xx_hal_gpio.c.obj
                0x0000000008002e88                HAL_GPIO_Init
 .text.RCC_Delay
                0x00000000080030c8       0x2c CMakeFiles/QEADynamicPlanningSTM32.elf.dir/Drivers/STM32F1xx_HAL_Driver/Src/stm32f1xx_hal_rcc.c.obj
 .text.HAL_RCC_OscConfig
                0x00000000080030f4      0x410 CMakeFiles/QEADynamicPlanningSTM32.elf.dir/Drivers/STM32F1xx_HAL_Driver/Src/stm32f1xx_hal_rcc.c.obj
                0x00000000080030f4                HAL_RCC_OscConfig
 .text.HAL_RCC_GetSysClockFreq
                0x0000000008003504       0x54 CMakeFiles/QEADynamicPlanningSTM32.elf.dir/Drivers/STM32F1xx_HAL_Driver/Src/stm32f1xx_hal_rcc.c.obj
                0x0000000008003504                HAL_RCC_GetSysClockFreq
 .text.HAL_RCC_ClockConfig
                0x0000000008003558      0x16c CMakeFiles/QEADynamicPlanningSTM32.elf.dir/Drivers/STM32F1xx_HAL_Driver/Src/stm32f1xx_hal_rcc.c.obj
                0x0000000008003558                HAL_RCC_ClockConfig
 .text.HAL_RCC_GetHCLKFreq
                0x00000000080036c4        0xc CMakeFiles/QEADynamicPlanningSTM32.elf.dir/Drivers/STM32F1xx_HAL_Driver/Src/stm32f1xx_hal_rcc.c.obj
                0x00000000080036c4                HAL_RCC_GetHCLKFreq
 .text.HAL_RCC_GetPCLK1Freq
                0x00000000080036d0       0x20 CMakeFiles/QEADynamicPlanningSTM32.elf.dir/Drivers/STM32F1xx_HAL_Driver/Src/stm32f1xx_hal_rcc.c.obj
                0x00000000080036d0                HAL_RCC_GetPCLK1Freq
 .text.HAL_RCC_GetPCLK2Freq
                0x00000000080036f0       0x20 CMakeFiles/QEADynamicPlanningSTM32.elf.dir/Drivers/STM32F1xx_HAL_Driver/Src/stm32f1xx_hal_rcc.c.obj
                0x00000000080036f0                HAL_RCC_GetPCLK2Freq
 .text.HAL_RCC_GetClockConfig
                0x0000000008003710       0x3c CMakeFiles/QEADynamicPlanningSTM32.elf.dir/Drivers/STM32F1xx_HAL_Driver/Src/stm32f1xx_hal_rcc.c.obj
                0x0000000008003710                HAL_RCC_GetClockConfig
 .text.TIM_OC1_SetConfig
                0x000000000800374c       0x68 CMakeFiles/QEADynamicPlanningSTM32.elf.dir/Drivers/STM32F1xx_HAL_Driver/Src/stm32f1xx_hal_tim.c.obj
 .text.TIM_OC3_SetConfig
                0x00000000080037b4       0x70 CMakeFiles/QEADynamicPlanningSTM32.elf.dir/Drivers/STM32F1xx_HAL_Driver/Src/stm32f1xx_hal_tim.c.obj
 .text.TIM_OC4_SetConfig
                0x0000000008003824       0x50 CMakeFiles/QEADynamicPlanningSTM32.elf.dir/Drivers/STM32F1xx_HAL_Driver/Src/stm32f1xx_hal_tim.c.obj
 .text.TIM_TI1_ConfigInputStage
                0x0000000008003874       0x24 CMakeFiles/QEADynamicPlanningSTM32.elf.dir/Drivers/STM32F1xx_HAL_Driver/Src/stm32f1xx_hal_tim.c.obj
 .text.TIM_TI2_ConfigInputStage
                0x0000000008003898       0x26 CMakeFiles/QEADynamicPlanningSTM32.elf.dir/Drivers/STM32F1xx_HAL_Driver/Src/stm32f1xx_hal_tim.c.obj
 .text.TIM_ITRx_SetConfig
                0x00000000080038be       0x10 CMakeFiles/QEADynamicPlanningSTM32.elf.dir/Drivers/STM32F1xx_HAL_Driver/Src/stm32f1xx_hal_tim.c.obj
 *fill*         0x00000000080038ce        0x2 
 .text.HAL_TIM_Base_Start_IT
                0x00000000080038d0       0x78 CMakeFiles/QEADynamicPlanningSTM32.elf.dir/Drivers/STM32F1xx_HAL_Driver/Src/stm32f1xx_hal_tim.c.obj
                0x00000000080038d0                HAL_TIM_Base_Start_IT
 .text.HAL_TIM_PWM_MspInit
                0x0000000008003948        0x2 CMakeFiles/QEADynamicPlanningSTM32.elf.dir/Drivers/STM32F1xx_HAL_Driver/Src/stm32f1xx_hal_tim.c.obj
                0x0000000008003948                HAL_TIM_PWM_MspInit
 .text.HAL_TIM_OC_DelayElapsedCallback
                0x000000000800394a        0x2 CMakeFiles/QEADynamicPlanningSTM32.elf.dir/Drivers/STM32F1xx_HAL_Driver/Src/stm32f1xx_hal_tim.c.obj
                0x000000000800394a                HAL_TIM_OC_DelayElapsedCallback
 .text.HAL_TIM_IC_CaptureCallback
                0x000000000800394c        0x2 CMakeFiles/QEADynamicPlanningSTM32.elf.dir/Drivers/STM32F1xx_HAL_Driver/Src/stm32f1xx_hal_tim.c.obj
                0x000000000800394c                HAL_TIM_IC_CaptureCallback
 .text.HAL_TIM_PWM_PulseFinishedCallback
                0x000000000800394e        0x2 CMakeFiles/QEADynamicPlanningSTM32.elf.dir/Drivers/STM32F1xx_HAL_Driver/Src/stm32f1xx_hal_tim.c.obj
                0x000000000800394e                HAL_TIM_PWM_PulseFinishedCallback
 .text.HAL_TIM_TriggerCallback
                0x0000000008003950        0x2 CMakeFiles/QEADynamicPlanningSTM32.elf.dir/Drivers/STM32F1xx_HAL_Driver/Src/stm32f1xx_hal_tim.c.obj
                0x0000000008003950                HAL_TIM_TriggerCallback
 .text.HAL_TIM_IRQHandler
                0x0000000008003952      0x17a CMakeFiles/QEADynamicPlanningSTM32.elf.dir/Drivers/STM32F1xx_HAL_Driver/Src/stm32f1xx_hal_tim.c.obj
                0x0000000008003952                HAL_TIM_IRQHandler
 .text.TIM_Base_SetConfig
                0x0000000008003acc       0x98 CMakeFiles/QEADynamicPlanningSTM32.elf.dir/Drivers/STM32F1xx_HAL_Driver/Src/stm32f1xx_hal_tim.c.obj
                0x0000000008003acc                TIM_Base_SetConfig
 .text.HAL_TIM_Base_Init
                0x0000000008003b64       0x58 CMakeFiles/QEADynamicPlanningSTM32.elf.dir/Drivers/STM32F1xx_HAL_Driver/Src/stm32f1xx_hal_tim.c.obj
                0x0000000008003b64                HAL_TIM_Base_Init
 .text.HAL_TIM_PWM_Init
                0x0000000008003bbc       0x58 CMakeFiles/QEADynamicPlanningSTM32.elf.dir/Drivers/STM32F1xx_HAL_Driver/Src/stm32f1xx_hal_tim.c.obj
                0x0000000008003bbc                HAL_TIM_PWM_Init
 .text.HAL_TIM_Encoder_Init
                0x0000000008003c14       0xb8 CMakeFiles/QEADynamicPlanningSTM32.elf.dir/Drivers/STM32F1xx_HAL_Driver/Src/stm32f1xx_hal_tim.c.obj
                0x0000000008003c14                HAL_TIM_Encoder_Init
 .text.TIM_OC2_SetConfig
                0x0000000008003ccc       0x70 CMakeFiles/QEADynamicPlanningSTM32.elf.dir/Drivers/STM32F1xx_HAL_Driver/Src/stm32f1xx_hal_tim.c.obj
                0x0000000008003ccc                TIM_OC2_SetConfig
 .text.HAL_TIM_PWM_ConfigChannel
                0x0000000008003d3c       0xdc CMakeFiles/QEADynamicPlanningSTM32.elf.dir/Drivers/STM32F1xx_HAL_Driver/Src/stm32f1xx_hal_tim.c.obj
                0x0000000008003d3c                HAL_TIM_PWM_ConfigChannel
 .text.TIM_ETR_SetConfig
                0x0000000008003e18       0x18 CMakeFiles/QEADynamicPlanningSTM32.elf.dir/Drivers/STM32F1xx_HAL_Driver/Src/stm32f1xx_hal_tim.c.obj
                0x0000000008003e18                TIM_ETR_SetConfig
 .text.HAL_TIM_ConfigClockSource
                0x0000000008003e30       0xfe CMakeFiles/QEADynamicPlanningSTM32.elf.dir/Drivers/STM32F1xx_HAL_Driver/Src/stm32f1xx_hal_tim.c.obj
                0x0000000008003e30                HAL_TIM_ConfigClockSource
 .text.TIM_CCxChannelCmd
                0x0000000008003f2e       0x1e CMakeFiles/QEADynamicPlanningSTM32.elf.dir/Drivers/STM32F1xx_HAL_Driver/Src/stm32f1xx_hal_tim.c.obj
                0x0000000008003f2e                TIM_CCxChannelCmd
 .text.HAL_TIM_PWM_Start
                0x0000000008003f4c       0xf4 CMakeFiles/QEADynamicPlanningSTM32.elf.dir/Drivers/STM32F1xx_HAL_Driver/Src/stm32f1xx_hal_tim.c.obj
                0x0000000008003f4c                HAL_TIM_PWM_Start
 .text.HAL_TIM_Encoder_Start
                0x0000000008004040       0xcc CMakeFiles/QEADynamicPlanningSTM32.elf.dir/Drivers/STM32F1xx_HAL_Driver/Src/stm32f1xx_hal_tim.c.obj
                0x0000000008004040                HAL_TIM_Encoder_Start
 .text.HAL_TIMEx_MasterConfigSynchronization
                0x000000000800410c       0x7c CMakeFiles/QEADynamicPlanningSTM32.elf.dir/Drivers/STM32F1xx_HAL_Driver/Src/stm32f1xx_hal_tim_ex.c.obj
                0x000000000800410c                HAL_TIMEx_MasterConfigSynchronization
 .text.HAL_TIMEx_CommutCallback
                0x0000000008004188        0x2 CMakeFiles/QEADynamicPlanningSTM32.elf.dir/Drivers/STM32F1xx_HAL_Driver/Src/stm32f1xx_hal_tim_ex.c.obj
                0x0000000008004188                HAL_TIMEx_CommutCallback
 .text.HAL_TIMEx_BreakCallback
                0x000000000800418a        0x2 CMakeFiles/QEADynamicPlanningSTM32.elf.dir/Drivers/STM32F1xx_HAL_Driver/Src/stm32f1xx_hal_tim_ex.c.obj
                0x000000000800418a                HAL_TIMEx_BreakCallback
 .text.UART_EndTxTransfer
                0x000000000800418c       0x20 CMakeFiles/QEADynamicPlanningSTM32.elf.dir/Drivers/STM32F1xx_HAL_Driver/Src/stm32f1xx_hal_uart.c.obj
 .text.UART_EndRxTransfer
                0x00000000080041ac       0x5c CMakeFiles/QEADynamicPlanningSTM32.elf.dir/Drivers/STM32F1xx_HAL_Driver/Src/stm32f1xx_hal_uart.c.obj
 .text.UART_Transmit_IT
                0x0000000008004208       0x60 CMakeFiles/QEADynamicPlanningSTM32.elf.dir/Drivers/STM32F1xx_HAL_Driver/Src/stm32f1xx_hal_uart.c.obj
 .text.UART_SetConfig
                0x0000000008004268       0x94 CMakeFiles/QEADynamicPlanningSTM32.elf.dir/Drivers/STM32F1xx_HAL_Driver/Src/stm32f1xx_hal_uart.c.obj
 .text.UART_WaitOnFlagUntilTimeout
                0x00000000080042fc       0x88 CMakeFiles/QEADynamicPlanningSTM32.elf.dir/Drivers/STM32F1xx_HAL_Driver/Src/stm32f1xx_hal_uart.c.obj
 .text.HAL_UART_Init
                0x0000000008004384       0x60 CMakeFiles/QEADynamicPlanningSTM32.elf.dir/Drivers/STM32F1xx_HAL_Driver/Src/stm32f1xx_hal_uart.c.obj
                0x0000000008004384                HAL_UART_Init
 .text.HAL_UART_Transmit
                0x00000000080043e4       0xbe CMakeFiles/QEADynamicPlanningSTM32.elf.dir/Drivers/STM32F1xx_HAL_Driver/Src/stm32f1xx_hal_uart.c.obj
                0x00000000080043e4                HAL_UART_Transmit
 .text.HAL_UART_TxCpltCallback
                0x00000000080044a2        0x2 CMakeFiles/QEADynamicPlanningSTM32.elf.dir/Drivers/STM32F1xx_HAL_Driver/Src/stm32f1xx_hal_uart.c.obj
                0x00000000080044a2                HAL_UART_TxCpltCallback
 .text.UART_EndTransmit_IT
                0x00000000080044a4       0x1a CMakeFiles/QEADynamicPlanningSTM32.elf.dir/Drivers/STM32F1xx_HAL_Driver/Src/stm32f1xx_hal_uart.c.obj
 .text.HAL_UART_ErrorCallback
                0x00000000080044be        0x2 CMakeFiles/QEADynamicPlanningSTM32.elf.dir/Drivers/STM32F1xx_HAL_Driver/Src/stm32f1xx_hal_uart.c.obj
                0x00000000080044be                HAL_UART_ErrorCallback
 .text.UART_DMAError
                0x00000000080044c0       0x58 CMakeFiles/QEADynamicPlanningSTM32.elf.dir/Drivers/STM32F1xx_HAL_Driver/Src/stm32f1xx_hal_uart.c.obj
 .text.UART_DMAAbortOnError
                0x0000000008004518       0x10 CMakeFiles/QEADynamicPlanningSTM32.elf.dir/Drivers/STM32F1xx_HAL_Driver/Src/stm32f1xx_hal_uart.c.obj
 .text.HAL_UARTEx_RxEventCallback
                0x0000000008004528        0x2 CMakeFiles/QEADynamicPlanningSTM32.elf.dir/Drivers/STM32F1xx_HAL_Driver/Src/stm32f1xx_hal_uart.c.obj
                0x0000000008004528                HAL_UARTEx_RxEventCallback
 .text.UART_Receive_IT
                0x000000000800452a       0xe6 CMakeFiles/QEADynamicPlanningSTM32.elf.dir/Drivers/STM32F1xx_HAL_Driver/Src/stm32f1xx_hal_uart.c.obj
 .text.HAL_UART_IRQHandler
                0x0000000008004610      0x288 CMakeFiles/QEADynamicPlanningSTM32.elf.dir/Drivers/STM32F1xx_HAL_Driver/Src/stm32f1xx_hal_uart.c.obj
                0x0000000008004610                HAL_UART_IRQHandler
 .text.UART_DMARxHalfCplt
                0x0000000008004898       0x1e CMakeFiles/QEADynamicPlanningSTM32.elf.dir/Drivers/STM32F1xx_HAL_Driver/Src/stm32f1xx_hal_uart.c.obj
 .text.UART_DMAReceiveCplt
                0x00000000080048b6       0x9a CMakeFiles/QEADynamicPlanningSTM32.elf.dir/Drivers/STM32F1xx_HAL_Driver/Src/stm32f1xx_hal_uart.c.obj
 .text.HAL_UART_GetState
                0x0000000008004950        0xc CMakeFiles/QEADynamicPlanningSTM32.elf.dir/Drivers/STM32F1xx_HAL_Driver/Src/stm32f1xx_hal_uart.c.obj
                0x0000000008004950                HAL_UART_GetState
 .text.UART_Start_Receive_IT
                0x000000000800495c       0x36 CMakeFiles/QEADynamicPlanningSTM32.elf.dir/Drivers/STM32F1xx_HAL_Driver/Src/stm32f1xx_hal_uart.c.obj
                0x000000000800495c                UART_Start_Receive_IT
 .text.HAL_UART_Receive_IT
                0x0000000008004992       0x26 CMakeFiles/QEADynamicPlanningSTM32.elf.dir/Drivers/STM32F1xx_HAL_Driver/Src/stm32f1xx_hal_uart.c.obj
                0x0000000008004992                HAL_UART_Receive_IT
 .text.UART_Start_Receive_DMA
                0x00000000080049b8       0xa4 CMakeFiles/QEADynamicPlanningSTM32.elf.dir/Drivers/STM32F1xx_HAL_Driver/Src/stm32f1xx_hal_uart.c.obj
                0x00000000080049b8                UART_Start_Receive_DMA
 .text.HAL_UART_Receive_DMA
                0x0000000008004a5c       0x26 CMakeFiles/QEADynamicPlanningSTM32.elf.dir/Drivers/STM32F1xx_HAL_Driver/Src/stm32f1xx_hal_uart.c.obj
                0x0000000008004a5c                HAL_UART_Receive_DMA
 *fill*         0x0000000008004a82        0x2 
 .text.osKernelInitialize
                0x0000000008004a84       0x44 CMakeFiles/QEADynamicPlanningSTM32.elf.dir/Middlewares/Third_Party/FreeRTOS/Source/CMSIS_RTOS_V2/cmsis_os2.c.obj
                0x0000000008004a84                osKernelInitialize
 .text.osKernelStart
                0x0000000008004ac8       0x4c CMakeFiles/QEADynamicPlanningSTM32.elf.dir/Middlewares/Third_Party/FreeRTOS/Source/CMSIS_RTOS_V2/cmsis_os2.c.obj
                0x0000000008004ac8                osKernelStart
 .text.osThreadNew
                0x0000000008004b14       0xec CMakeFiles/QEADynamicPlanningSTM32.elf.dir/Middlewares/Third_Party/FreeRTOS/Source/CMSIS_RTOS_V2/cmsis_os2.c.obj
                0x0000000008004b14                osThreadNew
 .text.osDelay  0x0000000008004c00       0x44 CMakeFiles/QEADynamicPlanningSTM32.elf.dir/Middlewares/Third_Party/FreeRTOS/Source/CMSIS_RTOS_V2/cmsis_os2.c.obj
                0x0000000008004c00                osDelay
 .text.osMutexNew
                0x0000000008004c44       0xbc CMakeFiles/QEADynamicPlanningSTM32.elf.dir/Middlewares/Third_Party/FreeRTOS/Source/CMSIS_RTOS_V2/cmsis_os2.c.obj
                0x0000000008004c44                osMutexNew
 .text.vApplicationGetIdleTaskMemory
                0x0000000008004d00       0x18 CMakeFiles/QEADynamicPlanningSTM32.elf.dir/Middlewares/Third_Party/FreeRTOS/Source/CMSIS_RTOS_V2/cmsis_os2.c.obj
                0x0000000008004d00                vApplicationGetIdleTaskMemory
 .text.vApplicationGetTimerTaskMemory
                0x0000000008004d18       0x18 CMakeFiles/QEADynamicPlanningSTM32.elf.dir/Middlewares/Third_Party/FreeRTOS/Source/CMSIS_RTOS_V2/cmsis_os2.c.obj
                0x0000000008004d18                vApplicationGetTimerTaskMemory
 .text.vListInitialise
                0x0000000008004d30       0x16 CMakeFiles/QEADynamicPlanningSTM32.elf.dir/Middlewares/Third_Party/FreeRTOS/Source/list.c.obj
                0x0000000008004d30                vListInitialise
 .text.vListInitialiseItem
                0x0000000008004d46        0x6 CMakeFiles/QEADynamicPlanningSTM32.elf.dir/Middlewares/Third_Party/FreeRTOS/Source/list.c.obj
                0x0000000008004d46                vListInitialiseItem
 .text.vListInsertEnd
                0x0000000008004d4c       0x16 CMakeFiles/QEADynamicPlanningSTM32.elf.dir/Middlewares/Third_Party/FreeRTOS/Source/list.c.obj
                0x0000000008004d4c                vListInsertEnd
 .text.vListInsert
                0x0000000008004d62       0x32 CMakeFiles/QEADynamicPlanningSTM32.elf.dir/Middlewares/Third_Party/FreeRTOS/Source/list.c.obj
                0x0000000008004d62                vListInsert
 .text.uxListRemove
                0x0000000008004d94       0x26 CMakeFiles/QEADynamicPlanningSTM32.elf.dir/Middlewares/Third_Party/FreeRTOS/Source/list.c.obj
                0x0000000008004d94                uxListRemove
 *fill*         0x0000000008004dba        0x2 
 .text.prvTaskExitError
                0x0000000008004dbc       0x40 CMakeFiles/QEADynamicPlanningSTM32.elf.dir/Middlewares/Third_Party/FreeRTOS/Source/portable/GCC/ARM_CM3/port.c.obj
 .text.prvPortStartFirstTask
                0x0000000008004dfc       0x20 CMakeFiles/QEADynamicPlanningSTM32.elf.dir/Middlewares/Third_Party/FreeRTOS/Source/portable/GCC/ARM_CM3/port.c.obj
 .text.pxPortInitialiseStack
                0x0000000008004e1c       0x24 CMakeFiles/QEADynamicPlanningSTM32.elf.dir/Middlewares/Third_Party/FreeRTOS/Source/portable/GCC/ARM_CM3/port.c.obj
                0x0000000008004e1c                pxPortInitialiseStack
 .text.SVC_Handler
                0x0000000008004e40       0x24 CMakeFiles/QEADynamicPlanningSTM32.elf.dir/Middlewares/Third_Party/FreeRTOS/Source/portable/GCC/ARM_CM3/port.c.obj
                0x0000000008004e40                SVC_Handler
 .text.vPortEnterCritical
                0x0000000008004e64       0x44 CMakeFiles/QEADynamicPlanningSTM32.elf.dir/Middlewares/Third_Party/FreeRTOS/Source/portable/GCC/ARM_CM3/port.c.obj
                0x0000000008004e64                vPortEnterCritical
 .text.vPortExitCritical
                0x0000000008004ea8       0x2c CMakeFiles/QEADynamicPlanningSTM32.elf.dir/Middlewares/Third_Party/FreeRTOS/Source/portable/GCC/ARM_CM3/port.c.obj
                0x0000000008004ea8                vPortExitCritical
 *fill*         0x0000000008004ed4        0xc 
 .text.PendSV_Handler
                0x0000000008004ee0       0x44 CMakeFiles/QEADynamicPlanningSTM32.elf.dir/Middlewares/Third_Party/FreeRTOS/Source/portable/GCC/ARM_CM3/port.c.obj
                0x0000000008004ee0                PendSV_Handler
 .text.SysTick_Handler
                0x0000000008004f24       0x2c CMakeFiles/QEADynamicPlanningSTM32.elf.dir/Middlewares/Third_Party/FreeRTOS/Source/portable/GCC/ARM_CM3/port.c.obj
                0x0000000008004f24                SysTick_Handler
 .text.vPortSetupTimerInterrupt
                0x0000000008004f50       0x28 CMakeFiles/QEADynamicPlanningSTM32.elf.dir/Middlewares/Third_Party/FreeRTOS/Source/portable/GCC/ARM_CM3/port.c.obj
                0x0000000008004f50                vPortSetupTimerInterrupt
 .text.xPortStartScheduler
                0x0000000008004f78       0xc0 CMakeFiles/QEADynamicPlanningSTM32.elf.dir/Middlewares/Third_Party/FreeRTOS/Source/portable/GCC/ARM_CM3/port.c.obj
                0x0000000008004f78                xPortStartScheduler
 .text.vPortValidateInterruptPriority
                0x0000000008005038       0x5c CMakeFiles/QEADynamicPlanningSTM32.elf.dir/Middlewares/Third_Party/FreeRTOS/Source/portable/GCC/ARM_CM3/port.c.obj
                0x0000000008005038                vPortValidateInterruptPriority
 .text.prvHeapInit
                0x0000000008005094       0x68 CMakeFiles/QEADynamicPlanningSTM32.elf.dir/Middlewares/Third_Party/FreeRTOS/Source/portable/MemMang/heap_4.c.obj
 .text.prvInsertBlockIntoFreeList
                0x00000000080050fc       0x60 CMakeFiles/QEADynamicPlanningSTM32.elf.dir/Middlewares/Third_Party/FreeRTOS/Source/portable/MemMang/heap_4.c.obj
 .text.pvPortMalloc
                0x000000000800515c       0xf0 CMakeFiles/QEADynamicPlanningSTM32.elf.dir/Middlewares/Third_Party/FreeRTOS/Source/portable/MemMang/heap_4.c.obj
                0x000000000800515c                pvPortMalloc
 .text.vPortFree
                0x000000000800524c       0x70 CMakeFiles/QEADynamicPlanningSTM32.elf.dir/Middlewares/Third_Party/FreeRTOS/Source/portable/MemMang/heap_4.c.obj
                0x000000000800524c                vPortFree
 .text.prvGetDisinheritPriorityAfterTimeout
                0x00000000080052bc       0x10 CMakeFiles/QEADynamicPlanningSTM32.elf.dir/Middlewares/Third_Party/FreeRTOS/Source/queue.c.obj
 .text.prvIsQueueFull
                0x00000000080052cc       0x1e CMakeFiles/QEADynamicPlanningSTM32.elf.dir/Middlewares/Third_Party/FreeRTOS/Source/queue.c.obj
 .text.prvIsQueueEmpty
                0x00000000080052ea       0x1a CMakeFiles/QEADynamicPlanningSTM32.elf.dir/Middlewares/Third_Party/FreeRTOS/Source/queue.c.obj
 .text.prvCopyDataToQueue
                0x0000000008005304       0x76 CMakeFiles/QEADynamicPlanningSTM32.elf.dir/Middlewares/Third_Party/FreeRTOS/Source/queue.c.obj
 .text.prvCopyDataFromQueue
                0x000000000800537a       0x24 CMakeFiles/QEADynamicPlanningSTM32.elf.dir/Middlewares/Third_Party/FreeRTOS/Source/queue.c.obj
 .text.prvUnlockQueue
                0x000000000800539e       0x6e CMakeFiles/QEADynamicPlanningSTM32.elf.dir/Middlewares/Third_Party/FreeRTOS/Source/queue.c.obj
 .text.xQueueGenericReset
                0x000000000800540c       0x84 CMakeFiles/QEADynamicPlanningSTM32.elf.dir/Middlewares/Third_Party/FreeRTOS/Source/queue.c.obj
                0x000000000800540c                xQueueGenericReset
 .text.prvInitialiseNewQueue
                0x0000000008005490       0x22 CMakeFiles/QEADynamicPlanningSTM32.elf.dir/Middlewares/Third_Party/FreeRTOS/Source/queue.c.obj
 .text.xQueueGenericCreateStatic
                0x00000000080054b2       0x92 CMakeFiles/QEADynamicPlanningSTM32.elf.dir/Middlewares/Third_Party/FreeRTOS/Source/queue.c.obj
                0x00000000080054b2                xQueueGenericCreateStatic
 .text.xQueueGenericCreate
                0x0000000008005544       0x4e CMakeFiles/QEADynamicPlanningSTM32.elf.dir/Middlewares/Third_Party/FreeRTOS/Source/queue.c.obj
                0x0000000008005544                xQueueGenericCreate
 .text.xQueueGenericSend
                0x0000000008005592      0x188 CMakeFiles/QEADynamicPlanningSTM32.elf.dir/Middlewares/Third_Party/FreeRTOS/Source/queue.c.obj
                0x0000000008005592                xQueueGenericSend
 .text.prvInitialiseMutex
                0x000000000800571a       0x18 CMakeFiles/QEADynamicPlanningSTM32.elf.dir/Middlewares/Third_Party/FreeRTOS/Source/queue.c.obj
 .text.xQueueCreateMutex
                0x0000000008005732       0x16 CMakeFiles/QEADynamicPlanningSTM32.elf.dir/Middlewares/Third_Party/FreeRTOS/Source/queue.c.obj
                0x0000000008005732                xQueueCreateMutex
 .text.xQueueCreateMutexStatic
                0x0000000008005748       0x1e CMakeFiles/QEADynamicPlanningSTM32.elf.dir/Middlewares/Third_Party/FreeRTOS/Source/queue.c.obj
                0x0000000008005748                xQueueCreateMutexStatic
 .text.xQueueGenericSendFromISR
                0x0000000008005766       0xcc CMakeFiles/QEADynamicPlanningSTM32.elf.dir/Middlewares/Third_Party/FreeRTOS/Source/queue.c.obj
                0x0000000008005766                xQueueGenericSendFromISR
 .text.xQueueReceive
                0x0000000008005832      0x15e CMakeFiles/QEADynamicPlanningSTM32.elf.dir/Middlewares/Third_Party/FreeRTOS/Source/queue.c.obj
                0x0000000008005832                xQueueReceive
 .text.xQueueSemaphoreTake
                0x0000000008005990      0x1a6 CMakeFiles/QEADynamicPlanningSTM32.elf.dir/Middlewares/Third_Party/FreeRTOS/Source/queue.c.obj
                0x0000000008005990                xQueueSemaphoreTake
 *fill*         0x0000000008005b36        0x2 
 .text.vQueueAddToRegistry
                0x0000000008005b38       0x28 CMakeFiles/QEADynamicPlanningSTM32.elf.dir/Middlewares/Third_Party/FreeRTOS/Source/queue.c.obj
                0x0000000008005b38                vQueueAddToRegistry
 .text.vQueueWaitForMessageRestricted
                0x0000000008005b60       0x52 CMakeFiles/QEADynamicPlanningSTM32.elf.dir/Middlewares/Third_Party/FreeRTOS/Source/queue.c.obj
                0x0000000008005b60                vQueueWaitForMessageRestricted
 .text.prvBytesInBuffer
                0x0000000008005bb2       0x12 CMakeFiles/QEADynamicPlanningSTM32.elf.dir/Middlewares/Third_Party/FreeRTOS/Source/stream_buffer.c.obj
 .text.prvInitialiseNewStreamBuffer
                0x0000000008005bc4       0x42 CMakeFiles/QEADynamicPlanningSTM32.elf.dir/Middlewares/Third_Party/FreeRTOS/Source/stream_buffer.c.obj
 .text.prvWriteBytesToBuffer
                0x0000000008005c06       0x8c CMakeFiles/QEADynamicPlanningSTM32.elf.dir/Middlewares/Third_Party/FreeRTOS/Source/stream_buffer.c.obj
 .text.prvWriteMessageToBuffer
                0x0000000008005c92       0x44 CMakeFiles/QEADynamicPlanningSTM32.elf.dir/Middlewares/Third_Party/FreeRTOS/Source/stream_buffer.c.obj
 .text.prvReadBytesFromBuffer
                0x0000000008005cd6       0x9c CMakeFiles/QEADynamicPlanningSTM32.elf.dir/Middlewares/Third_Party/FreeRTOS/Source/stream_buffer.c.obj
 .text.prvReadMessageFromBuffer
                0x0000000008005d72       0x4c CMakeFiles/QEADynamicPlanningSTM32.elf.dir/Middlewares/Third_Party/FreeRTOS/Source/stream_buffer.c.obj
 .text.xStreamBufferGenericCreate
                0x0000000008005dbe       0x58 CMakeFiles/QEADynamicPlanningSTM32.elf.dir/Middlewares/Third_Party/FreeRTOS/Source/stream_buffer.c.obj
                0x0000000008005dbe                xStreamBufferGenericCreate
 .text.xStreamBufferSpacesAvailable
                0x0000000008005e16       0x2a CMakeFiles/QEADynamicPlanningSTM32.elf.dir/Middlewares/Third_Party/FreeRTOS/Source/stream_buffer.c.obj
                0x0000000008005e16                xStreamBufferSpacesAvailable
 .text.xStreamBufferSendFromISR
                0x0000000008005e40       0xa4 CMakeFiles/QEADynamicPlanningSTM32.elf.dir/Middlewares/Third_Party/FreeRTOS/Source/stream_buffer.c.obj
                0x0000000008005e40                xStreamBufferSendFromISR
 .text.xStreamBufferReceive
                0x0000000008005ee4       0xec CMakeFiles/QEADynamicPlanningSTM32.elf.dir/Middlewares/Third_Party/FreeRTOS/Source/stream_buffer.c.obj
                0x0000000008005ee4                xStreamBufferReceive
 .text.prvResetNextTaskUnblockTime
                0x0000000008005fd0       0x2c CMakeFiles/QEADynamicPlanningSTM32.elf.dir/Middlewares/Third_Party/FreeRTOS/Source/tasks.c.obj
 .text.prvInitialiseNewTask
                0x0000000008005ffc       0x9c CMakeFiles/QEADynamicPlanningSTM32.elf.dir/Middlewares/Third_Party/FreeRTOS/Source/tasks.c.obj
 .text.prvInitialiseTaskLists
                0x0000000008006098       0x68 CMakeFiles/QEADynamicPlanningSTM32.elf.dir/Middlewares/Third_Party/FreeRTOS/Source/tasks.c.obj
 .text.prvAddNewTaskToReadyList
                0x0000000008006100       0xac CMakeFiles/QEADynamicPlanningSTM32.elf.dir/Middlewares/Third_Party/FreeRTOS/Source/tasks.c.obj
 .text.prvDeleteTCB
                0x00000000080061ac       0x38 CMakeFiles/QEADynamicPlanningSTM32.elf.dir/Middlewares/Third_Party/FreeRTOS/Source/tasks.c.obj
 .text.prvCheckTasksWaitingTermination
                0x00000000080061e4       0x4c CMakeFiles/QEADynamicPlanningSTM32.elf.dir/Middlewares/Third_Party/FreeRTOS/Source/tasks.c.obj
 .text.prvIdleTask
                0x0000000008006230       0x28 CMakeFiles/QEADynamicPlanningSTM32.elf.dir/Middlewares/Third_Party/FreeRTOS/Source/tasks.c.obj
 .text.prvAddCurrentTaskToDelayedList
                0x0000000008006258       0x7c CMakeFiles/QEADynamicPlanningSTM32.elf.dir/Middlewares/Third_Party/FreeRTOS/Source/tasks.c.obj
 .text.xTaskCreateStatic
                0x00000000080062d4       0x74 CMakeFiles/QEADynamicPlanningSTM32.elf.dir/Middlewares/Third_Party/FreeRTOS/Source/tasks.c.obj
                0x00000000080062d4                xTaskCreateStatic
 .text.xTaskCreate
                0x0000000008006348       0x68 CMakeFiles/QEADynamicPlanningSTM32.elf.dir/Middlewares/Third_Party/FreeRTOS/Source/tasks.c.obj
                0x0000000008006348                xTaskCreate
 .text.vTaskStartScheduler
                0x00000000080063b0       0x9c CMakeFiles/QEADynamicPlanningSTM32.elf.dir/Middlewares/Third_Party/FreeRTOS/Source/tasks.c.obj
                0x00000000080063b0                vTaskStartScheduler
 .text.vTaskSuspendAll
                0x000000000800644c       0x10 CMakeFiles/QEADynamicPlanningSTM32.elf.dir/Middlewares/Third_Party/FreeRTOS/Source/tasks.c.obj
                0x000000000800644c                vTaskSuspendAll
 .text.xTaskGetTickCount
                0x000000000800645c        0xc CMakeFiles/QEADynamicPlanningSTM32.elf.dir/Middlewares/Third_Party/FreeRTOS/Source/tasks.c.obj
                0x000000000800645c                xTaskGetTickCount
 .text.xTaskIncrementTick
                0x0000000008006468      0x118 CMakeFiles/QEADynamicPlanningSTM32.elf.dir/Middlewares/Third_Party/FreeRTOS/Source/tasks.c.obj
                0x0000000008006468                xTaskIncrementTick
 .text.xTaskResumeAll
                0x0000000008006580       0xf8 CMakeFiles/QEADynamicPlanningSTM32.elf.dir/Middlewares/Third_Party/FreeRTOS/Source/tasks.c.obj
                0x0000000008006580                xTaskResumeAll
 .text.vTaskDelay
                0x0000000008006678       0x4c CMakeFiles/QEADynamicPlanningSTM32.elf.dir/Middlewares/Third_Party/FreeRTOS/Source/tasks.c.obj
                0x0000000008006678                vTaskDelay
 .text.vTaskSwitchContext
                0x00000000080066c4       0x94 CMakeFiles/QEADynamicPlanningSTM32.elf.dir/Middlewares/Third_Party/FreeRTOS/Source/tasks.c.obj
                0x00000000080066c4                vTaskSwitchContext
 .text.vTaskPlaceOnEventList
                0x0000000008006758       0x30 CMakeFiles/QEADynamicPlanningSTM32.elf.dir/Middlewares/Third_Party/FreeRTOS/Source/tasks.c.obj
                0x0000000008006758                vTaskPlaceOnEventList
 .text.vTaskPlaceOnEventListRestricted
                0x0000000008006788       0x38 CMakeFiles/QEADynamicPlanningSTM32.elf.dir/Middlewares/Third_Party/FreeRTOS/Source/tasks.c.obj
                0x0000000008006788                vTaskPlaceOnEventListRestricted
 .text.xTaskRemoveFromEventList
                0x00000000080067c0       0x8c CMakeFiles/QEADynamicPlanningSTM32.elf.dir/Middlewares/Third_Party/FreeRTOS/Source/tasks.c.obj
                0x00000000080067c0                xTaskRemoveFromEventList
 .text.vTaskInternalSetTimeOutState
                0x000000000800684c       0x18 CMakeFiles/QEADynamicPlanningSTM32.elf.dir/Middlewares/Third_Party/FreeRTOS/Source/tasks.c.obj
                0x000000000800684c                vTaskInternalSetTimeOutState
 .text.xTaskCheckForTimeOut
                0x0000000008006864       0x84 CMakeFiles/QEADynamicPlanningSTM32.elf.dir/Middlewares/Third_Party/FreeRTOS/Source/tasks.c.obj
                0x0000000008006864                xTaskCheckForTimeOut
 .text.vTaskMissedYield
                0x00000000080068e8        0xc CMakeFiles/QEADynamicPlanningSTM32.elf.dir/Middlewares/Third_Party/FreeRTOS/Source/tasks.c.obj
                0x00000000080068e8                vTaskMissedYield
 .text.xTaskGetCurrentTaskHandle
                0x00000000080068f4        0xc CMakeFiles/QEADynamicPlanningSTM32.elf.dir/Middlewares/Third_Party/FreeRTOS/Source/tasks.c.obj
                0x00000000080068f4                xTaskGetCurrentTaskHandle
 .text.xTaskGetSchedulerState
                0x0000000008006900       0x20 CMakeFiles/QEADynamicPlanningSTM32.elf.dir/Middlewares/Third_Party/FreeRTOS/Source/tasks.c.obj
                0x0000000008006900                xTaskGetSchedulerState
 .text.xTaskPriorityInherit
                0x0000000008006920       0x98 CMakeFiles/QEADynamicPlanningSTM32.elf.dir/Middlewares/Third_Party/FreeRTOS/Source/tasks.c.obj
                0x0000000008006920                xTaskPriorityInherit
 .text.xTaskPriorityDisinherit
                0x00000000080069b8       0x90 CMakeFiles/QEADynamicPlanningSTM32.elf.dir/Middlewares/Third_Party/FreeRTOS/Source/tasks.c.obj
                0x00000000080069b8                xTaskPriorityDisinherit
 .text.vTaskPriorityDisinheritAfterTimeout
                0x0000000008006a48       0xa0 CMakeFiles/QEADynamicPlanningSTM32.elf.dir/Middlewares/Third_Party/FreeRTOS/Source/tasks.c.obj
                0x0000000008006a48                vTaskPriorityDisinheritAfterTimeout
 .text.pvTaskIncrementMutexHeldCount
                0x0000000008006ae8       0x1c CMakeFiles/QEADynamicPlanningSTM32.elf.dir/Middlewares/Third_Party/FreeRTOS/Source/tasks.c.obj
                0x0000000008006ae8                pvTaskIncrementMutexHeldCount
 .text.xTaskNotifyWait
                0x0000000008006b04       0x98 CMakeFiles/QEADynamicPlanningSTM32.elf.dir/Middlewares/Third_Party/FreeRTOS/Source/tasks.c.obj
                0x0000000008006b04                xTaskNotifyWait
 .text.xTaskGenericNotify
                0x0000000008006b9c       0xe4 CMakeFiles/QEADynamicPlanningSTM32.elf.dir/Middlewares/Third_Party/FreeRTOS/Source/tasks.c.obj
                0x0000000008006b9c                xTaskGenericNotify
 .text.xTaskGenericNotifyFromISR
                0x0000000008006c80      0x118 CMakeFiles/QEADynamicPlanningSTM32.elf.dir/Middlewares/Third_Party/FreeRTOS/Source/tasks.c.obj
                0x0000000008006c80                xTaskGenericNotifyFromISR
 .text.xTaskNotifyStateClear
                0x0000000008006d98       0x34 CMakeFiles/QEADynamicPlanningSTM32.elf.dir/Middlewares/Third_Party/FreeRTOS/Source/tasks.c.obj
                0x0000000008006d98                xTaskNotifyStateClear
 .text.prvGetNextExpireTime
                0x0000000008006dcc       0x20 CMakeFiles/QEADynamicPlanningSTM32.elf.dir/Middlewares/Third_Party/FreeRTOS/Source/timers.c.obj
 .text.prvInsertTimerInActiveList
                0x0000000008006dec       0x48 CMakeFiles/QEADynamicPlanningSTM32.elf.dir/Middlewares/Third_Party/FreeRTOS/Source/timers.c.obj
 .text.prvCheckForValidListAndQueue
                0x0000000008006e34       0x70 CMakeFiles/QEADynamicPlanningSTM32.elf.dir/Middlewares/Third_Party/FreeRTOS/Source/timers.c.obj
 .text.xTimerCreateTimerTask
                0x0000000008006ea4       0x64 CMakeFiles/QEADynamicPlanningSTM32.elf.dir/Middlewares/Third_Party/FreeRTOS/Source/timers.c.obj
                0x0000000008006ea4                xTimerCreateTimerTask
 .text.xTimerGenericCommand
                0x0000000008006f08       0x6c CMakeFiles/QEADynamicPlanningSTM32.elf.dir/Middlewares/Third_Party/FreeRTOS/Source/timers.c.obj
                0x0000000008006f08                xTimerGenericCommand
 .text.prvSwitchTimerLists
                0x0000000008006f74       0x78 CMakeFiles/QEADynamicPlanningSTM32.elf.dir/Middlewares/Third_Party/FreeRTOS/Source/timers.c.obj
 .text.prvSampleTimeNow
                0x0000000008006fec       0x2c CMakeFiles/QEADynamicPlanningSTM32.elf.dir/Middlewares/Third_Party/FreeRTOS/Source/timers.c.obj
 .text.prvProcessExpiredTimer
                0x0000000008007018       0x60 CMakeFiles/QEADynamicPlanningSTM32.elf.dir/Middlewares/Third_Party/FreeRTOS/Source/timers.c.obj
 .text.prvProcessTimerOrBlockTask
                0x0000000008007078       0x74 CMakeFiles/QEADynamicPlanningSTM32.elf.dir/Middlewares/Third_Party/FreeRTOS/Source/timers.c.obj
 .text.prvProcessReceivedCommands
                0x00000000080070ec       0xf8 CMakeFiles/QEADynamicPlanningSTM32.elf.dir/Middlewares/Third_Party/FreeRTOS/Source/timers.c.obj
 .text.prvTimerTask
                0x00000000080071e4       0x16 CMakeFiles/QEADynamicPlanningSTM32.elf.dir/Middlewares/Third_Party/FreeRTOS/Source/timers.c.obj
 *fill*         0x00000000080071fa        0x2 
 .text.__errno  0x00000000080071fc        0xc /Applications/ARM/bin/../lib/gcc/arm-none-eabi/10.3.1/../../../../arm-none-eabi/lib/thumb/v7-m/nofp/libg.a(lib_a-errno.o)
                0x00000000080071fc                __errno
 .text.__libc_init_array
                0x0000000008007208       0x48 /Applications/ARM/bin/../lib/gcc/arm-none-eabi/10.3.1/../../../../arm-none-eabi/lib/thumb/v7-m/nofp/libg.a(lib_a-init.o)
                0x0000000008007208                __libc_init_array
 .text.memset   0x0000000008007250       0xa4 /Applications/ARM/bin/../lib/gcc/arm-none-eabi/10.3.1/../../../../arm-none-eabi/lib/thumb/v7-m/nofp/libg.a(lib_a-memset.o)
                0x0000000008007250                memset
 .text.snprintf
                0x00000000080072f4       0x84 /Applications/ARM/bin/../lib/gcc/arm-none-eabi/10.3.1/../../../../arm-none-eabi/lib/thumb/v7-m/nofp/libg.a(lib_a-snprintf.o)
                0x00000000080072f4                snprintf
 .text.sscanf   0x0000000008007378       0x58 /Applications/ARM/bin/../lib/gcc/arm-none-eabi/10.3.1/../../../../arm-none-eabi/lib/thumb/v7-m/nofp/libg.a(lib_a-sscanf.o)
                0x0000000008007378                sscanf
 .text.__sread  0x00000000080073d0       0x24 /Applications/ARM/bin/../lib/gcc/arm-none-eabi/10.3.1/../../../../arm-none-eabi/lib/thumb/v7-m/nofp/libg.a(lib_a-stdio.o)
                0x00000000080073d0                __sread
 .text.__seofread
                0x00000000080073f4        0x4 /Applications/ARM/bin/../lib/gcc/arm-none-eabi/10.3.1/../../../../arm-none-eabi/lib/thumb/v7-m/nofp/libg.a(lib_a-stdio.o)
                0x00000000080073f4                __seofread
 .text.__swrite
                0x00000000080073f8       0x40 /Applications/ARM/bin/../lib/gcc/arm-none-eabi/10.3.1/../../../../arm-none-eabi/lib/thumb/v7-m/nofp/libg.a(lib_a-stdio.o)
                0x00000000080073f8                __swrite
 .text.__sseek  0x0000000008007438       0x20 /Applications/ARM/bin/../lib/gcc/arm-none-eabi/10.3.1/../../../../arm-none-eabi/lib/thumb/v7-m/nofp/libg.a(lib_a-stdio.o)
                0x0000000008007438                __sseek
 .text.__sclose
                0x0000000008007458        0x8 /Applications/ARM/bin/../lib/gcc/arm-none-eabi/10.3.1/../../../../arm-none-eabi/lib/thumb/v7-m/nofp/libg.a(lib_a-stdio.o)
                0x0000000008007458                __sclose
 .text.strlen   0x0000000008007460       0x5c /Applications/ARM/bin/../lib/gcc/arm-none-eabi/10.3.1/../../../../arm-none-eabi/lib/thumb/v7-m/nofp/libg.a(lib_a-strlen-stub.o)
                0x0000000008007460                strlen
 .text._svfprintf_r
                0x00000000080074bc     0x1aa4 /Applications/ARM/bin/../lib/gcc/arm-none-eabi/10.3.1/../../../../arm-none-eabi/lib/thumb/v7-m/nofp/libg.a(lib_a-svfprintf.o)
                0x00000000080074bc                _svfprintf_r
 .text.__ssvfscanf_r
                0x0000000008008f60     0x1700 /Applications/ARM/bin/../lib/gcc/arm-none-eabi/10.3.1/../../../../arm-none-eabi/lib/thumb/v7-m/nofp/libg.a(lib_a-svfscanf.o)
                0x0000000008008f60                __ssvfscanf_r
 .text._write_r
                0x000000000800a660       0x2c /Applications/ARM/bin/../lib/gcc/arm-none-eabi/10.3.1/../../../../arm-none-eabi/lib/thumb/v7-m/nofp/libg.a(lib_a-writer.o)
                0x000000000800a660                _write_r
 .text.startup.register_fini
                0x000000000800a68c       0x14 /Applications/ARM/bin/../lib/gcc/arm-none-eabi/10.3.1/../../../../arm-none-eabi/lib/thumb/v7-m/nofp/libg.a(lib_a-__call_atexit.o)
 .text.atexit   0x000000000800a6a0        0xc /Applications/ARM/bin/../lib/gcc/arm-none-eabi/10.3.1/../../../../arm-none-eabi/lib/thumb/v7-m/nofp/libg.a(lib_a-atexit.o)
                0x000000000800a6a0                atexit
 .text._close_r
                0x000000000800a6ac       0x24 /Applications/ARM/bin/../lib/gcc/arm-none-eabi/10.3.1/../../../../arm-none-eabi/lib/thumb/v7-m/nofp/libg.a(lib_a-closer.o)
                0x000000000800a6ac                _close_r
 .text.quorem   0x000000000800a6d0      0x12c /Applications/ARM/bin/../lib/gcc/arm-none-eabi/10.3.1/../../../../arm-none-eabi/lib/thumb/v7-m/nofp/libg.a(lib_a-dtoa.o)
 *fill*         0x000000000800a7fc        0x4 
 .text._dtoa_r  0x000000000800a800      0xecc /Applications/ARM/bin/../lib/gcc/arm-none-eabi/10.3.1/../../../../arm-none-eabi/lib/thumb/v7-m/nofp/libg.a(lib_a-dtoa.o)
                0x000000000800a800                _dtoa_r
 .text.__libc_fini_array
                0x000000000800b6cc       0x2c /Applications/ARM/bin/../lib/gcc/arm-none-eabi/10.3.1/../../../../arm-none-eabi/lib/thumb/v7-m/nofp/libg.a(lib_a-fini.o)
                0x000000000800b6cc                __libc_fini_array
 .text._malloc_trim_r
                0x000000000800b6f8       0xa0 /Applications/ARM/bin/../lib/gcc/arm-none-eabi/10.3.1/../../../../arm-none-eabi/lib/thumb/v7-m/nofp/libg.a(lib_a-freer.o)
                0x000000000800b6f8                _malloc_trim_r
 .text._free_r  0x000000000800b798      0x200 /Applications/ARM/bin/../lib/gcc/arm-none-eabi/10.3.1/../../../../arm-none-eabi/lib/thumb/v7-m/nofp/libg.a(lib_a-freer.o)
                0x000000000800b798                _free_r
 .text.iswspace
                0x000000000800b998        0x8 /Applications/ARM/bin/../lib/gcc/arm-none-eabi/10.3.1/../../../../arm-none-eabi/lib/thumb/v7-m/nofp/libg.a(lib_a-iswspace.o)
                0x000000000800b998                iswspace
 .text.iswspace_l
                0x000000000800b9a0       0x14 /Applications/ARM/bin/../lib/gcc/arm-none-eabi/10.3.1/../../../../arm-none-eabi/lib/thumb/v7-m/nofp/libg.a(lib_a-iswspace_l.o)
                0x000000000800b9a0                iswspace_l
 .text.__locale_mb_cur_max
                0x000000000800b9b4        0xc /Applications/ARM/bin/../lib/gcc/arm-none-eabi/10.3.1/../../../../arm-none-eabi/lib/thumb/v7-m/nofp/libg.a(lib_a-locale.o)
                0x000000000800b9b4                __locale_mb_cur_max
 .text._localeconv_r
                0x000000000800b9c0        0x8 /Applications/ARM/bin/../lib/gcc/arm-none-eabi/10.3.1/../../../../arm-none-eabi/lib/thumb/v7-m/nofp/libg.a(lib_a-localeconv.o)
                0x000000000800b9c0                _localeconv_r
 .text.__retarget_lock_init_recursive
                0x000000000800b9c8        0x4 /Applications/ARM/bin/../lib/gcc/arm-none-eabi/10.3.1/../../../../arm-none-eabi/lib/thumb/v7-m/nofp/libg.a(lib_a-lock.o)
                0x000000000800b9c8                __retarget_lock_init_recursive
 .text.__retarget_lock_close_recursive
                0x000000000800b9cc        0x4 /Applications/ARM/bin/../lib/gcc/arm-none-eabi/10.3.1/../../../../arm-none-eabi/lib/thumb/v7-m/nofp/libg.a(lib_a-lock.o)
                0x000000000800b9cc                __retarget_lock_close_recursive
 .text.__retarget_lock_acquire_recursive
                0x000000000800b9d0        0x4 /Applications/ARM/bin/../lib/gcc/arm-none-eabi/10.3.1/../../../../arm-none-eabi/lib/thumb/v7-m/nofp/libg.a(lib_a-lock.o)
                0x000000000800b9d0                __retarget_lock_acquire_recursive
 .text.__retarget_lock_release_recursive
                0x000000000800b9d4        0x4 /Applications/ARM/bin/../lib/gcc/arm-none-eabi/10.3.1/../../../../arm-none-eabi/lib/thumb/v7-m/nofp/libg.a(lib_a-lock.o)
                0x000000000800b9d4                __retarget_lock_release_recursive
 .text._lseek_r
                0x000000000800b9d8       0x2c /Applications/ARM/bin/../lib/gcc/arm-none-eabi/10.3.1/../../../../arm-none-eabi/lib/thumb/v7-m/nofp/libg.a(lib_a-lseekr.o)
                0x000000000800b9d8                _lseek_r
 .text.malloc   0x000000000800ba04       0x10 /Applications/ARM/bin/../lib/gcc/arm-none-eabi/10.3.1/../../../../arm-none-eabi/lib/thumb/v7-m/nofp/libg.a(lib_a-malloc.o)
                0x000000000800ba04                malloc
 .text.free     0x000000000800ba14       0x10 /Applications/ARM/bin/../lib/gcc/arm-none-eabi/10.3.1/../../../../arm-none-eabi/lib/thumb/v7-m/nofp/libg.a(lib_a-malloc.o)
                0x000000000800ba14                free
 .text._malloc_r
                0x000000000800ba24      0x558 /Applications/ARM/bin/../lib/gcc/arm-none-eabi/10.3.1/../../../../arm-none-eabi/lib/thumb/v7-m/nofp/libg.a(lib_a-mallocr.o)
                0x000000000800ba24                _malloc_r
 .text._mbrtowc_r
                0x000000000800bf7c       0x44 /Applications/ARM/bin/../lib/gcc/arm-none-eabi/10.3.1/../../../../arm-none-eabi/lib/thumb/v7-m/nofp/libg.a(lib_a-mbrtowc.o)
                0x000000000800bf7c                _mbrtowc_r
 .text.__ascii_mbtowc
                0x000000000800bfc0       0x2c /Applications/ARM/bin/../lib/gcc/arm-none-eabi/10.3.1/../../../../arm-none-eabi/lib/thumb/v7-m/nofp/libg.a(lib_a-mbtowc_r.o)
                0x000000000800bfc0                __ascii_mbtowc
 .text.memchr   0x000000000800bfec       0x90 /Applications/ARM/bin/../lib/gcc/arm-none-eabi/10.3.1/../../../../arm-none-eabi/lib/thumb/v7-m/nofp/libg.a(lib_a-memchr-stub.o)
                0x000000000800bfec                memchr
 .text.__malloc_lock
                0x000000000800c07c        0xc /Applications/ARM/bin/../lib/gcc/arm-none-eabi/10.3.1/../../../../arm-none-eabi/lib/thumb/v7-m/nofp/libg.a(lib_a-mlock.o)
                0x000000000800c07c                __malloc_lock
 .text.__malloc_unlock
                0x000000000800c088        0xc /Applications/ARM/bin/../lib/gcc/arm-none-eabi/10.3.1/../../../../arm-none-eabi/lib/thumb/v7-m/nofp/libg.a(lib_a-mlock.o)
                0x000000000800c088                __malloc_unlock
 .text._Balloc  0x000000000800c094       0x4c /Applications/ARM/bin/../lib/gcc/arm-none-eabi/10.3.1/../../../../arm-none-eabi/lib/thumb/v7-m/nofp/libg.a(lib_a-mprec.o)
                0x000000000800c094                _Balloc
 .text._Bfree   0x000000000800c0e0       0x14 /Applications/ARM/bin/../lib/gcc/arm-none-eabi/10.3.1/../../../../arm-none-eabi/lib/thumb/v7-m/nofp/libg.a(lib_a-mprec.o)
                0x000000000800c0e0                _Bfree
 .text.__multadd
                0x000000000800c0f4       0xa4 /Applications/ARM/bin/../lib/gcc/arm-none-eabi/10.3.1/../../../../arm-none-eabi/lib/thumb/v7-m/nofp/libg.a(lib_a-mprec.o)
                0x000000000800c0f4                __multadd
 .text.__s2b    0x000000000800c198       0xb4 /Applications/ARM/bin/../lib/gcc/arm-none-eabi/10.3.1/../../../../arm-none-eabi/lib/thumb/v7-m/nofp/libg.a(lib_a-mprec.o)
                0x000000000800c198                __s2b
 .text.__hi0bits
                0x000000000800c24c       0x40 /Applications/ARM/bin/../lib/gcc/arm-none-eabi/10.3.1/../../../../arm-none-eabi/lib/thumb/v7-m/nofp/libg.a(lib_a-mprec.o)
                0x000000000800c24c                __hi0bits
 .text.__lo0bits
                0x000000000800c28c       0x58 /Applications/ARM/bin/../lib/gcc/arm-none-eabi/10.3.1/../../../../arm-none-eabi/lib/thumb/v7-m/nofp/libg.a(lib_a-mprec.o)
                0x000000000800c28c                __lo0bits
 .text.__i2b    0x000000000800c2e4       0x5c /Applications/ARM/bin/../lib/gcc/arm-none-eabi/10.3.1/../../../../arm-none-eabi/lib/thumb/v7-m/nofp/libg.a(lib_a-mprec.o)
                0x000000000800c2e4                __i2b
 .text.__multiply
                0x000000000800c340      0x15c /Applications/ARM/bin/../lib/gcc/arm-none-eabi/10.3.1/../../../../arm-none-eabi/lib/thumb/v7-m/nofp/libg.a(lib_a-mprec.o)
                0x000000000800c340                __multiply
 .text.__pow5mult
                0x000000000800c49c       0xb8 /Applications/ARM/bin/../lib/gcc/arm-none-eabi/10.3.1/../../../../arm-none-eabi/lib/thumb/v7-m/nofp/libg.a(lib_a-mprec.o)
                0x000000000800c49c                __pow5mult
 .text.__lshift
                0x000000000800c554       0xec /Applications/ARM/bin/../lib/gcc/arm-none-eabi/10.3.1/../../../../arm-none-eabi/lib/thumb/v7-m/nofp/libg.a(lib_a-mprec.o)
                0x000000000800c554                __lshift
 .text.__mcmp   0x000000000800c640       0x40 /Applications/ARM/bin/../lib/gcc/arm-none-eabi/10.3.1/../../../../arm-none-eabi/lib/thumb/v7-m/nofp/libg.a(lib_a-mprec.o)
                0x000000000800c640                __mcmp
 .text.__mdiff  0x000000000800c680      0x14c /Applications/ARM/bin/../lib/gcc/arm-none-eabi/10.3.1/../../../../arm-none-eabi/lib/thumb/v7-m/nofp/libg.a(lib_a-mprec.o)
                0x000000000800c680                __mdiff
 .text.__ulp    0x000000000800c7cc       0x44 /Applications/ARM/bin/../lib/gcc/arm-none-eabi/10.3.1/../../../../arm-none-eabi/lib/thumb/v7-m/nofp/libg.a(lib_a-mprec.o)
                0x000000000800c7cc                __ulp
 .text.__b2d    0x000000000800c810       0xd0 /Applications/ARM/bin/../lib/gcc/arm-none-eabi/10.3.1/../../../../arm-none-eabi/lib/thumb/v7-m/nofp/libg.a(lib_a-mprec.o)
                0x000000000800c810                __b2d
 .text.__d2b    0x000000000800c8e0       0xc4 /Applications/ARM/bin/../lib/gcc/arm-none-eabi/10.3.1/../../../../arm-none-eabi/lib/thumb/v7-m/nofp/libg.a(lib_a-mprec.o)
                0x000000000800c8e0                __d2b
 .text.__ratio  0x000000000800c9a4       0x60 /Applications/ARM/bin/../lib/gcc/arm-none-eabi/10.3.1/../../../../arm-none-eabi/lib/thumb/v7-m/nofp/libg.a(lib_a-mprec.o)
                0x000000000800c9a4                __ratio
 .text.__copybits
                0x000000000800ca04       0x60 /Applications/ARM/bin/../lib/gcc/arm-none-eabi/10.3.1/../../../../arm-none-eabi/lib/thumb/v7-m/nofp/libg.a(lib_a-mprec.o)
                0x000000000800ca04                __copybits
 .text.__any_on
                0x000000000800ca64       0x60 /Applications/ARM/bin/../lib/gcc/arm-none-eabi/10.3.1/../../../../arm-none-eabi/lib/thumb/v7-m/nofp/libg.a(lib_a-mprec.o)
                0x000000000800ca64                __any_on
 .text._read_r  0x000000000800cac4       0x2c /Applications/ARM/bin/../lib/gcc/arm-none-eabi/10.3.1/../../../../arm-none-eabi/lib/thumb/v7-m/nofp/libg.a(lib_a-readr.o)
                0x000000000800cac4                _read_r
 .text.realloc  0x000000000800caf0       0x14 /Applications/ARM/bin/../lib/gcc/arm-none-eabi/10.3.1/../../../../arm-none-eabi/lib/thumb/v7-m/nofp/libg.a(lib_a-realloc.o)
                0x000000000800caf0                realloc
 .text._realloc_r
                0x000000000800cb04      0x3dc /Applications/ARM/bin/../lib/gcc/arm-none-eabi/10.3.1/../../../../arm-none-eabi/lib/thumb/v7-m/nofp/libg.a(lib_a-reallocr.o)
                0x000000000800cb04                _realloc_r
 .text.frexp    0x000000000800cee0       0x70 /Applications/ARM/bin/../lib/gcc/arm-none-eabi/10.3.1/../../../../arm-none-eabi/lib/thumb/v7-m/nofp/libg.a(lib_a-s_frexp.o)
                0x000000000800cee0                frexp
 .text._sbrk_r  0x000000000800cf50       0x24 /Applications/ARM/bin/../lib/gcc/arm-none-eabi/10.3.1/../../../../arm-none-eabi/lib/thumb/v7-m/nofp/libg.a(lib_a-sbrkr.o)
                0x000000000800cf50                _sbrk_r
 .text.__sccl   0x000000000800cf74       0x8c /Applications/ARM/bin/../lib/gcc/arm-none-eabi/10.3.1/../../../../arm-none-eabi/lib/thumb/v7-m/nofp/libg.a(lib_a-sccl.o)
                0x000000000800cf74                __sccl
 .text.nanf     0x000000000800d000        0x8 /Applications/ARM/bin/../lib/gcc/arm-none-eabi/10.3.1/../../../../arm-none-eabi/lib/thumb/v7-m/nofp/libg.a(lib_a-sf_nan.o)
                0x000000000800d000                nanf
 .text.sprintf  0x000000000800d008       0x44 /Applications/ARM/bin/../lib/gcc/arm-none-eabi/10.3.1/../../../../arm-none-eabi/lib/thumb/v7-m/nofp/libg.a(lib_a-sprintf.o)
                0x000000000800d008                sprintf
 .text.strncpy  0x000000000800d04c       0x68 /Applications/ARM/bin/../lib/gcc/arm-none-eabi/10.3.1/../../../../arm-none-eabi/lib/thumb/v7-m/nofp/libg.a(lib_a-strncpy.o)
                0x000000000800d04c                strncpy
 *fill*         0x000000000800d0b4        0x4 
 .text._strtod_l
                0x000000000800d0b8      0xf38 /Applications/ARM/bin/../lib/gcc/arm-none-eabi/10.3.1/../../../../arm-none-eabi/lib/thumb/v7-m/nofp/libg.a(lib_a-strtod.o)
                0x000000000800d0b8                _strtod_l
 .text._strtod_r
                0x000000000800dff0        0xc /Applications/ARM/bin/../lib/gcc/arm-none-eabi/10.3.1/../../../../arm-none-eabi/lib/thumb/v7-m/nofp/libg.a(lib_a-strtod.o)
                0x000000000800dff0                _strtod_r
 .text._strtol_l.part.0
                0x000000000800dffc      0x120 /Applications/ARM/bin/../lib/gcc/arm-none-eabi/10.3.1/../../../../arm-none-eabi/lib/thumb/v7-m/nofp/libg.a(lib_a-strtol.o)
 .text._strtol_r
                0x000000000800e11c       0x1c /Applications/ARM/bin/../lib/gcc/arm-none-eabi/10.3.1/../../../../arm-none-eabi/lib/thumb/v7-m/nofp/libg.a(lib_a-strtol.o)
                0x000000000800e11c                _strtol_r
 .text._strtoll_l.constprop.0
                0x000000000800e138      0x178 /Applications/ARM/bin/../lib/gcc/arm-none-eabi/10.3.1/../../../../arm-none-eabi/lib/thumb/v7-m/nofp/libg.a(lib_a-strtoll.o)
 .text._strtoll_r
                0x000000000800e2b0        0x4 /Applications/ARM/bin/../lib/gcc/arm-none-eabi/10.3.1/../../../../arm-none-eabi/lib/thumb/v7-m/nofp/libg.a(lib_a-strtoll.o)
                0x000000000800e2b0                _strtoll_r
 .text._strtoul_l.constprop.0
                0x000000000800e2b4      0x13c /Applications/ARM/bin/../lib/gcc/arm-none-eabi/10.3.1/../../../../arm-none-eabi/lib/thumb/v7-m/nofp/libg.a(lib_a-strtoul.o)
 .text._strtoul_r
                0x000000000800e3f0        0x4 /Applications/ARM/bin/../lib/gcc/arm-none-eabi/10.3.1/../../../../arm-none-eabi/lib/thumb/v7-m/nofp/libg.a(lib_a-strtoul.o)
                0x000000000800e3f0                _strtoul_r
 .text._strtoull_l.constprop.0
                0x000000000800e3f4      0x1a4 /Applications/ARM/bin/../lib/gcc/arm-none-eabi/10.3.1/../../../../arm-none-eabi/lib/thumb/v7-m/nofp/libg.a(lib_a-strtoull.o)
 .text._strtoull_r
                0x000000000800e598        0x4 /Applications/ARM/bin/../lib/gcc/arm-none-eabi/10.3.1/../../../../arm-none-eabi/lib/thumb/v7-m/nofp/libg.a(lib_a-strtoull.o)
                0x000000000800e598                _strtoull_r
 .text.__ssprint_r
                0x000000000800e59c       0xfc /Applications/ARM/bin/../lib/gcc/arm-none-eabi/10.3.1/../../../../arm-none-eabi/lib/thumb/v7-m/nofp/libg.a(lib_a-svfiprintf.o)
                0x000000000800e59c                __ssprint_r
 .text._sungetc_r
                0x000000000800e698       0x80 /Applications/ARM/bin/../lib/gcc/arm-none-eabi/10.3.1/../../../../arm-none-eabi/lib/thumb/v7-m/nofp/libg.a(lib_a-svfiscanf.o)
                0x000000000800e698                _sungetc_r
 .text.__ssrefill_r
                0x000000000800e718       0x3c /Applications/ARM/bin/../lib/gcc/arm-none-eabi/10.3.1/../../../../arm-none-eabi/lib/thumb/v7-m/nofp/libg.a(lib_a-svfiscanf.o)
                0x000000000800e718                __ssrefill_r
 .text._sfread_r
                0x000000000800e754       0xb4 /Applications/ARM/bin/../lib/gcc/arm-none-eabi/10.3.1/../../../../arm-none-eabi/lib/thumb/v7-m/nofp/libg.a(lib_a-svfiscanf.o)
                0x000000000800e754                _sfread_r
 .text.__submore
                0x000000000800e808       0x78 /Applications/ARM/bin/../lib/gcc/arm-none-eabi/10.3.1/../../../../arm-none-eabi/lib/thumb/v7-m/nofp/libg.a(lib_a-ungetc.o)
                0x000000000800e808                __submore
 .text.__ascii_wctomb
                0x000000000800e880       0x1c /Applications/ARM/bin/../lib/gcc/arm-none-eabi/10.3.1/../../../../arm-none-eabi/lib/thumb/v7-m/nofp/libg.a(lib_a-wctomb_r.o)
                0x000000000800e880                __ascii_wctomb
 .text.__register_exitproc
                0x000000000800e89c       0x8c /Applications/ARM/bin/../lib/gcc/arm-none-eabi/10.3.1/../../../../arm-none-eabi/lib/thumb/v7-m/nofp/libg.a(lib_a-__atexit.o)
                0x000000000800e89c                __register_exitproc
 .text.__assert_func
                0x000000000800e928       0x40 /Applications/ARM/bin/../lib/gcc/arm-none-eabi/10.3.1/../../../../arm-none-eabi/lib/thumb/v7-m/nofp/libg.a(lib_a-assert.o)
                0x000000000800e928                __assert_func
 .text._calloc_r
                0x000000000800e968       0x78 /Applications/ARM/bin/../lib/gcc/arm-none-eabi/10.3.1/../../../../arm-none-eabi/lib/thumb/v7-m/nofp/libg.a(lib_a-callocr.o)
                0x000000000800e968                _calloc_r
 .text.__sflush_r
                0x000000000800e9e0      0x124 /Applications/ARM/bin/../lib/gcc/arm-none-eabi/10.3.1/../../../../arm-none-eabi/lib/thumb/v7-m/nofp/libg.a(lib_a-fflush.o)
                0x000000000800e9e0                __sflush_r
 .text._fflush_r
                0x000000000800eb04       0x5c /Applications/ARM/bin/../lib/gcc/arm-none-eabi/10.3.1/../../../../arm-none-eabi/lib/thumb/v7-m/nofp/libg.a(lib_a-fflush.o)
                0x000000000800eb04                _fflush_r
 .text._cleanup_r
                0x000000000800eb60        0xc /Applications/ARM/bin/../lib/gcc/arm-none-eabi/10.3.1/../../../../arm-none-eabi/lib/thumb/v7-m/nofp/libg.a(lib_a-findfp.o)
                0x000000000800eb60                _cleanup_r
 .text.__sinit  0x000000000800eb6c      0x10c /Applications/ARM/bin/../lib/gcc/arm-none-eabi/10.3.1/../../../../arm-none-eabi/lib/thumb/v7-m/nofp/libg.a(lib_a-findfp.o)
                0x000000000800eb6c                __sinit
 .text.__sfp_lock_acquire
                0x000000000800ec78        0xc /Applications/ARM/bin/../lib/gcc/arm-none-eabi/10.3.1/../../../../arm-none-eabi/lib/thumb/v7-m/nofp/libg.a(lib_a-findfp.o)
                0x000000000800ec78                __sfp_lock_acquire
 .text.__sfp_lock_release
                0x000000000800ec84        0xc /Applications/ARM/bin/../lib/gcc/arm-none-eabi/10.3.1/../../../../arm-none-eabi/lib/thumb/v7-m/nofp/libg.a(lib_a-findfp.o)
                0x000000000800ec84                __sfp_lock_release
 .text.fiprintf
                0x000000000800ec90       0x28 /Applications/ARM/bin/../lib/gcc/arm-none-eabi/10.3.1/../../../../arm-none-eabi/lib/thumb/v7-m/nofp/libg.a(lib_a-fiprintf.o)
                0x000000000800ec90                fiprintf
 .text._fwalk_reent
                0x000000000800ecb8       0x48 /Applications/ARM/bin/../lib/gcc/arm-none-eabi/10.3.1/../../../../arm-none-eabi/lib/thumb/v7-m/nofp/libg.a(lib_a-fwalk.o)
                0x000000000800ecb8                _fwalk_reent
 .text.rshift   0x000000000800ed00       0xa4 /Applications/ARM/bin/../lib/gcc/arm-none-eabi/10.3.1/../../../../arm-none-eabi/lib/thumb/v7-m/nofp/libg.a(lib_a-gdtoa-gethex.o)
 .text.__gethex
                0x000000000800eda4      0x5c4 /Applications/ARM/bin/../lib/gcc/arm-none-eabi/10.3.1/../../../../arm-none-eabi/lib/thumb/v7-m/nofp/libg.a(lib_a-gdtoa-gethex.o)
                0x000000000800eda4                __gethex
 .text.__match  0x000000000800f368       0x34 /Applications/ARM/bin/../lib/gcc/arm-none-eabi/10.3.1/../../../../arm-none-eabi/lib/thumb/v7-m/nofp/libg.a(lib_a-gdtoa-hexnan.o)
                0x000000000800f368                __match
 .text.__hexnan
                0x000000000800f39c      0x1ac /Applications/ARM/bin/../lib/gcc/arm-none-eabi/10.3.1/../../../../arm-none-eabi/lib/thumb/v7-m/nofp/libg.a(lib_a-gdtoa-hexnan.o)
                0x000000000800f39c                __hexnan
 .text.memmove  0x000000000800f548       0xf8 /Applications/ARM/bin/../lib/gcc/arm-none-eabi/10.3.1/../../../../arm-none-eabi/lib/thumb/v7-m/nofp/libg.a(lib_a-memmove.o)
                0x000000000800f548                memmove
 .text.nan      0x000000000800f640        0xc /Applications/ARM/bin/../lib/gcc/arm-none-eabi/10.3.1/../../../../arm-none-eabi/lib/thumb/v7-m/nofp/libg.a(lib_a-s_nan.o)
                0x000000000800f640                nan
 .text.strncmp  0x000000000800f64c       0x7c /Applications/ARM/bin/../lib/gcc/arm-none-eabi/10.3.1/../../../../arm-none-eabi/lib/thumb/v7-m/nofp/libg.a(lib_a-strncmp.o)
                0x000000000800f64c                strncmp
 .text.__sprint_r.part.0
                0x000000000800f6c8       0x78 /Applications/ARM/bin/../lib/gcc/arm-none-eabi/10.3.1/../../../../arm-none-eabi/lib/thumb/v7-m/nofp/libg.a(lib_a-vfiprintf.o)
 .text._vfiprintf_r
                0x000000000800f740      0xd98 /Applications/ARM/bin/../lib/gcc/arm-none-eabi/10.3.1/../../../../arm-none-eabi/lib/thumb/v7-m/nofp/libg.a(lib_a-vfiprintf.o)
                0x000000000800f740                _vfiprintf_r
 .text.__sbprintf
                0x00000000080104d8       0x84 /Applications/ARM/bin/../lib/gcc/arm-none-eabi/10.3.1/../../../../arm-none-eabi/lib/thumb/v7-m/nofp/libg.a(lib_a-vfiprintf.o)
 .text.__swsetup_r
                0x000000000801055c       0xd4 /Applications/ARM/bin/../lib/gcc/arm-none-eabi/10.3.1/../../../../arm-none-eabi/lib/thumb/v7-m/nofp/libg.a(lib_a-wsetup.o)
                0x000000000801055c                __swsetup_r
 .text.abort    0x0000000008010630       0x10 /Applications/ARM/bin/../lib/gcc/arm-none-eabi/10.3.1/../../../../arm-none-eabi/lib/thumb/v7-m/nofp/libg.a(lib_a-abort.o)
                0x0000000008010630                abort
 .text._fclose_r
                0x0000000008010640       0xcc /Applications/ARM/bin/../lib/gcc/arm-none-eabi/10.3.1/../../../../arm-none-eabi/lib/thumb/v7-m/nofp/libg.a(lib_a-fclose.o)
                0x0000000008010640                _fclose_r
 .text.__fputwc
                0x000000000801070c       0xa0 /Applications/ARM/bin/../lib/gcc/arm-none-eabi/10.3.1/../../../../arm-none-eabi/lib/thumb/v7-m/nofp/libg.a(lib_a-fputwc.o)
                0x000000000801070c                __fputwc
 .text._fputwc_r
                0x00000000080107ac       0x68 /Applications/ARM/bin/../lib/gcc/arm-none-eabi/10.3.1/../../../../arm-none-eabi/lib/thumb/v7-m/nofp/libg.a(lib_a-fputwc.o)
                0x00000000080107ac                _fputwc_r
 .text.__sfvwrite_r
                0x0000000008010814      0x2f0 /Applications/ARM/bin/../lib/gcc/arm-none-eabi/10.3.1/../../../../arm-none-eabi/lib/thumb/v7-m/nofp/libg.a(lib_a-fvwrite.o)
                0x0000000008010814                __sfvwrite_r
 .text.__smakebuf_r
                0x0000000008010b04       0xe0 /Applications/ARM/bin/../lib/gcc/arm-none-eabi/10.3.1/../../../../arm-none-eabi/lib/thumb/v7-m/nofp/libg.a(lib_a-makebuf.o)
                0x0000000008010b04                __smakebuf_r
 .text.raise    0x0000000008010be4       0x5c /Applications/ARM/bin/../lib/gcc/arm-none-eabi/10.3.1/../../../../arm-none-eabi/lib/thumb/v7-m/nofp/libg.a(lib_a-signal.o)
                0x0000000008010be4                raise
 .text._kill_r  0x0000000008010c40       0x28 /Applications/ARM/bin/../lib/gcc/arm-none-eabi/10.3.1/../../../../arm-none-eabi/lib/thumb/v7-m/nofp/libg.a(lib_a-signalr.o)
                0x0000000008010c40                _kill_r
 .text._getpid_r
                0x0000000008010c68        0x4 /Applications/ARM/bin/../lib/gcc/arm-none-eabi/10.3.1/../../../../arm-none-eabi/lib/thumb/v7-m/nofp/libg.a(lib_a-signalr.o)
                0x0000000008010c68                _getpid_r
 .text.__swbuf_r
                0x0000000008010c6c       0xb0 /Applications/ARM/bin/../lib/gcc/arm-none-eabi/10.3.1/../../../../arm-none-eabi/lib/thumb/v7-m/nofp/libg.a(lib_a-wbuf.o)
                0x0000000008010c6c                __swbuf_r
 .text._wcrtomb_r
                0x0000000008010d1c       0x3c /Applications/ARM/bin/../lib/gcc/arm-none-eabi/10.3.1/../../../../arm-none-eabi/lib/thumb/v7-m/nofp/libg.a(lib_a-wcrtomb.o)
                0x0000000008010d1c                _wcrtomb_r
 .text._fstat_r
                0x0000000008010d58       0x28 /Applications/ARM/bin/../lib/gcc/arm-none-eabi/10.3.1/../../../../arm-none-eabi/lib/thumb/v7-m/nofp/libg.a(lib_a-fstatr.o)
                0x0000000008010d58                _fstat_r
 .text._isatty_r
                0x0000000008010d80       0x24 /Applications/ARM/bin/../lib/gcc/arm-none-eabi/10.3.1/../../../../arm-none-eabi/lib/thumb/v7-m/nofp/libg.a(lib_a-isattyr.o)
                0x0000000008010d80                _isatty_r
 .text.fmod     0x0000000008010da4       0x58 /Applications/ARM/bin/../lib/gcc/arm-none-eabi/10.3.1/../../../../arm-none-eabi/lib/thumb/v7-m/nofp/libm.a(lib_a-w_fmod.o)
                0x0000000008010da4                fmod
 .text.__ieee754_fmod
                0x0000000008010dfc      0x294 /Applications/ARM/bin/../lib/gcc/arm-none-eabi/10.3.1/../../../../arm-none-eabi/lib/thumb/v7-m/nofp/libm.a(lib_a-e_fmod.o)